Build started 23/11/2025 20:26:18.
     1>Project "R:\maliev\Maliev.CurrencyService\Maliev.CurrencyService.sln" on node 1 (VSTest target(s)).
     1>ValidateSolutionConfiguration:
         Building solution configuration "Debug|Any CPU".
Test run for R:\maliev\Maliev.CurrencyService\Maliev.CurrencyService.Tests\bin\Debug\net10.0\Maliev.CurrencyService.Tests.dll (.NETCoreApp,Version=v10.0)
VSTest version 18.0.1- (x64)

Starting test execution, please wait...
A total of 1 test files matched the specified pattern.
[xUnit.net 00:00:00.00] xUnit.net VSTest Adapter v2.8.2+699d445a1a (64-bit .NET 10.0.0)
[xUnit.net 00:00:01.01]   Discovering: Maliev.CurrencyService.Tests
[xUnit.net 00:00:01.07]   Discovered:  Maliev.CurrencyService.Tests
[xUnit.net 00:00:01.08]   Starting:    Maliev.CurrencyService.Tests
[testcontainers.org 00:00:00.06] Connected to Docker:
  Host: npipe://./pipe/docker_engine
  Server Version: 28.5.2
  Kernel Version: 5.15.153.1-microsoft-standard-WSL2
  API Version: 1.51
  Operating System: Docker Desktop
  Total Memory: 15.54 GB
  Labels: 
    com.docker.desktop.address=npipe://\\.\pipe\docker_cli
[testcontainers.org 00:00:00.24] Docker container ddcf50e1a523 created
[testcontainers.org 00:00:00.28] Start Docker container ddcf50e1a523
[testcontainers.org 00:00:00.54] Wait for Docker container ddcf50e1a523 to complete readiness checks
[testcontainers.org 00:00:00.55] Docker container ddcf50e1a523 ready
[testcontainers.org 00:00:00.61] Docker container 5ec486b3b9a4 created
[testcontainers.org 00:00:00.62] Start Docker container 5ec486b3b9a4
[testcontainers.org 00:00:00.89] Wait for Docker container 5ec486b3b9a4 to complete readiness checks
[testcontainers.org 00:00:00.90] Execute "pg_isready --host localhost --dbname currency_app_db --username postgres" at Docker container 5ec486b3b9a4
[testcontainers.org 00:00:01.99] Execute "pg_isready --host localhost --dbname currency_app_db --username postgres" at Docker container 5ec486b3b9a4
[testcontainers.org 00:00:03.05] Execute "pg_isready --host localhost --dbname currency_app_db --username postgres" at Docker container 5ec486b3b9a4
[testcontainers.org 00:00:03.09] Docker container 5ec486b3b9a4 ready
2025-11-23 20:26:32.708 +07:00 [ERR]  Microsoft.EntityFrameworkCore.Database.Command Failed executing DbCommand (23ms) [Parameters=[], CommandType='Text', CommandTimeout='30']
SELECT migration_id, product_version
FROM "__EFMigrationsHistory"
ORDER BY migration_id;
2025-11-23 20:26:34.905 +07:00 [ERR]  Maliev.CurrencyService.Api.Services.External.FawazahmedProvider Fawazahmed API JSON parsing failed for THB:USD
System.Text.Json.JsonException: The JSON value could not be converted to System.Collections.Generic.Dictionary`2[System.String,System.Decimal]. Path: $.date | LineNumber: 1 | BytePositionInLine: 21.
   at System.Text.Json.ThrowHelper.ThrowJsonException_DeserializeUnableToConvertValue(Type propertyType)
   at System.Text.Json.Serialization.JsonDictionaryConverter`3.OnTryRead(Utf8JsonReader& reader, Type typeToConvert, JsonSerializerOptions options, ReadStack& state, TDictionary& value)
   at System.Text.Json.Serialization.JsonConverter`1.TryRead(Utf8JsonReader& reader, Type typeToConvert, JsonSerializerOptions options, ReadStack& state, T& value, Boolean& isPopulatedValue)
   at System.Text.Json.Serialization.JsonDictionaryConverter`3.OnTryRead(Utf8JsonReader& reader, Type typeToConvert, JsonSerializerOptions options, ReadStack& state, TDictionary& value)
   at System.Text.Json.Serialization.JsonConverter`1.TryRead(Utf8JsonReader& reader, Type typeToConvert, JsonSerializerOptions options, ReadStack& state, T& value, Boolean& isPopulatedValue)
   at System.Text.Json.Serialization.JsonConverter`1.ReadCore(Utf8JsonReader& reader, T& value, JsonSerializerOptions options, ReadStack& state)
   at System.Text.Json.Serialization.Metadata.JsonTypeInfo`1.Deserialize(Utf8JsonReader& reader, ReadStack& state)
   at System.Text.Json.JsonSerializer.ReadFromSpan[TValue](ReadOnlySpan`1 utf8Json, JsonTypeInfo`1 jsonTypeInfo, Nullable`1 actualByteCount)
   at System.Text.Json.JsonSerializer.ReadFromSpan[TValue](ReadOnlySpan`1 json, JsonTypeInfo`1 jsonTypeInfo)
   at System.Text.Json.JsonSerializer.Deserialize[TValue](String json, JsonSerializerOptions options)
   at Maliev.CurrencyService.Api.Services.External.FawazahmedProvider.GetRateAsync(String fromCurrency, String toCurrency, CancellationToken cancellationToken) in R:\maliev\Maliev.CurrencyService\Maliev.CurrencyService.Api\Services\External\FawazahmedProvider.cs:line 59
2025-11-23 20:26:34.981 +07:00 [WRN]  Maliev.CurrencyService.Api.Services.External.ProviderChain Provider fallback: Fawazahmed  Frankfurter (THB failed, using USD)
2025-11-23 20:26:35.057 +07:00 [ERR]  Maliev.CurrencyService.Api.Services.External.FawazahmedProvider Fawazahmed API JSON parsing failed for USD:EUR
System.Text.Json.JsonException: The JSON value could not be converted to System.Collections.Generic.Dictionary`2[System.String,System.Decimal]. Path: $.date | LineNumber: 1 | BytePositionInLine: 21.
   at System.Text.Json.ThrowHelper.ThrowJsonException_DeserializeUnableToConvertValue(Type propertyType)
   at System.Text.Json.Serialization.JsonDictionaryConverter`3.OnTryRead(Utf8JsonReader& reader, Type typeToConvert, JsonSerializerOptions options, ReadStack& state, TDictionary& value)
   at System.Text.Json.Serialization.JsonConverter`1.TryRead(Utf8JsonReader& reader, Type typeToConvert, JsonSerializerOptions options, ReadStack& state, T& value, Boolean& isPopulatedValue)
   at System.Text.Json.Serialization.JsonDictionaryConverter`3.OnTryRead(Utf8JsonReader& reader, Type typeToConvert, JsonSerializerOptions options, ReadStack& state, TDictionary& value)
   at System.Text.Json.Serialization.JsonConverter`1.TryRead(Utf8JsonReader& reader, Type typeToConvert, JsonSerializerOptions options, ReadStack& state, T& value, Boolean& isPopulatedValue)
   at System.Text.Json.Serialization.JsonConverter`1.ReadCore(Utf8JsonReader& reader, T& value, JsonSerializerOptions options, ReadStack& state)
   at System.Text.Json.Serialization.Metadata.JsonTypeInfo`1.Deserialize(Utf8JsonReader& reader, ReadStack& state)
   at System.Text.Json.JsonSerializer.ReadFromSpan[TValue](ReadOnlySpan`1 utf8Json, JsonTypeInfo`1 jsonTypeInfo, Nullable`1 actualByteCount)
   at System.Text.Json.JsonSerializer.ReadFromSpan[TValue](ReadOnlySpan`1 json, JsonTypeInfo`1 jsonTypeInfo)
   at System.Text.Json.JsonSerializer.Deserialize[TValue](String json, JsonSerializerOptions options)
   at Maliev.CurrencyService.Api.Services.External.FawazahmedProvider.GetRateAsync(String fromCurrency, String toCurrency, CancellationToken cancellationToken) in R:\maliev\Maliev.CurrencyService\Maliev.CurrencyService.Api\Services\External\FawazahmedProvider.cs:line 59
2025-11-23 20:26:35.068 +07:00 [WRN]  Maliev.CurrencyService.Api.Services.External.ProviderChain Provider fallback: Fawazahmed  Frankfurter (USD failed, using EUR)
2025-11-23 20:26:35.103 +07:00 [ERR]  Maliev.CurrencyService.Api.Services.External.FawazahmedProvider Fawazahmed API JSON parsing failed for GBP:JPY
System.Text.Json.JsonException: The JSON value could not be converted to System.Collections.Generic.Dictionary`2[System.String,System.Decimal]. Path: $.date | LineNumber: 1 | BytePositionInLine: 21.
   at System.Text.Json.ThrowHelper.ThrowJsonException_DeserializeUnableToConvertValue(Type propertyType)
   at System.Text.Json.Serialization.JsonDictionaryConverter`3.OnTryRead(Utf8JsonReader& reader, Type typeToConvert, JsonSerializerOptions options, ReadStack& state, TDictionary& value)
   at System.Text.Json.Serialization.JsonConverter`1.TryRead(Utf8JsonReader& reader, Type typeToConvert, JsonSerializerOptions options, ReadStack& state, T& value, Boolean& isPopulatedValue)
   at System.Text.Json.Serialization.JsonDictionaryConverter`3.OnTryRead(Utf8JsonReader& reader, Type typeToConvert, JsonSerializerOptions options, ReadStack& state, TDictionary& value)
   at System.Text.Json.Serialization.JsonConverter`1.TryRead(Utf8JsonReader& reader, Type typeToConvert, JsonSerializerOptions options, ReadStack& state, T& value, Boolean& isPopulatedValue)
   at System.Text.Json.Serialization.JsonConverter`1.ReadCore(Utf8JsonReader& reader, T& value, JsonSerializerOptions options, ReadStack& state)
   at System.Text.Json.Serialization.Metadata.JsonTypeInfo`1.Deserialize(Utf8JsonReader& reader, ReadStack& state)
   at System.Text.Json.JsonSerializer.ReadFromSpan[TValue](ReadOnlySpan`1 utf8Json, JsonTypeInfo`1 jsonTypeInfo, Nullable`1 actualByteCount)
   at System.Text.Json.JsonSerializer.ReadFromSpan[TValue](ReadOnlySpan`1 json, JsonTypeInfo`1 jsonTypeInfo)
   at System.Text.Json.JsonSerializer.Deserialize[TValue](String json, JsonSerializerOptions options)
   at Maliev.CurrencyService.Api.Services.External.FawazahmedProvider.GetRateAsync(String fromCurrency, String toCurrency, CancellationToken cancellationToken) in R:\maliev\Maliev.CurrencyService\Maliev.CurrencyService.Api\Services\External\FawazahmedProvider.cs:line 59
2025-11-23 20:26:35.114 +07:00 [WRN]  Maliev.CurrencyService.Api.Services.External.ProviderChain Provider fallback: Fawazahmed  Frankfurter (GBP failed, using JPY)
2025-11-23 20:26:35.137 +07:00 [ERR]  Maliev.CurrencyService.Api.Services.External.FawazahmedProvider Fawazahmed API JSON parsing failed for EUR:THB
System.Text.Json.JsonException: The JSON value could not be converted to System.Collections.Generic.Dictionary`2[System.String,System.Decimal]. Path: $.date | LineNumber: 1 | BytePositionInLine: 21.
   at System.Text.Json.ThrowHelper.ThrowJsonException_DeserializeUnableToConvertValue(Type propertyType)
   at System.Text.Json.Serialization.JsonDictionaryConverter`3.OnTryRead(Utf8JsonReader& reader, Type typeToConvert, JsonSerializerOptions options, ReadStack& state, TDictionary& value)
   at System.Text.Json.Serialization.JsonConverter`1.TryRead(Utf8JsonReader& reader, Type typeToConvert, JsonSerializerOptions options, ReadStack& state, T& value, Boolean& isPopulatedValue)
   at System.Text.Json.Serialization.JsonDictionaryConverter`3.OnTryRead(Utf8JsonReader& reader, Type typeToConvert, JsonSerializerOptions options, ReadStack& state, TDictionary& value)
   at System.Text.Json.Serialization.JsonConverter`1.TryRead(Utf8JsonReader& reader, Type typeToConvert, JsonSerializerOptions options, ReadStack& state, T& value, Boolean& isPopulatedValue)
   at System.Text.Json.Serialization.JsonConverter`1.ReadCore(Utf8JsonReader& reader, T& value, JsonSerializerOptions options, ReadStack& state)
   at System.Text.Json.Serialization.Metadata.JsonTypeInfo`1.Deserialize(Utf8JsonReader& reader, ReadStack& state)
   at System.Text.Json.JsonSerializer.ReadFromSpan[TValue](ReadOnlySpan`1 utf8Json, JsonTypeInfo`1 jsonTypeInfo, Nullable`1 actualByteCount)
   at System.Text.Json.JsonSerializer.ReadFromSpan[TValue](ReadOnlySpan`1 json, JsonTypeInfo`1 jsonTypeInfo)
   at System.Text.Json.JsonSerializer.Deserialize[TValue](String json, JsonSerializerOptions options)
   at Maliev.CurrencyService.Api.Services.External.FawazahmedProvider.GetRateAsync(String fromCurrency, String toCurrency, CancellationToken cancellationToken) in R:\maliev\Maliev.CurrencyService\Maliev.CurrencyService.Api\Services\External\FawazahmedProvider.cs:line 59
2025-11-23 20:26:35.152 +07:00 [WRN]  Maliev.CurrencyService.Api.Services.External.ProviderChain Provider fallback: Fawazahmed  Frankfurter (EUR failed, using THB)
2025-11-23 20:26:35.181 +07:00 [ERR]  Maliev.CurrencyService.Api.Services.External.FawazahmedProvider Fawazahmed API JSON parsing failed for USD:THB
System.Text.Json.JsonException: The JSON value could not be converted to System.Collections.Generic.Dictionary`2[System.String,System.Decimal]. Path: $.date | LineNumber: 1 | BytePositionInLine: 21.
   at System.Text.Json.ThrowHelper.ThrowJsonException_DeserializeUnableToConvertValue(Type propertyType)
   at System.Text.Json.Serialization.JsonDictionaryConverter`3.OnTryRead(Utf8JsonReader& reader, Type typeToConvert, JsonSerializerOptions options, ReadStack& state, TDictionary& value)
   at System.Text.Json.Serialization.JsonConverter`1.TryRead(Utf8JsonReader& reader, Type typeToConvert, JsonSerializerOptions options, ReadStack& state, T& value, Boolean& isPopulatedValue)
   at System.Text.Json.Serialization.JsonDictionaryConverter`3.OnTryRead(Utf8JsonReader& reader, Type typeToConvert, JsonSerializerOptions options, ReadStack& state, TDictionary& value)
   at System.Text.Json.Serialization.JsonConverter`1.TryRead(Utf8JsonReader& reader, Type typeToConvert, JsonSerializerOptions options, ReadStack& state, T& value, Boolean& isPopulatedValue)
   at System.Text.Json.Serialization.JsonConverter`1.ReadCore(Utf8JsonReader& reader, T& value, JsonSerializerOptions options, ReadStack& state)
   at System.Text.Json.Serialization.Metadata.JsonTypeInfo`1.Deserialize(Utf8JsonReader& reader, ReadStack& state)
   at System.Text.Json.JsonSerializer.ReadFromSpan[TValue](ReadOnlySpan`1 utf8Json, JsonTypeInfo`1 jsonTypeInfo, Nullable`1 actualByteCount)
   at System.Text.Json.JsonSerializer.ReadFromSpan[TValue](ReadOnlySpan`1 json, JsonTypeInfo`1 jsonTypeInfo)
   at System.Text.Json.JsonSerializer.Deserialize[TValue](String json, JsonSerializerOptions options)
   at Maliev.CurrencyService.Api.Services.External.FawazahmedProvider.GetRateAsync(String fromCurrency, String toCurrency, CancellationToken cancellationToken) in R:\maliev\Maliev.CurrencyService\Maliev.CurrencyService.Api\Services\External\FawazahmedProvider.cs:line 59
2025-11-23 20:26:35.193 +07:00 [WRN]  Maliev.CurrencyService.Api.Services.External.ProviderChain Provider fallback: Fawazahmed  Frankfurter (USD failed, using THB)
2025-11-23 20:26:35.468 +07:00 [WRN]  Maliev.CurrencyService.Api.Controllers.CurrenciesController Currency not found with ID: 019ab0e5-1885-7af7-8872-4b95e4fcbb71
2025-11-23 20:26:35.564 +07:00 [ERR]  Maliev.CurrencyService.Api.Services.External.FawazahmedProvider Fawazahmed API JSON parsing failed for GBP:USD
System.Text.Json.JsonException: The JSON value could not be converted to System.Collections.Generic.Dictionary`2[System.String,System.Decimal]. Path: $.date | LineNumber: 1 | BytePositionInLine: 21.
   at System.Text.Json.ThrowHelper.ThrowJsonException_DeserializeUnableToConvertValue(Type propertyType)
   at System.Text.Json.Serialization.JsonDictionaryConverter`3.OnTryRead(Utf8JsonReader& reader, Type typeToConvert, JsonSerializerOptions options, ReadStack& state, TDictionary& value)
   at System.Text.Json.Serialization.JsonConverter`1.TryRead(Utf8JsonReader& reader, Type typeToConvert, JsonSerializerOptions options, ReadStack& state, T& value, Boolean& isPopulatedValue)
   at System.Text.Json.Serialization.JsonDictionaryConverter`3.OnTryRead(Utf8JsonReader& reader, Type typeToConvert, JsonSerializerOptions options, ReadStack& state, TDictionary& value)
   at System.Text.Json.Serialization.JsonConverter`1.TryRead(Utf8JsonReader& reader, Type typeToConvert, JsonSerializerOptions options, ReadStack& state, T& value, Boolean& isPopulatedValue)
   at System.Text.Json.Serialization.JsonConverter`1.ReadCore(Utf8JsonReader& reader, T& value, JsonSerializerOptions options, ReadStack& state)
   at System.Text.Json.Serialization.Metadata.JsonTypeInfo`1.Deserialize(Utf8JsonReader& reader, ReadStack& state)
   at System.Text.Json.JsonSerializer.ReadFromSpan[TValue](ReadOnlySpan`1 utf8Json, JsonTypeInfo`1 jsonTypeInfo, Nullable`1 actualByteCount)
   at System.Text.Json.JsonSerializer.ReadFromSpan[TValue](ReadOnlySpan`1 json, JsonTypeInfo`1 jsonTypeInfo)
   at System.Text.Json.JsonSerializer.Deserialize[TValue](String json, JsonSerializerOptions options)
   at Maliev.CurrencyService.Api.Services.External.FawazahmedProvider.GetRateAsync(String fromCurrency, String toCurrency, CancellationToken cancellationToken) in R:\maliev\Maliev.CurrencyService\Maliev.CurrencyService.Api\Services\External\FawazahmedProvider.cs:line 59
2025-11-23 20:26:35.599 +07:00 [WRN]  Maliev.CurrencyService.Api.Services.External.ProviderChain Provider fallback: Fawazahmed  Frankfurter (GBP failed, using USD)
2025-11-23 20:26:35.833 +07:00 [ERR]  Maliev.CurrencyService.Api.Services.External.FawazahmedProvider Fawazahmed API JSON parsing failed for JPY:THB
System.Text.Json.JsonException: The JSON value could not be converted to System.Collections.Generic.Dictionary`2[System.String,System.Decimal]. Path: $.date | LineNumber: 1 | BytePositionInLine: 21.
   at System.Text.Json.ThrowHelper.ThrowJsonException_DeserializeUnableToConvertValue(Type propertyType)
   at System.Text.Json.Serialization.JsonDictionaryConverter`3.OnTryRead(Utf8JsonReader& reader, Type typeToConvert, JsonSerializerOptions options, ReadStack& state, TDictionary& value)
   at System.Text.Json.Serialization.JsonConverter`1.TryRead(Utf8JsonReader& reader, Type typeToConvert, JsonSerializerOptions options, ReadStack& state, T& value, Boolean& isPopulatedValue)
   at System.Text.Json.Serialization.JsonDictionaryConverter`3.OnTryRead(Utf8JsonReader& reader, Type typeToConvert, JsonSerializerOptions options, ReadStack& state, TDictionary& value)
   at System.Text.Json.Serialization.JsonConverter`1.TryRead(Utf8JsonReader& reader, Type typeToConvert, JsonSerializerOptions options, ReadStack& state, T& value, Boolean& isPopulatedValue)
   at System.Text.Json.Serialization.JsonConverter`1.ReadCore(Utf8JsonReader& reader, T& value, JsonSerializerOptions options, ReadStack& state)
   at System.Text.Json.Serialization.Metadata.JsonTypeInfo`1.Deserialize(Utf8JsonReader& reader, ReadStack& state)
   at System.Text.Json.JsonSerializer.ReadFromSpan[TValue](ReadOnlySpan`1 utf8Json, JsonTypeInfo`1 jsonTypeInfo, Nullable`1 actualByteCount)
   at System.Text.Json.JsonSerializer.ReadFromSpan[TValue](ReadOnlySpan`1 json, JsonTypeInfo`1 jsonTypeInfo)
   at System.Text.Json.JsonSerializer.Deserialize[TValue](String json, JsonSerializerOptions options)
   at Maliev.CurrencyService.Api.Services.External.FawazahmedProvider.GetRateAsync(String fromCurrency, String toCurrency, CancellationToken cancellationToken) in R:\maliev\Maliev.CurrencyService\Maliev.CurrencyService.Api\Services\External\FawazahmedProvider.cs:line 59
2025-11-23 20:26:35.844 +07:00 [WRN]  Maliev.CurrencyService.Api.Services.External.ProviderChain Provider fallback: Fawazahmed  Frankfurter (JPY failed, using THB)
[xUnit.net 00:00:14.44]       Expected healthReport.Checks {["database"] = Maliev.CurrencyService.Tests.HealthCheckEntry
[xUnit.net 00:00:14.44]           {
[xUnit.net 00:00:14.44]               Data = <null>, 
[xUnit.net 00:00:14.44]               Description = "Database is healthy with 7 currencies", 
[xUnit.net 00:00:14.44]               Duration = 3ms and 35.4µs, 
[xUnit.net 00:00:14.44]               Exception = <null>, 
[xUnit.net 00:00:14.44]               Status = "Healthy"
[xUnit.net 00:00:14.44]           }, ["redis"] = Maliev.CurrencyService.Tests.HealthCheckEntry
[xUnit.net 00:00:14.44]           {
[xUnit.net 00:00:14.44]               Data = <null>, 
[xUnit.net 00:00:14.44]               Description = "Using in-memory cache (Testing mode)", 
[xUnit.net 00:00:14.44]               Duration = 10.9µs, 
[xUnit.net 00:00:14.44]               Exception = <null>, 
[xUnit.net 00:00:14.44]               Status = "Healthy"
[xUnit.net 00:00:14.44]           }
[xUnit.net 00:00:14.44]       }
[xUnit.net 00:00:14.44]        to contain key "cache".
[xUnit.net 00:00:14.44]       Stack Trace:
[xUnit.net 00:00:14.44]            at FluentAssertions.Execution.XUnit2TestFramework.Throw(String message)
[xUnit.net 00:00:14.44]            at FluentAssertions.Execution.TestFrameworkProvider.Throw(String message)
[xUnit.net 00:00:14.44]            at FluentAssertions.Execution.DefaultAssertionStrategy.HandleFailure(String message)
[xUnit.net 00:00:14.44]            at FluentAssertions.Execution.AssertionScope.FailWith(Func`1 failReasonFunc)
[xUnit.net 00:00:14.44]            at FluentAssertions.Execution.AssertionScope.FailWith(Func`1 failReasonFunc)
[xUnit.net 00:00:14.44]            at FluentAssertions.Execution.AssertionScope.FailWith(String message, Object[] args)
[xUnit.net 00:00:14.44]            at FluentAssertions.Collections.GenericDictionaryAssertions`4.ContainKeys(IEnumerable`1 expected, String because, Object[] becauseArgs)
[xUnit.net 00:00:14.44]            at FluentAssertions.Collections.GenericDictionaryAssertions`4.ContainKey(TKey expected, String because, Object[] becauseArgs)
[xUnit.net 00:00:14.44]         R:\maliev\Maliev.CurrencyService\Maliev.CurrencyService.Tests\HealthAndObservabilityTests.cs(85,0): at Maliev.CurrencyService.Tests.HealthAndObservabilityTests.FR051_Given_AllDependenciesHealthy_When_ReadinessChecked_Then_Returns200()
[xUnit.net 00:00:14.44]         --- End of stack trace from previous location ---
  Passed Maliev.CurrencyService.Tests.HealthAndObservabilityTests.FR053_Given_DeleteOperation_When_Executed_Then_LogsOperation [310 ms]
  Passed Maliev.CurrencyService.Tests.HealthAndObservabilityTests.FR054_Given_MultipleProviderCalls_When_MetricsQueried_Then_ShowsProviderBreakdown [392 ms]
  Passed Maliev.CurrencyService.Tests.HealthAndObservabilityTests.Integration_Given_HighLoad_When_ObservabilityEndpointsQueried_Then_RemainResponsive [205 ms]
  Passed Maliev.CurrencyService.Tests.HealthAndObservabilityTests.FR053_Given_AdminOperation_When_Executed_Then_LogsUserIdentifierAndTimestamp [10 ms]
  Passed Maliev.CurrencyService.Tests.HealthAndObservabilityTests.FR052_Given_ProviderCalls_When_MetricsQueried_Then_IncludesProviderMetrics [9 ms]
  Passed Maliev.CurrencyService.Tests.HealthAndObservabilityTests.FR051_Given_ReadinessEndpoint_When_Requested_Then_IncludesDetailedHealthInfo [16 ms]
  Failed Maliev.CurrencyService.Tests.HealthAndObservabilityTests.FR051_Given_AllDependenciesHealthy_When_ReadinessChecked_Then_Returns200 [381 ms]
  Error Message:
   Expected healthReport.Checks {["database"] = Maliev.CurrencyService.Tests.HealthCheckEntry
    {
        Data = <null>, 
        Description = "Database is healthy with 7 currencies", 
        Duration = 3ms and 35.4µs, 
        Exception = <null>, 
        Status = "Healthy"
    }, ["redis"] = Maliev.CurrencyService.Tests.HealthCheckEntry
    {
        Data = <null>, 
        Description = "Using in-memory cache (Testing mode)", 
        Duration = 10.9µs, 
        Exception = <null>, 
        Status = "Healthy"
    }
}
 to contain key "cache".
  Stack Trace:
     at FluentAssertions.Execution.XUnit2TestFramework.Throw(String message)
   at FluentAssertions.Execution.TestFrameworkProvider.Throw(String message)
   at FluentAssertions.Execution.DefaultAssertionStrategy.HandleFailure(String message)
   at FluentAssertions.Execution.AssertionScope.FailWith(Func`1 failReasonFunc)
   at FluentAssertions.Execution.AssertionScope.FailWith(Func`1 failReasonFunc)
   at FluentAssertions.Execution.AssertionScope.FailWith(String message, Object[] args)
   at FluentAssertions.Collections.GenericDictionaryAssertions`4.ContainKeys(IEnumerable`1 expected, String because, Object[] becauseArgs)
   at FluentAssertions.Collections.GenericDictionaryAssertions`4.ContainKey(TKey expected, String because, Object[] becauseArgs)
   at Maliev.CurrencyService.Tests.HealthAndObservabilityTests.FR051_Given_AllDependenciesHealthy_When_ReadinessChecked_Then_Returns200() in R:\maliev\Maliev.CurrencyService\Maliev.CurrencyService.Tests\HealthAndObservabilityTests.cs:line 85
--- End of stack trace from previous location ---
  Passed Maliev.CurrencyService.Tests.HealthAndObservabilityTests.FR051_Given_DatabaseUnhealthy_When_ReadinessChecked_Then_Returns503 [5 ms]
  Passed Maliev.CurrencyService.Tests.HealthAndObservabilityTests.FR050_Given_ServiceRunning_When_LivenessChecked_Then_Returns200 [2 ms]
[xUnit.net 00:00:14.48]       Expected metricsContent to match regex "http_requests_total\{.*endpoint=".*"\}\s+\d+" because should include request count metrics by endpoint, but "# HELP cache_requests_total Total number of cache requests
# TYPE cache_requests_total counter
cache_requests_total{result="miss"} 35
cache_requests_total{result="hit"} 31
# HELP currency_cache_hits_total Total number of cache hits
# TYPE currency_cache_hits_total counter
currency_cache_hits_total 31
# HELP currency_cache_misses_total Total number of cache misses
# TYPE currency_cache_misses_total counter
currency_cache_misses_total 35
# HELP currency_cache_invalidation_failures_total Total number of cache invalidation failures
# TYPE currency_cache_invalidation_failures_total counter
currency_cache_invalidation_failures_total 0
# HELP currency_cache_size_bytes Current size of cache in bytes
# TYPE currency_cache_size_bytes gauge
currency_cache_size_bytes 0
# HELP provider_calls_total Total number of calls to external providers
# TYPE provider_calls_total counter
provider_calls_total{provider="Fawazahmed",status="error"} 7
provider_calls_total{provider="Frankfurter",status="success"} 7
# HELP provider_call_duration_seconds Duration of provider API calls in seconds
# TYPE provider_call_duration_seconds histogram
provider_call_duration_seconds_sum{provider="Frankfurter"} 0.12097669999999999
provider_call_duration_seconds_count{provider="Frankfurter"} 7
provider_call_duration_seconds_bucket{provider="Frankfurter",le="0.01"} 0
provider_call_duration_seconds_bucket{provider="Frankfurter",le="0.05"} 7
provider_call_duration_seconds_bucket{provider="Frankfurter",le="0.1"} 7
provider_call_duration_seconds_bucket{provider="Frankfurter",le="0.25"} 7
provider_call_duration_seconds_bucket{provider="Frankfurter",le="0.5"} 7
provider_call_duration_seconds_bucket{provider="Frankfurter",le="1"} 7
provider_call_duration_seconds_bucket{provider="Frankfurter",le="2.5"} 7
provider_call_duration_seconds_bucket{provider="Frankfurter",le="5"} 7
provider_call_duration_seconds_bucket{provider="Frankfurter",le="+Inf"} 7
# HELP currency_provider_requests_total Total number of requests to external providers
# TYPE currency_provider_requests_total counter
currency_provider_requests_total{provider="Fawazahmed",currency_pair="THB:USD"} 1
currency_provider_requests_total{provider="Frankfurter",currency_pair="THB:USD"} 1
currency_provider_requests_total{provider="Fawazahmed",currency_pair="USD:EUR"} 1
currency_provider_requests_total{provider="Frankfurter",currency_pair="USD:EUR"} 1
currency_provider_requests_total{provider="Fawazahmed",currency_pair="GBP:JPY"} 1
currency_provider_requests_total{provider="Frankfurter",currency_pair="GBP:JPY"} 1
currency_provider_requests_total{provider="Fawazahmed",currency_pair="EUR:THB"} 1
currency_provider_requests_total{provider="Frankfurter",currency_pair="EUR:THB"} 1
currency_provider_requests_total{provider="Fawazahmed",currency_pair="USD:THB"} 1
currency_provider_requests_total{provider="Frankfurter",currency_pair="USD:THB"} 1
currency_provider_requests_total{provider="Fawazahmed",currency_pair="GBP:USD"} 1
currency_provider_requests_total{provider="Frankfurter",currency_pair="GBP:USD"} 1
currency_provider_requests_total{provider="Fawazahmed",currency_pair="JPY:THB"} 1
currency_provider_requests_total{provider="Frankfurter",currency_pair="JPY:THB"} 1
# HELP currency_provider_errors_total Total number of provider errors
# TYPE currency_provider_errors_total counter
currency_provider_errors_total{provider="Fawazahmed",error_type="parse_error"} 7
# HELP currency_provider_latency_seconds Latency of provider API calls in seconds
# TYPE currency_provider_latency_seconds histogram
currency_provider_latency_seconds_sum{provider="Frankfurter"} 0.12097669999999999
currency_provider_latency_seconds_count{provider="Frankfurter"} 7
currency_provider_latency_seconds_bucket{provider="Frankfurter",le="0.01"} 0
currency_provider_latency_seconds_bucket{provider="Frankfurter",le="0.05"} 7
currency_provider_latency_seconds_bucket{provider="Frankfurter",le="0.1"} 7
currency_provider_latency_seconds_bucket{provider="Frankfurter",le="0.25"} 7
currency_provider_latency_seconds_bucket{provider="Frankfurter",le="0.5"} 7
currency_provider_latency_seconds_bucket{provider="Frankfurter",le="1"} 7
currency_provider_latency_seconds_bucket{provider="Frankfurter",le="2.5"} 7
currency_provider_latency_seconds_bucket{provider="Frankfurter",le="5"} 7
currency_provider_latency_seconds_bucket{provider="Frankfurter",le="+Inf"} 7
# HELP currency_provider_fallbacks_total Total number of provider fallback occurrences
# TYPE currency_provider_fallbacks_total counter
currency_provider_fallbacks_total{from_provider="Fawazahmed",to_provider="Frankfurter"} 7
# HELP http_requests_total Total number of HTTP requests
# TYPE http_requests_total counter
# HELP http_request_duration_seconds Duration of HTTP requests in seconds
# TYPE http_request_duration_seconds histogram
# HELP currency_requests_total Total number of requests
# TYPE currency_requests_total counter
# HELP currency_requests_failed_total Total number of failed requests
# TYPE currency_requests_failed_total counter
# HELP currency_request_duration_seconds Duration of HTTP requests in seconds
# TYPE currency_request_duration_seconds histogram
# HELP currency_background_job_executions_total Total number of background job executions
# TYPE currency_background_job_executions_total counter
# HELP currency_background_job_failures_total Total number of background job failures
# TYPE currency_background_job_failures_total counter
# HELP currency_background_job_duration_seconds Duration of background job executions in seconds
# TYPE currency_background_job_duration_seconds histogram
# HELP currency_background_job_last_run_timestamp Unix timestamp of last background job execution
# TYPE currency_background_job_last_run_timestamp gauge
# HELP currency_snapshot_batches_processed_total Total number of snapshot batches processed
# TYPE currency_snapshot_batches_processed_total counter
currency_snapshot_batches_processed_total 0
# HELP currency_snapshot_batch_size Size of snapshot batches
# TYPE currency_snapshot_batch_size histogram
currency_snapshot_batch_size_sum 0
currency_snapshot_batch_size_count 0
currency_snapshot_batch_size_bucket{le="10"} 0
currency_snapshot_batch_size_bucket{le="50"} 0
currency_snapshot_batch_size_bucket{le="100"} 0
currency_snapshot_batch_size_bucket{le="500"} 0
currency_snapshot_batch_size_bucket{le="1000"} 0
currency_snapshot_batch_size_bucket{le="5000"} 0
currency_snapshot_batch_size_bucket{le="10000"} 0
currency_snapshot_batch_size_bucket{le="+Inf"} 0
# HELP currency_snapshot_validation_errors_total Total number of snapshot validation errors
# TYPE currency_snapshot_validation_errors_total counter
# HELP currency_snapshot_records_ingested_total Total number of snapshot records successfully ingested
# TYPE currency_snapshot_records_ingested_total counter
currency_snapshot_records_ingested_total 0
# HELP currency_database_query_duration_seconds Duration of database queries in seconds
# TYPE currency_database_query_duration_seconds histogram
# HELP currency_database_errors_total Total number of database errors
# TYPE currency_database_errors_total counter
# HELP dotnet_collection_count_total GC collection count
# TYPE dotnet_collection_count_total counter
dotnet_collection_count_total{generation="0"} 7
dotnet_collection_count_total{generation="1"} 3
dotnet_collection_count_total{generation="2"} 2
# HELP process_start_time_seconds Start time of the process since unix epoch in seconds.
# TYPE process_start_time_seconds gauge
process_start_time_seconds 1763904379.967933
# HELP process_cpu_seconds_total Total user and system CPU time spent in seconds.
# TYPE process_cpu_seconds_total counter
process_cpu_seconds_total 6.59375
# HELP process_virtual_memory_bytes Virtual memory size in bytes.
# TYPE process_virtual_memory_bytes gauge
process_virtual_memory_bytes 2272762699776
# HELP process_working_set_bytes Process working set
# TYPE process_working_set_bytes gauge
process_working_set_bytes 187580416
# HELP process_private_memory_bytes Process private memory size
# TYPE process_private_memory_bytes gauge
process_private_memory_bytes 69328896
# HELP process_open_handles Number of open handles
# TYPE process_open_handles gauge
process_open_handles 1251
# HELP process_num_threads Total number of threads
# TYPE process_num_threads gauge
process_num_threads 61
# HELP dotnet_total_memory_bytes Total known allocated memory
# TYPE dotnet_total_memory_bytes gauge
dotnet_total_memory_bytes 19175064
# HELP prometheus_net_metric_families Number of metric families currently registered.
# TYPE prometheus_net_metric_families gauge
prometheus_net_metric_families{metric_type="counter"} 20
prometheus_net_metric_families{metric_type="gauge"} 83
prometheus_net_metric_families{metric_type="summary"} 0
prometheus_net_metric_families{metric_type="histogram"} 12
# HELP prometheus_net_metric_instances Number of metric instances currently registered across all metric families.
# TYPE prometheus_net_metric_instances gauge
prometheus_net_metric_instances{metric_type="counter"} 30
prometheus_net_metric_instances{metric_type="gauge"} 111
prometheus_net_metric_instances{metric_type="summary"} 0
prometheus_net_metric_instances{metric_type="histogram"} 13
# HELP prometheus_net_metric_timeseries Number of metric timeseries currently generated from all metric instances.
# TYPE prometheus_net_metric_timeseries gauge
prometheus_net_metric_timeseries{metric_type="counter"} 30
prometheus_net_metric_timeseries{metric_type="gauge"} 111
prometheus_net_metric_timeseries{metric_type="summary"} 0
prometheus_net_metric_timeseries{metric_type="histogram"} 312
# HELP prometheus_net_exemplars_recorded_total Number of exemplars that were accepted into in-memory storage in the prometheus-net SDK.
# TYPE prometheus_net_exemplars_recorded_total counter
prometheus_net_exemplars_recorded_total 371
# HELP prometheus_net_eventcounteradapter_sources_connected_total Number of event sources that are currently connected to the adapter.
# TYPE prometheus_net_eventcounteradapter_sources_connected_total gauge
prometheus_net_eventcounteradapter_sources_connected_total 6
# HELP prometheus_net_meteradapter_instruments_connected Number of instruments that are currently connected to the adapter.
# TYPE prometheus_net_meteradapter_instruments_connected gauge
prometheus_net_meteradapter_instruments_connected 92
# HELP private_internaldiagnostics_system_net_quic_msquic_msquic_connection_created ({connection}) New connections allocated (ObservableCounter`1)
# TYPE private_internaldiagnostics_system_net_quic_msquic_msquic_connection_created gauge
private_internaldiagnostics_system_net_quic_msquic_msquic_connection_created 0
# HELP private_internaldiagnostics_system_net_quic_msquic_msquic_connection_handshake_failures ({connection}) Connections that failed during handshake (ObservableCounter`1)
# TYPE private_internaldiagnostics_system_net_quic_msquic_msquic_connection_handshake_failures gauge
private_internaldiagnostics_system_net_quic_msquic_msquic_connection_handshake_failures 0
# HELP private_internaldiagnostics_system_net_quic_msquic_msquic_connection_app_rejected ({connection}) Connections rejected by the application (ObservableCounter`1)
# TYPE private_internaldiagnostics_system_net_quic_msquic_msquic_connection_app_rejected gauge
private_internaldiagnostics_system_net_quic_msquic_msquic_connection_app_rejected 0
# HELP private_internaldiagnostics_system_net_quic_msquic_msquic_connection_load_rejected ({connection}) Connections rejected due to worker load. (ObservableCounter`1)
# TYPE private_internaldiagnostics_system_net_quic_msquic_msquic_connection_load_rejected gauge
private_internaldiagnostics_system_net_quic_msquic_msquic_connection_load_rejected 0
# HELP private_internaldiagnostics_system_net_quic_msquic_msquic_connection_resumed ({connection}) Connections resumed (ObservableCounter`1)
# TYPE private_internaldiagnostics_system_net_quic_msquic_msquic_connection_resumed gauge
private_internaldiagnostics_system_net_quic_msquic_msquic_connection_resumed 0
# HELP private_internaldiagnostics_system_net_quic_msquic_msquic_connection_allocated ({connection}) Connections currently allocated (ObservableGauge`1)
# TYPE private_internaldiagnostics_system_net_quic_msquic_msquic_connection_allocated gauge
private_internaldiagnostics_system_net_quic_msquic_msquic_connection_allocated 0
# HELP private_internaldiagnostics_system_net_quic_msquic_msquic_connection_connected ({connection}) Connections currently in the connected state (ObservableGauge`1)
# TYPE private_internaldiagnostics_system_net_quic_msquic_msquic_connection_connected gauge
private_internaldiagnostics_system_net_quic_msquic_msquic_connection_connected 0
# HELP private_internaldiagnostics_system_net_quic_msquic_msquic_connection_protocol_errors ({connection}) Connections shutdown with a protocol error (ObservableCounter`1)
# TYPE private_internaldiagnostics_system_net_quic_msquic_msquic_connection_protocol_errors gauge
private_internaldiagnostics_system_net_quic_msquic_msquic_connection_protocol_errors 0
# HELP private_internaldiagnostics_system_net_quic_msquic_msquic_connection_no_alpn ({connection}) Connection attempts with no matching ALPN (ObservableCounter`1)
# TYPE private_internaldiagnostics_system_net_quic_msquic_msquic_connection_no_alpn gauge
private_internaldiagnostics_system_net_quic_msquic_msquic_connection_no_alpn 0
# HELP private_internaldiagnostics_system_net_quic_msquic_msquic_stream_allocated ({stream}) Current streams allocated (ObservableGauge`1)
# TYPE private_internaldiagnostics_system_net_quic_msquic_msquic_stream_allocated gauge
private_internaldiagnostics_system_net_quic_msquic_msquic_stream_allocated 0
# HELP private_internaldiagnostics_system_net_quic_msquic_msquic_packet_suspected_lost ({packet}) Packets suspected lost (ObservableCounter`1)
# TYPE private_internaldiagnostics_system_net_quic_msquic_msquic_packet_suspected_lost gauge
private_internaldiagnostics_system_net_quic_msquic_msquic_packet_suspected_lost 0
# HELP private_internaldiagnostics_system_net_quic_msquic_msquic_packet_dropped ({packet}) Packets dropped for any reason (ObservableCounter`1)
# TYPE private_internaldiagnostics_system_net_quic_msquic_msquic_packet_dropped gauge
private_internaldiagnostics_system_net_quic_msquic_msquic_packet_dropped 0
# HELP private_internaldiagnostics_system_net_quic_msquic_msquic_packet_decryption_failures ({packet}) Packets with decryption failures (ObservableCounter`1)
# TYPE private_internaldiagnostics_system_net_quic_msquic_msquic_packet_decryption_failures gauge
private_internaldiagnostics_system_net_quic_msquic_msquic_packet_decryption_failures 0
# HELP private_internaldiagnostics_system_net_quic_msquic_msquic_udp_recv_datagrams ({datagram}) UDP datagrams received (ObservableCounter`1)
# TYPE private_internaldiagnostics_system_net_quic_msquic_msquic_udp_recv_datagrams gauge
private_internaldiagnostics_system_net_quic_msquic_msquic_udp_recv_datagrams 0
# HELP private_internaldiagnostics_system_net_quic_msquic_msquic_udp_send_datagrams ({datagram}) UDP datagrams sent (ObservableCounter`1)
# TYPE private_internaldiagnostics_system_net_quic_msquic_msquic_udp_send_datagrams gauge
private_internaldiagnostics_system_net_quic_msquic_msquic_udp_send_datagrams 0
# HELP private_internaldiagnostics_system_net_quic_msquic_msquic_udp_recv_bytes (By) UDP payload bytes received (ObservableCounter`1)
# TYPE private_internaldiagnostics_system_net_quic_msquic_msquic_udp_recv_bytes gauge
private_internaldiagnostics_system_net_quic_msquic_msquic_udp_recv_bytes 0
# HELP private_internaldiagnostics_system_net_quic_msquic_msquic_udp_send_bytes (By) UDP payload bytes sent (ObservableCounter`1)
# TYPE private_internaldiagnostics_system_net_quic_msquic_msquic_udp_send_bytes gauge
private_internaldiagnostics_system_net_quic_msquic_msquic_udp_send_bytes 0
# HELP private_internaldiagnostics_system_net_quic_msquic_msquic_udp_recv_events ({event}) UDP receive events (ObservableCounter`1)
# TYPE private_internaldiagnostics_system_net_quic_msquic_msquic_udp_recv_events gauge
private_internaldiagnostics_system_net_quic_msquic_msquic_udp_recv_events 0
# HELP private_internaldiagnostics_system_net_quic_msquic_msquic_udp_send_calls ({call}) UDP send API calls (ObservableCounter`1)
# TYPE private_internaldiagnostics_system_net_quic_msquic_msquic_udp_send_calls gauge
private_internaldiagnostics_system_net_quic_msquic_msquic_udp_send_calls 0
# HELP private_internaldiagnostics_system_net_quic_msquic_msquic_app_send_bytes (By) Bytes sent by applications (ObservableCounter`1)
# TYPE private_internaldiagnostics_system_net_quic_msquic_msquic_app_send_bytes gauge
private_internaldiagnostics_system_net_quic_msquic_msquic_app_send_bytes 0
# HELP private_internaldiagnostics_system_net_quic_msquic_msquic_app_recv_bytes (By) Bytes received by applications (ObservableCounter`1)
# TYPE private_internaldiagnostics_system_net_quic_msquic_msquic_app_recv_bytes gauge
private_internaldiagnostics_system_net_quic_msquic_msquic_app_recv_bytes 0
# HELP private_internaldiagnostics_system_net_quic_msquic_msquic_threadpool_conn_queue_depth ({connection}) Current connections queued for processing (ObservableGauge`1)
# TYPE private_internaldiagnostics_system_net_quic_msquic_msquic_threadpool_conn_queue_depth gauge
private_internaldiagnostics_system_net_quic_msquic_msquic_threadpool_conn_queue_depth 0
# HELP private_internaldiagnostics_system_net_quic_msquic_msquic_threadpool_conn_oper_queue_depth ({operation}) Current connection operations queued (ObservableGauge`1)
# TYPE private_internaldiagnostics_system_net_quic_msquic_msquic_threadpool_conn_oper_queue_depth gauge
private_internaldiagnostics_system_net_quic_msquic_msquic_threadpool_conn_oper_queue_depth 0
# HELP private_internaldiagnostics_system_net_quic_msquic_msquic_threadpool_conn_oper_queued ({operation}) New connection operations queued (ObservableCounter`1)
# TYPE private_internaldiagnostics_system_net_quic_msquic_msquic_threadpool_conn_oper_queued gauge
private_internaldiagnostics_system_net_quic_msquic_msquic_threadpool_conn_oper_queued 0
# HELP private_internaldiagnostics_system_net_quic_msquic_msquic_threadpool_conn_oper_completed ({operation}) Connection operations processed (ObservableCounter`1)
# TYPE private_internaldiagnostics_system_net_quic_msquic_msquic_threadpool_conn_oper_completed gauge
private_internaldiagnostics_system_net_quic_msquic_msquic_threadpool_conn_oper_completed 0
# HELP private_internaldiagnostics_system_net_quic_msquic_msquic_threadpool_work_oper_queue_depth ({operation}) Current worker operations queued (ObservableGauge`1)
# TYPE private_internaldiagnostics_system_net_quic_msquic_msquic_threadpool_work_oper_queue_depth gauge
private_internaldiagnostics_system_net_quic_msquic_msquic_threadpool_work_oper_queue_depth 0
# HELP private_internaldiagnostics_system_net_quic_msquic_msquic_threadpool_work_oper_queued ({operation}) New worker operations queued (ObservableCounter`1)
# TYPE private_internaldiagnostics_system_net_quic_msquic_msquic_threadpool_work_oper_queued gauge
private_internaldiagnostics_system_net_quic_msquic_msquic_threadpool_work_oper_queued 0
# HELP private_internaldiagnostics_system_net_quic_msquic_msquic_threadpool_work_oper_completed ({operation}) Worker operations processed (ObservableCounter`1)
# TYPE private_internaldiagnostics_system_net_quic_msquic_msquic_threadpool_work_oper_completed gauge
private_internaldiagnostics_system_net_quic_msquic_msquic_threadpool_work_oper_completed 0
# HELP private_internaldiagnostics_system_net_quic_msquic_msquic_datapath_path_validated ({challenge}) Successful path challenges (ObservableCounter`1)
# TYPE private_internaldiagnostics_system_net_quic_msquic_msquic_datapath_path_validated gauge
private_internaldiagnostics_system_net_quic_msquic_msquic_datapath_path_validated 0
# HELP private_internaldiagnostics_system_net_quic_msquic_msquic_datapath_path_failure ({challenge}) Unsuccessful path challenges (ObservableCounter`1)
# TYPE private_internaldiagnostics_system_net_quic_msquic_msquic_datapath_path_failure gauge
private_internaldiagnostics_system_net_quic_msquic_msquic_datapath_path_failure 0
# HELP private_internaldiagnostics_system_net_quic_msquic_msquic_datapath_send_stateless_reset ({packet}) Stateless reset packets sent ever (ObservableCounter`1)
# TYPE private_internaldiagnostics_system_net_quic_msquic_msquic_datapath_send_stateless_reset gauge
private_internaldiagnostics_system_net_quic_msquic_msquic_datapath_send_stateless_reset 0
# HELP private_internaldiagnostics_system_net_quic_msquic_msquic_datapath_send_stateless_retry ({packet}) Stateless retry packets sent (ObservableCounter`1)
# TYPE private_internaldiagnostics_system_net_quic_msquic_msquic_datapath_send_stateless_retry gauge
private_internaldiagnostics_system_net_quic_msquic_msquic_datapath_send_stateless_retry 0
# HELP microsoft_entityframeworkcore_microsoft_entityframeworkcore_active_dbcontexts ({dbcontext})  (ObservableUpDownCounter`1)
# TYPE microsoft_entityframeworkcore_microsoft_entityframeworkcore_active_dbcontexts gauge
microsoft_entityframeworkcore_microsoft_entityframeworkcore_active_dbcontexts 0
# HELP microsoft_entityframeworkcore_microsoft_entityframeworkcore_queries ({query})  (ObservableCounter`1)
# TYPE microsoft_entityframeworkcore_microsoft_entityframeworkcore_queries gauge
microsoft_entityframeworkcore_microsoft_entityframeworkcore_queries 73
# HELP microsoft_entityframeworkcore_microsoft_entityframeworkcore_savechanges ({savechanges})  (ObservableCounter`1)
# TYPE microsoft_entityframeworkcore_microsoft_entityframeworkcore_savechanges gauge
microsoft_entityframeworkcore_microsoft_entityframeworkcore_savechanges 11
# HELP microsoft_entityframeworkcore_microsoft_entityframeworkcore_compiled_query_cache_hits ({hits})  (ObservableCounter`1)
# TYPE microsoft_entityframeworkcore_microsoft_entityframeworkcore_compiled_query_cache_hits gauge
microsoft_entityframeworkcore_microsoft_entityframeworkcore_compiled_query_cache_hits 62
# HELP microsoft_entityframeworkcore_microsoft_entityframeworkcore_compiled_query_cache_misses ({misses})  (ObservableCounter`1)
# TYPE microsoft_entityframeworkcore_microsoft_entityframeworkcore_compiled_query_cache_misses gauge
microsoft_entityframeworkcore_microsoft_entityframeworkcore_compiled_query_cache_misses 11
# HELP microsoft_entityframeworkcore_microsoft_entityframeworkcore_execution_strategy_operation_failures ({failure})  (ObservableCounter`1)
# TYPE microsoft_entityframeworkcore_microsoft_entityframeworkcore_execution_strategy_operation_failures gauge
microsoft_entityframeworkcore_microsoft_entityframeworkcore_execution_strategy_operation_failures 0
# HELP microsoft_entityframeworkcore_microsoft_entityframeworkcore_optimistic_concurrency_failures ({failure})  (ObservableCounter`1)
# TYPE microsoft_entityframeworkcore_microsoft_entityframeworkcore_optimistic_concurrency_failures gauge
microsoft_entityframeworkcore_microsoft_entityframeworkcore_optimistic_concurrency_failures 0
# HELP npgsql_db_client_connection_count ({connection}) The number of connections that are currently in state described by the state attribute. (ObservableUpDownCounter`1)
# TYPE npgsql_db_client_connection_count gauge
npgsql_db_client_connection_count{db_client_connection_pool_name="Host=127.0.0.1;Port=59462;Database=currency_app_db;Username=postgres",db_client_connection_state="idle"} 22
npgsql_db_client_connection_count{db_client_connection_pool_name="Host=127.0.0.1;Port=59462;Database=currency_app_db;Username=postgres",db_client_connection_state="used"} 0
# HELP npgsql_db_client_connection_max ({connection}) The maximum number of open connections allowed. (ObservableUpDownCounter`1)
# TYPE npgsql_db_client_connection_max gauge
npgsql_db_client_connection_max{db_client_connection_pool_name="Host=127.0.0.1;Port=59462;Database=currency_app_db;Username=postgres"} 100
# HELP system_runtime_dotnet_gc_collections ({collection}) The number of garbage collections that have occurred since the process has started. (ObservableCounter`1)
# TYPE system_runtime_dotnet_gc_collections gauge
system_runtime_dotnet_gc_collections{gc_heap_generation="gen2"} 2
system_runtime_dotnet_gc_collections{gc_heap_generation="gen1"} 1
system_runtime_dotnet_gc_collections{gc_heap_generation="gen0"} 4
# HELP system_runtime_dotnet_process_memory_working_set (By) The number of bytes of physical memory mapped to the process context. (ObservableUpDownCounter`1)
# TYPE system_runtime_dotnet_process_memory_working_set gauge
system_runtime_dotnet_process_memory_working_set 187568128
# HELP system_runtime_dotnet_gc_heap_total_allocated (By) The approximate number of bytes allocated on the managed GC heap since the process has started. The returned value does not include any native allocations. (ObservableCounter`1)
# TYPE system_runtime_dotnet_gc_heap_total_allocated gauge
system_runtime_dotnet_gc_heap_total_allocated 66333280
# HELP system_runtime_dotnet_gc_last_collection_memory_committed_size (By) The amount of committed virtual memory in use by the .NET GC, as observed during the latest garbage collection. (ObservableUpDownCounter`1)
# TYPE system_runtime_dotnet_gc_last_collection_memory_committed_size gauge
system_runtime_dotnet_gc_last_collection_memory_committed_size 29827072
# HELP system_runtime_dotnet_gc_last_collection_heap_size (By) The managed GC heap size (including fragmentation), as observed during the latest garbage collection. (ObservableUpDownCounter`1)
# TYPE system_runtime_dotnet_gc_last_collection_heap_size gauge
system_runtime_dotnet_gc_last_collection_heap_size{gc_heap_generation="gen0"} 4780128
system_runtime_dotnet_gc_last_collection_heap_size{gc_heap_generation="gen1"} 7726152
system_runtime_dotnet_gc_last_collection_heap_size{gc_heap_generation="gen2"} 8062272
system_runtime_dotnet_gc_last_collection_heap_size{gc_heap_generation="loh"} 7858288
system_runtime_dotnet_gc_last_collection_heap_size{gc_heap_generation="poh"} 126832
# HELP system_runtime_dotnet_gc_last_collection_heap_fragmentation_size (By) The heap fragmentation, as observed during the latest garbage collection. (ObservableUpDownCounter`1)
# TYPE system_runtime_dotnet_gc_last_collection_heap_fragmentation_size gauge
system_runtime_dotnet_gc_last_collection_heap_fragmentation_size{gc_heap_generation="gen0"} 3635056
system_runtime_dotnet_gc_last_collection_heap_fragmentation_size{gc_heap_generation="gen1"} 4048128
system_runtime_dotnet_gc_last_collection_heap_fragmentation_size{gc_heap_generation="gen2"} 132144
system_runtime_dotnet_gc_last_collection_heap_fragmentation_size{gc_heap_generation="loh"} 6711168
system_runtime_dotnet_gc_last_collection_heap_fragmentation_size{gc_heap_generation="poh"} 2112
# HELP system_runtime_dotnet_gc_pause_time (s) The total amount of time paused in GC since the process has started. (ObservableCounter`1)
# TYPE system_runtime_dotnet_gc_pause_time gauge
system_runtime_dotnet_gc_pause_time 0.064382
# HELP system_runtime_dotnet_jit_compiled_il_size (By) Count of bytes of intermediate language that have been compiled since the process has started. (ObservableCounter`1)
# TYPE system_runtime_dotnet_jit_compiled_il_size gauge
system_runtime_dotnet_jit_compiled_il_size 2103627
# HELP system_runtime_dotnet_jit_compiled_methods ({method}) The number of times the JIT compiler (re)compiled methods since the process has started. (ObservableCounter`1)
# TYPE system_runtime_dotnet_jit_compiled_methods gauge
system_runtime_dotnet_jit_compiled_methods 29151
# HELP system_runtime_dotnet_jit_compilation_time (s) The number of times the JIT compiler (re)compiled methods since the process has started. (ObservableCounter`1)
# TYPE system_runtime_dotnet_jit_compilation_time gauge
system_runtime_dotnet_jit_compilation_time 11.3997638
# HELP system_runtime_dotnet_monitor_lock_contentions ({contention}) The number of times there was contention when trying to acquire a monitor lock since the process has started. (ObservableCounter`1)
# TYPE system_runtime_dotnet_monitor_lock_contentions gauge
system_runtime_dotnet_monitor_lock_contentions 26
# HELP system_runtime_dotnet_thread_pool_thread_count ({thread}) The number of thread pool threads that currently exist. (ObservableCounter`1)
# TYPE system_runtime_dotnet_thread_pool_thread_count gauge
system_runtime_dotnet_thread_pool_thread_count 18
# HELP system_runtime_dotnet_thread_pool_work_item_count ({work_item}) The number of work items that the thread pool has completed since the process has started. (ObservableCounter`1)
# TYPE system_runtime_dotnet_thread_pool_work_item_count gauge
system_runtime_dotnet_thread_pool_work_item_count 983
# HELP system_runtime_dotnet_thread_pool_queue_length ({work_item}) The number of work items that are currently queued to be processed by the thread pool. (ObservableCounter`1)
# TYPE system_runtime_dotnet_thread_pool_queue_length gauge
system_runtime_dotnet_thread_pool_queue_length 0
# HELP system_runtime_dotnet_timer_count ({timer}) The number of timer instances that are currently active. An active timer is registered to tick at some point in the future and has not yet been canceled. (ObservableUpDownCounter`1)
# TYPE system_runtime_dotnet_timer_count gauge
system_runtime_dotnet_timer_count 91
# HELP system_runtime_dotnet_assembly_count ({assembly}) The number of .NET assemblies that are currently loaded. (ObservableUpDownCounter`1)
# TYPE system_runtime_dotnet_assembly_count gauge
system_runtime_dotnet_assembly_count 231
# HELP system_runtime_dotnet_process_cpu_count ({cpu}) The number of processors available to the process. (ObservableUpDownCounter`1)
# TYPE system_runtime_dotnet_process_cpu_count gauge
system_runtime_dotnet_process_cpu_count 16
# HELP system_runtime_dotnet_process_cpu_time (s) CPU time used by the process. (ObservableCounter`1)
# TYPE system_runtime_dotnet_process_cpu_time gauge
system_runtime_dotnet_process_cpu_time{cpu_mode="user"} 4.96875
system_runtime_dotnet_process_cpu_time{cpu_mode="system"} 1.609375
# HELP microsoft_aspnetcore_ratelimiting_aspnetcore_rate_limiting_request_lease_duration (s) The duration of rate limiting leases held by HTTP requests on the server. (Histogram`1)
# TYPE microsoft_aspnetcore_ratelimiting_aspnetcore_rate_limiting_request_lease_duration histogram
microsoft_aspnetcore_ratelimiting_aspnetcore_rate_limiting_request_lease_duration_sum 2.6653816000000004
microsoft_aspnetcore_ratelimiting_aspnetcore_rate_limiting_request_lease_duration_count 63
microsoft_aspnetcore_ratelimiting_aspnetcore_rate_limiting_request_lease_duration_bucket{le="0.01"} 22
microsoft_aspnetcore_ratelimiting_aspnetcore_rate_limiting_request_lease_duration_bucket{le="0.02"} 39
microsoft_aspnetcore_ratelimiting_aspnetcore_rate_limiting_request_lease_duration_bucket{le="0.04"} 40
microsoft_aspnetcore_ratelimiting_aspnetcore_rate_limiting_request_lease_duration_bucket{le="0.08"} 41
microsoft_aspnetcore_ratelimiting_aspnetcore_rate_limiting_request_lease_duration_bucket{le="0.16"} 62
microsoft_aspnetcore_ratelimiting_aspnetcore_rate_limiting_request_lease_duration_bucket{le="0.32"} 63
microsoft_aspnetcore_ratelimiting_aspnetcore_rate_limiting_request_lease_duration_bucket{le="0.64"} 63
microsoft_aspnetcore_ratelimiting_aspnetcore_rate_limiting_request_lease_duration_bucket{le="1.28"} 63
microsoft_aspnetcore_ratelimiting_aspnetcore_rate_limiting_request_lease_duration_bucket{le="2.56"} 63
microsoft_aspnetcore_ratelimiting_aspnetcore_rate_limiting_request_lease_duration_bucket{le="5.12"} 63
microsoft_aspnetcore_ratelimiting_aspnetcore_rate_limiting_request_lease_duration_bucket{le="10.24"} 63
microsoft_aspnetcore_ratelimiting_aspnetcore_rate_limiting_request_lease_duration_bucket{le="20.48"} 63
microsoft_aspnetcore_ratelimiting_aspnetcore_rate_limiting_request_lease_duration_bucket{le="40.96"} 63
microsoft_aspnetcore_ratelimiting_aspnetcore_rate_limiting_request_lease_duration_bucket{le="81.92"} 63
microsoft_aspnetcore_ratelimiting_aspnetcore_rate_limiting_request_lease_duration_bucket{le="163.84"} 63
microsoft_aspnetcore_ratelimiting_aspnetcore_rate_limiting_request_lease_duration_bucket{le="327.68"} 63
microsoft_aspnetcore_ratelimiting_aspnetcore_rate_limiting_request_lease_duration_bucket{le="655.36"} 63
microsoft_aspnetcore_ratelimiting_aspnetcore_rate_limiting_request_lease_duration_bucket{le="1310.72"} 63
microsoft_aspnetcore_ratelimiting_aspnetcore_rate_limiting_request_lease_duration_bucket{le="2621.44"} 63
microsoft_aspnetcore_ratelimiting_aspnetcore_rate_limiting_request_lease_duration_bucket{le="5242.88"} 63
microsoft_aspnetcore_ratelimiting_aspnetcore_rate_limiting_request_lease_duration_bucket{le="10485.76"} 63
microsoft_aspnetcore_ratelimiting_aspnetcore_rate_limiting_request_lease_duration_bucket{le="20971.52"} 63
microsoft_aspnetcore_ratelimiting_aspnetcore_rate_limiting_request_lease_duration_bucket{le="41943.04"} 63
microsoft_aspnetcore_ratelimiting_aspnetcore_rate_limiting_request_lease_duration_bucket{le="83886.08"} 63
microsoft_aspnetcore_ratelimiting_aspnetcore_rate_limiting_request_lease_duration_bucket{le="167772.16"} 63
microsoft_aspnetcore_ratelimiting_aspnetcore_rate_limiting_request_lease_duration_bucket{le="+Inf"} 63
# HELP microsoft_aspnetcore_ratelimiting_aspnetcore_rate_limiting_requests ({request}) Number of requests that tried to acquire a rate limiting lease. Requests could be rejected by global or endpoint rate limiting policies. Or the request could be canceled while waiting for the lease. (Counter`1)
# TYPE microsoft_aspnetcore_ratelimiting_aspnetcore_rate_limiting_requests gauge
microsoft_aspnetcore_ratelimiting_aspnetcore_rate_limiting_requests{aspnetcore_rate_limiting_result="acquired"} 63
# HELP microsoft_aspnetcore_hosting_http_server_active_requests ({request}) Number of active HTTP server requests. (UpDownCounter`1)
# TYPE microsoft_aspnetcore_hosting_http_server_active_requests gauge
microsoft_aspnetcore_hosting_http_server_active_requests{http_request_method="GET",url_scheme="http"} 1
microsoft_aspnetcore_hosting_http_server_active_requests{http_request_method="POST",url_scheme="http"} 0
# HELP microsoft_aspnetcore_routing_aspnetcore_routing_match_attempts ({match_attempt}) Number of requests that were attempted to be matched to an endpoint. (Counter`1)
# TYPE microsoft_aspnetcore_routing_aspnetcore_routing_match_attempts gauge
microsoft_aspnetcore_routing_aspnetcore_routing_match_attempts{aspnetcore_routing_is_fallback="False",aspnetcore_routing_match_status="success",http_route="currencies/v{version:apiVersion}/currencies"} 51
microsoft_aspnetcore_routing_aspnetcore_routing_match_attempts{aspnetcore_routing_is_fallback="False",aspnetcore_routing_match_status="success",http_route="/metrics"} 3
microsoft_aspnetcore_routing_aspnetcore_routing_match_attempts{aspnetcore_routing_is_fallback="False",aspnetcore_routing_match_status="success",http_route="/currencies/liveness"} 2
microsoft_aspnetcore_routing_aspnetcore_routing_match_attempts{aspnetcore_routing_is_fallback="False",aspnetcore_routing_match_status="success",http_route="/currencies/readiness"} 4
microsoft_aspnetcore_routing_aspnetcore_routing_match_attempts{aspnetcore_routing_is_fallback="False",aspnetcore_routing_match_status="success",http_route="currencies/v{version:apiVersion}/admin/currencies"} 1
microsoft_aspnetcore_routing_aspnetcore_routing_match_attempts{aspnetcore_routing_is_fallback="False",aspnetcore_routing_match_status="success",http_route="currencies/v{version:apiVersion}/rates"} 2
# HELP microsoft_aspnetcore_authentication_aspnetcore_authentication_authenticate_duration (s) The authentication duration for a request. (Histogram`1)
# TYPE microsoft_aspnetcore_authentication_aspnetcore_authentication_authenticate_duration histogram
microsoft_aspnetcore_authentication_aspnetcore_authentication_authenticate_duration_sum{aspnetcore_authentication_result="success",aspnetcore_authentication_scheme="TestScheme"} 0.0016718999999999996
microsoft_aspnetcore_authentication_aspnetcore_authentication_authenticate_duration_count{aspnetcore_authentication_result="success",aspnetcore_authentication_scheme="TestScheme"} 63
microsoft_aspnetcore_authentication_aspnetcore_authentication_authenticate_duration_bucket{aspnetcore_authentication_result="success",aspnetcore_authentication_scheme="TestScheme",le="0.01"} 63
microsoft_aspnetcore_authentication_aspnetcore_authentication_authenticate_duration_bucket{aspnetcore_authentication_result="success",aspnetcore_authentication_scheme="TestScheme",le="0.02"} 63
microsoft_aspnetcore_authentication_aspnetcore_authentication_authenticate_duration_bucket{aspnetcore_authentication_result="success",aspnetcore_authentication_scheme="TestScheme",le="0.04"} 63
microsoft_aspnetcore_authentication_aspnetcore_authentication_authenticate_duration_bucket{aspnetcore_authentication_result="success",aspnetcore_authentication_scheme="TestScheme",le="0.08"} 63
microsoft_aspnetcore_authentication_aspnetcore_authentication_authenticate_duration_bucket{aspnetcore_authentication_result="success",aspnetcore_authentication_scheme="TestScheme",le="0.16"} 63
microsoft_aspnetcore_authentication_aspnetcore_authentication_authenticate_duration_bucket{aspnetcore_authentication_result="success",aspnetcore_authentication_scheme="TestScheme",le="0.32"} 63
microsoft_aspnetcore_authentication_aspnetcore_authentication_authenticate_duration_bucket{aspnetcore_authentication_result="success",aspnetcore_authentication_scheme="TestScheme",le="0.64"} 63
microsoft_aspnetcore_authentication_aspnetcore_authentication_authenticate_duration_bucket{aspnetcore_authentication_result="success",aspnetcore_authentication_scheme="TestScheme",le="1.28"} 63
microsoft_aspnetcore_authentication_aspnetcore_authentication_authenticate_duration_bucket{aspnetcore_authentication_result="success",aspnetcore_authentication_scheme="TestScheme",le="2.56"} 63
microsoft_aspnetcore_authentication_aspnetcore_authentication_authenticate_duration_bucket{aspnetcore_authentication_result="success",aspnetcore_authentication_scheme="TestScheme",le="5.12"} 63
microsoft_aspnetcore_authentication_aspnetcore_authentication_authenticate_duration_bucket{aspnetcore_authentication_result="success",aspnetcore_authentication_scheme="TestScheme",le="10.24"} 63
microsoft_aspnetcore_authentication_aspnetcore_authentication_authenticate_duration_bucket{aspnetcore_authentication_result="success",aspnetcore_authentication_scheme="TestScheme",le="20.48"} 63
microsoft_aspnetcore_authentication_aspnetcore_authentication_authenticate_duration_bucket{aspnetcore_authentication_result="success",aspnetcore_authentication_scheme="TestScheme",le="40.96"} 63
microsoft_aspnetcore_authentication_aspnetcore_authentication_authenticate_duration_bucket{aspnetcore_authentication_result="success",aspnetcore_authentication_scheme="TestScheme",le="81.92"} 63
microsoft_aspnetcore_authentication_aspnetcore_authentication_authenticate_duration_bucket{aspnetcore_authentication_result="success",aspnetcore_authentication_scheme="TestScheme",le="163.84"} 63
microsoft_aspnetcore_authentication_aspnetcore_authentication_authenticate_duration_bucket{aspnetcore_authentication_result="success",aspnetcore_authentication_scheme="TestScheme",le="327.68"} 63
microsoft_aspnetcore_authentication_aspnetcore_authentication_authenticate_duration_bucket{aspnetcore_authentication_result="success",aspnetcore_authentication_scheme="TestScheme",le="655.36"} 63
microsoft_aspnetcore_authentication_aspnetcore_authentication_authenticate_duration_bucket{aspnetcore_authentication_result="success",aspnetcore_authentication_scheme="TestScheme",le="1310.72"} 63
microsoft_aspnetcore_authentication_aspnetcore_authentication_authenticate_duration_bucket{aspnetcore_authentication_result="success",aspnetcore_authentication_scheme="TestScheme",le="2621.44"} 63
microsoft_aspnetcore_authentication_aspnetcore_authentication_authenticate_duration_bucket{aspnetcore_authentication_result="success",aspnetcore_authentication_scheme="TestScheme",le="5242.88"} 63
microsoft_aspnetcore_authentication_aspnetcore_authentication_authenticate_duration_bucket{aspnetcore_authentication_result="success",aspnetcore_authentication_scheme="TestScheme",le="10485.76"} 63
microsoft_aspnetcore_authentication_aspnetcore_authentication_authenticate_duration_bucket{aspnetcore_authentication_result="success",aspnetcore_authentication_scheme="TestScheme",le="20971.52"} 63
microsoft_aspnetcore_authentication_aspnetcore_authentication_authenticate_duration_bucket{aspnetcore_authentication_result="success",aspnetcore_authentication_scheme="TestScheme",le="41943.04"} 63
microsoft_aspnetcore_authentication_aspnetcore_authentication_authenticate_duration_bucket{aspnetcore_authentication_result="success",aspnetcore_authentication_scheme="TestScheme",le="83886.08"} 63
microsoft_aspnetcore_authentication_aspnetcore_authentication_authenticate_duration_bucket{aspnetcore_authentication_result="success",aspnetcore_authentication_scheme="TestScheme",le="167772.16"} 63
microsoft_aspnetcore_authentication_aspnetcore_authentication_authenticate_duration_bucket{aspnetcore_authentication_result="success",aspnetcore_authentication_scheme="TestScheme",le="+Inf"} 63
# HELP microsoft_aspnetcore_ratelimiting_aspnetcore_rate_limiting_active_request_leases ({request}) Number of HTTP requests that are currently active on the server that hold a rate limiting lease. (UpDownCounter`1)
# TYPE microsoft_aspnetcore_ratelimiting_aspnetcore_rate_limiting_active_request_leases gauge
microsoft_aspnetcore_ratelimiting_aspnetcore_rate_limiting_active_request_leases 1
# HELP npgsql_db_client_operation_npgsql_executing ({command}) The number of currently executing database commands. (UpDownCounter`1)
# TYPE npgsql_db_client_operation_npgsql_executing gauge
npgsql_db_client_operation_npgsql_executing{db_client_connection_pool_name="Host=127.0.0.1;Port=59462;Database=currency_app_db;Username=postgres"} 0
# HELP npgsql_db_client_operation_npgsql_bytes_written (By) The number of bytes written. (Counter`1)
# TYPE npgsql_db_client_operation_npgsql_bytes_written gauge
npgsql_db_client_operation_npgsql_bytes_written{db_client_connection_pool_name="Host=127.0.0.1;Port=59462;Database=currency_app_db;Username=postgres"} 17192
# HELP npgsql_db_client_operation_npgsql_bytes_read (By) The number of bytes read. (Counter`1)
# TYPE npgsql_db_client_operation_npgsql_bytes_read gauge
npgsql_db_client_operation_npgsql_bytes_read{db_client_connection_pool_name="Host=127.0.0.1;Port=59462;Database=currency_app_db;Username=postgres"} 35810
# HELP npgsql_db_client_operation_duration (s) Duration of database client operations. (Histogram`1)
# TYPE npgsql_db_client_operation_duration histogram
npgsql_db_client_operation_duration_sum{db_client_connection_pool_name="Host=127.0.0.1;Port=59462;Database=currency_app_db;Username=postgres",db_system_name="postgresql",server_address="127.0.0.1",server_port="59462"} 0.1566787
npgsql_db_client_operation_duration_count{db_client_connection_pool_name="Host=127.0.0.1;Port=59462;Database=currency_app_db;Username=postgres",db_system_name="postgresql",server_address="127.0.0.1",server_port="59462"} 56
npgsql_db_client_operation_duration_bucket{db_client_connection_pool_name="Host=127.0.0.1;Port=59462;Database=currency_app_db;Username=postgres",db_system_name="postgresql",server_address="127.0.0.1",server_port="59462",le="0.01"} 55
npgsql_db_client_operation_duration_bucket{db_client_connection_pool_name="Host=127.0.0.1;Port=59462;Database=currency_app_db;Username=postgres",db_system_name="postgresql",server_address="127.0.0.1",server_port="59462",le="0.02"} 56
npgsql_db_client_operation_duration_bucket{db_client_connection_pool_name="Host=127.0.0.1;Port=59462;Database=currency_app_db;Username=postgres",db_system_name="postgresql",server_address="127.0.0.1",server_port="59462",le="0.04"} 56
npgsql_db_client_operation_duration_bucket{db_client_connection_pool_name="Host=127.0.0.1;Port=59462;Database=currency_app_db;Username=postgres",db_system_name="postgresql",server_address="127.0.0.1",server_port="59462",le="0.08"} 56
npgsql_db_client_operation_duration_bucket{db_client_connection_pool_name="Host=127.0.0.1;Port=59462;Database=currency_app_db;Username=postgres",db_system_name="postgresql",server_address="127.0.0.1",server_port="59462",le="0.16"} 56
npgsql_db_client_operation_duration_bucket{db_client_connection_pool_name="Host=127.0.0.1;Port=59462;Database=currency_app_db;Username=postgres",db_system_name="postgresql",server_address="127.0.0.1",server_port="59462",le="0.32"} 56
npgsql_db_client_operation_duration_bucket{db_client_connection_pool_name="Host=127.0.0.1;Port=59462;Database=currency_app_db;Username=postgres",db_system_name="postgresql",server_address="127.0.0.1",server_port="59462",le="0.64"} 56
npgsql_db_client_operation_duration_bucket{db_client_connection_pool_name="Host=127.0.0.1;Port=59462;Database=currency_app_db;Username=postgres",db_system_name="postgresql",server_address="127.0.0.1",server_port="59462",le="1.28"} 56
npgsql_db_client_operation_duration_bucket{db_client_connection_pool_name="Host=127.0.0.1;Port=59462;Database=currency_app_db;Username=postgres",db_system_name="postgresql",server_address="127.0.0.1",server_port="59462",le="2.56"} 56
npgsql_db_client_operation_duration_bucket{db_client_connection_pool_name="Host=127.0.0.1;Port=59462;Database=currency_app_db;Username=postgres",db_system_name="postgresql",server_address="127.0.0.1",server_port="59462",le="5.12"} 56
npgsql_db_client_operation_duration_bucket{db_client_connection_pool_name="Host=127.0.0.1;Port=59462;Database=currency_app_db;Username=postgres",db_system_name="postgresql",server_address="127.0.0.1",server_port="59462",le="10.24"} 56
npgsql_db_client_operation_duration_bucket{db_client_connection_pool_name="Host=127.0.0.1;Port=59462;Database=currency_app_db;Username=postgres",db_system_name="postgresql",server_address="127.0.0.1",server_port="59462",le="20.48"} 56
npgsql_db_client_operation_duration_bucket{db_client_connection_pool_name="Host=127.0.0.1;Port=59462;Database=currency_app_db;Username=postgres",db_system_name="postgresql",server_address="127.0.0.1",server_port="59462",le="40.96"} 56
npgsql_db_client_operation_duration_bucket{db_client_connection_pool_name="Host=127.0.0.1;Port=59462;Database=currency_app_db;Username=postgres",db_system_name="postgresql",server_address="127.0.0.1",server_port="59462",le="81.92"} 56
npgsql_db_client_operation_duration_bucket{db_client_connection_pool_name="Host=127.0.0.1;Port=59462;Database=currency_app_db;Username=postgres",db_system_name="postgresql",server_address="127.0.0.1",server_port="59462",le="163.84"} 56
npgsql_db_client_operation_duration_bucket{db_client_connection_pool_name="Host=127.0.0.1;Port=59462;Database=currency_app_db;Username=postgres",db_system_name="postgresql",server_address="127.0.0.1",server_port="59462",le="327.68"} 56
npgsql_db_client_operation_duration_bucket{db_client_connection_pool_name="Host=127.0.0.1;Port=59462;Database=currency_app_db;Username=postgres",db_system_name="postgresql",server_address="127.0.0.1",server_port="59462",le="655.36"} 56
npgsql_db_client_operation_duration_bucket{db_client_connection_pool_name="Host=127.0.0.1;Port=59462;Database=currency_app_db;Username=postgres",db_system_name="postgresql",server_address="127.0.0.1",server_port="59462",le="1310.72"} 56
npgsql_db_client_operation_duration_bucket{db_client_connection_pool_name="Host=127.0.0.1;Port=59462;Database=currency_app_db;Username=postgres",db_system_name="postgresql",server_address="127.0.0.1",server_port="59462",le="2621.44"} 56
npgsql_db_client_operation_duration_bucket{db_client_connection_pool_name="Host=127.0.0.1;Port=59462;Database=currency_app_db;Username=postgres",db_system_name="postgresql",server_address="127.0.0.1",server_port="59462",le="5242.88"} 56
npgsql_db_client_operation_duration_bucket{db_client_connection_pool_name="Host=127.0.0.1;Port=59462;Database=currency_app_db;Username=postgres",db_system_name="postgresql",server_address="127.0.0.1",server_port="59462",le="10485.76"} 56
npgsql_db_client_operation_duration_bucket{db_client_connection_pool_name="Host=127.0.0.1;Port=59462;Database=currency_app_db;Username=postgres",db_system_name="postgresql",server_address="127.0.0.1",server_port="59462",le="20971.52"} 56
npgsql_db_client_operation_duration_bucket{db_client_connection_pool_name="Host=127.0.0.1;Port=59462;Database=currency_app_db;Username=postgres",db_system_name="postgresql",server_address="127.0.0.1",server_port="59462",le="41943.04"} 56
npgsql_db_client_operation_duration_bucket{db_client_connection_pool_name="Host=127.0.0.1;Port=59462;Database=currency_app_db;Username=postgres",db_system_name="postgresql",server_address="127.0.0.1",server_port="59462",le="83886.08"} 56
npgsql_db_client_operation_duration_bucket{db_client_connection_pool_name="Host=127.0.0.1;Port=59462;Database=currency_app_db;Username=postgres",db_system_name="postgresql",server_address="127.0.0.1",server_port="59462",le="167772.16"} 56
npgsql_db_client_operation_duration_bucket{db_client_connection_pool_name="Host=127.0.0.1;Port=59462;Database=currency_app_db;Username=postgres",db_system_name="postgresql",server_address="127.0.0.1",server_port="59462",le="+Inf"} 56
# HELP microsoft_aspnetcore_hosting_http_server_request_duration (s) Duration of HTTP server requests. (Histogram`1)
# TYPE microsoft_aspnetcore_hosting_http_server_request_duration histogram
microsoft_aspnetcore_hosting_http_server_request_duration_sum{http_request_method="GET",http_response_status_code="200",http_route="currencies/v{version:apiVersion}/currencies",network_protocol_version="1.1",url_scheme="http"} 2.4340777
microsoft_aspnetcore_hosting_http_server_request_duration_count{http_request_method="GET",http_response_status_code="200",http_route="currencies/v{version:apiVersion}/currencies",network_protocol_version="1.1",url_scheme="http"} 51
microsoft_aspnetcore_hosting_http_server_request_duration_bucket{http_request_method="GET",http_response_status_code="200",http_route="currencies/v{version:apiVersion}/currencies",network_protocol_version="1.1",url_scheme="http",le="0.01"} 13
microsoft_aspnetcore_hosting_http_server_request_duration_bucket{http_request_method="GET",http_response_status_code="200",http_route="currencies/v{version:apiVersion}/currencies",network_protocol_version="1.1",url_scheme="http",le="0.02"} 30
microsoft_aspnetcore_hosting_http_server_request_duration_bucket{http_request_method="GET",http_response_status_code="200",http_route="currencies/v{version:apiVersion}/currencies",network_protocol_version="1.1",url_scheme="http",le="0.04"} 30
microsoft_aspnetcore_hosting_http_server_request_duration_bucket{http_request_method="GET",http_response_status_code="200",http_route="currencies/v{version:apiVersion}/currencies",network_protocol_version="1.1",url_scheme="http",le="0.08"} 30
microsoft_aspnetcore_hosting_http_server_request_duration_bucket{http_request_method="GET",http_response_status_code="200",http_route="currencies/v{version:apiVersion}/currencies",network_protocol_version="1.1",url_scheme="http",le="0.16"} 51
microsoft_aspnetcore_hosting_http_server_request_duration_bucket{http_request_method="GET",http_response_status_code="200",http_route="currencies/v{version:apiVersion}/currencies",network_protocol_version="1.1",url_scheme="http",le="0.32"} 51
microsoft_aspnetcore_hosting_http_server_request_duration_bucket{http_request_method="GET",http_response_status_code="200",http_route="currencies/v{version:apiVersion}/currencies",network_protocol_version="1.1",url_scheme="http",le="0.64"} 51
microsoft_aspnetcore_hosting_http_server_request_duration_bucket{http_request_method="GET",http_response_status_code="200",http_route="currencies/v{version:apiVersion}/currencies",network_protocol_version="1.1",url_scheme="http",le="1.28"} 51
microsoft_aspnetcore_hosting_http_server_request_duration_bucket{http_request_method="GET",http_response_status_code="200",http_route="currencies/v{version:apiVersion}/currencies",network_protocol_version="1.1",url_scheme="http",le="2.56"} 51
microsoft_aspnetcore_hosting_http_server_request_duration_bucket{http_request_method="GET",http_response_status_code="200",http_route="currencies/v{version:apiVersion}/currencies",network_protocol_version="1.1",url_scheme="http",le="5.12"} 51
microsoft_aspnetcore_hosting_http_server_request_duration_bucket{http_request_method="GET",http_response_status_code="200",http_route="currencies/v{version:apiVersion}/currencies",network_protocol_version="1.1",url_scheme="http",le="10.24"} 51
microsoft_aspnetcore_hosting_http_server_request_duration_bucket{http_request_method="GET",http_response_status_code="200",http_route="currencies/v{version:apiVersion}/currencies",network_protocol_version="1.1",url_scheme="http",le="20.48"} 51
microsoft_aspnetcore_hosting_http_server_request_duration_bucket{http_request_method="GET",http_response_status_code="200",http_route="currencies/v{version:apiVersion}/currencies",network_protocol_version="1.1",url_scheme="http",le="40.96"} 51
microsoft_aspnetcore_hosting_http_server_request_duration_bucket{http_request_method="GET",http_response_status_code="200",http_route="currencies/v{version:apiVersion}/currencies",network_protocol_version="1.1",url_scheme="http",le="81.92"} 51
microsoft_aspnetcore_hosting_http_server_request_duration_bucket{http_request_method="GET",http_response_status_code="200",http_route="currencies/v{version:apiVersion}/currencies",network_protocol_version="1.1",url_scheme="http",le="163.84"} 51
microsoft_aspnetcore_hosting_http_server_request_duration_bucket{http_request_method="GET",http_response_status_code="200",http_route="currencies/v{version:apiVersion}/currencies",network_protocol_version="1.1",url_scheme="http",le="327.68"} 51
microsoft_aspnetcore_hosting_http_server_request_duration_bucket{http_request_method="GET",http_response_status_code="200",http_route="currencies/v{version:apiVersion}/currencies",network_protocol_version="1.1",url_scheme="http",le="655.36"} 51
microsoft_aspnetcore_hosting_http_server_request_duration_bucket{http_request_method="GET",http_response_status_code="200",http_route="currencies/v{version:apiVersion}/currencies",network_protocol_version="1.1",url_scheme="http",le="1310.72"} 51
microsoft_aspnetcore_hosting_http_server_request_duration_bucket{http_request_method="GET",http_response_status_code="200",http_route="currencies/v{version:apiVersion}/currencies",network_protocol_version="1.1",url_scheme="http",le="2621.44"} 51
microsoft_aspnetcore_hosting_http_server_request_duration_bucket{http_request_method="GET",http_response_status_code="200",http_route="currencies/v{version:apiVersion}/currencies",network_protocol_version="1.1",url_scheme="http",le="5242.88"} 51
microsoft_aspnetcore_hosting_http_server_request_duration_bucket{http_request_method="GET",http_response_status_code="200",http_route="currencies/v{version:apiVersion}/currencies",network_protocol_version="1.1",url_scheme="http",le="10485.76"} 51
microsoft_aspnetcore_hosting_http_server_request_duration_bucket{http_request_method="GET",http_response_status_code="200",http_route="currencies/v{version:apiVersion}/currencies",network_protocol_version="1.1",url_scheme="http",le="20971.52"} 51
microsoft_aspnetcore_hosting_http_server_request_duration_bucket{http_request_method="GET",http_response_status_code="200",http_route="currencies/v{version:apiVersion}/currencies",network_protocol_version="1.1",url_scheme="http",le="41943.04"} 51
microsoft_aspnetcore_hosting_http_server_request_duration_bucket{http_request_method="GET",http_response_status_code="200",http_route="currencies/v{version:apiVersion}/currencies",network_protocol_version="1.1",url_scheme="http",le="83886.08"} 51
microsoft_aspnetcore_hosting_http_server_request_duration_bucket{http_request_method="GET",http_response_status_code="200",http_route="currencies/v{version:apiVersion}/currencies",network_protocol_version="1.1",url_scheme="http",le="167772.16"} 51
microsoft_aspnetcore_hosting_http_server_request_duration_bucket{http_request_method="GET",http_response_status_code="200",http_route="currencies/v{version:apiVersion}/currencies",network_protocol_version="1.1",url_scheme="http",le="+Inf"} 51
microsoft_aspnetcore_hosting_http_server_request_duration_sum{http_request_method="GET",http_response_status_code="200",http_route="/metrics",network_protocol_version="1.1",url_scheme="http"} 0.02013
microsoft_aspnetcore_hosting_http_server_request_duration_count{http_request_method="GET",http_response_status_code="200",http_route="/metrics",network_protocol_version="1.1",url_scheme="http"} 2
microsoft_aspnetcore_hosting_http_server_request_duration_bucket{http_request_method="GET",http_response_status_code="200",http_route="/metrics",network_protocol_version="1.1",url_scheme="http",le="0.01"} 1
microsoft_aspnetcore_hosting_http_server_request_duration_bucket{http_request_method="GET",http_response_status_code="200",http_route="/metrics",network_protocol_version="1.1",url_scheme="http",le="0.02"} 2
microsoft_aspnetcore_hosting_http_server_request_duration_bucket{http_request_method="GET",http_response_status_code="200",http_route="/metrics",network_protocol_version="1.1",url_scheme="http",le="0.04"} 2
microsoft_aspnetcore_hosting_http_server_request_duration_bucket{http_request_method="GET",http_response_status_code="200",http_route="/metrics",network_protocol_version="1.1",url_scheme="http",le="0.08"} 2
microsoft_aspnetcore_hosting_http_server_request_duration_bucket{http_request_method="GET",http_response_status_code="200",http_route="/metrics",network_protocol_version="1.1",url_scheme="http",le="0.16"} 2
microsoft_aspnetcore_hosting_http_server_request_duration_bucket{http_request_method="GET",http_response_status_code="200",http_route="/metrics",network_protocol_version="1.1",url_scheme="http",le="0.32"} 2
microsoft_aspnetcore_hosting_http_server_request_duration_bucket{http_request_method="GET",http_response_status_code="200",http_route="/metrics",network_protocol_version="1.1",url_scheme="http",le="0.64"} 2
microsoft_aspnetcore_hosting_http_server_request_duration_bucket{http_request_method="GET",http_response_status_code="200",http_route="/metrics",network_protocol_version="1.1",url_scheme="http",le="1.28"} 2
microsoft_aspnetcore_hosting_http_server_request_duration_bucket{http_request_method="GET",http_response_status_code="200",http_route="/metrics",network_protocol_version="1.1",url_scheme="http",le="2.56"} 2
microsoft_aspnetcore_hosting_http_server_request_duration_bucket{http_request_method="GET",http_response_status_code="200",http_route="/metrics",network_protocol_version="1.1",url_scheme="http",le="5.12"} 2
microsoft_aspnetcore_hosting_http_server_request_duration_bucket{http_request_method="GET",http_response_status_code="200",http_route="/metrics",network_protocol_version="1.1",url_scheme="http",le="10.24"} 2
microsoft_aspnetcore_hosting_http_server_request_duration_bucket{http_request_method="GET",http_response_status_code="200",http_route="/metrics",network_protocol_version="1.1",url_scheme="http",le="20.48"} 2
microsoft_aspnetcore_hosting_http_server_request_duration_bucket{http_request_method="GET",http_response_status_code="200",http_route="/metrics",network_protocol_version="1.1",url_scheme="http",le="40.96"} 2
microsoft_aspnetcore_hosting_http_server_request_duration_bucket{http_request_method="GET",http_response_status_code="200",http_route="/metrics",network_protocol_version="1.1",url_scheme="http",le="81.92"} 2
microsoft_aspnetcore_hosting_http_server_request_duration_bucket{http_request_method="GET",http_response_status_code="200",http_route="/metrics",network_protocol_version="1.1",url_scheme="http",le="163.84"} 2
microsoft_aspnetcore_hosting_http_server_request_duration_bucket{http_request_method="GET",http_response_status_code="200",http_route="/metrics",network_protocol_version="1.1",url_scheme="http",le="327.68"} 2
microsoft_aspnetcore_hosting_http_server_request_duration_bucket{http_request_method="GET",http_response_status_code="200",http_route="/metrics",network_protocol_version="1.1",url_scheme="http",le="655.36"} 2
microsoft_aspnetcore_hosting_http_server_request_duration_bucket{http_request_method="GET",http_response_status_code="200",http_route="/metrics",network_protocol_version="1.1",url_scheme="http",le="1310.72"} 2
microsoft_aspnetcore_hosting_http_server_request_duration_bucket{http_request_method="GET",http_response_status_code="200",http_route="/metrics",network_protocol_version="1.1",url_scheme="http",le="2621.44"} 2
microsoft_aspnetcore_hosting_http_server_request_duration_bucket{http_request_method="GET",http_response_status_code="200",http_route="/metrics",network_protocol_version="1.1",url_scheme="http",le="5242.88"} 2
microsoft_aspnetcore_hosting_http_server_request_duration_bucket{http_request_method="GET",http_response_status_code="200",http_route="/metrics",network_protocol_version="1.1",url_scheme="http",le="10485.76"} 2
microsoft_aspnetcore_hosting_http_server_request_duration_bucket{http_request_method="GET",http_response_status_code="200",http_route="/metrics",network_protocol_version="1.1",url_scheme="http",le="20971.52"} 2
microsoft_aspnetcore_hosting_http_server_request_duration_bucket{http_request_method="GET",http_response_status_code="200",http_route="/metrics",network_protocol_version="1.1",url_scheme="http",le="41943.04"} 2
microsoft_aspnetcore_hosting_http_server_request_duration_bucket{http_request_method="GET",http_response_status_code="200",http_route="/metrics",network_protocol_version="1.1",url_scheme="http",le="83886.08"} 2
microsoft_aspnetcore_hosting_http_server_request_duration_bucket{http_request_method="GET",http_response_status_code="200",http_route="/metrics",network_protocol_version="1.1",url_scheme="http",le="167772.16"} 2
microsoft_aspnetcore_hosting_http_server_request_duration_bucket{http_request_method="GET",http_response_status_code="200",http_route="/metrics",network_protocol_version="1.1",url_scheme="http",le="+Inf"} 2
microsoft_aspnetcore_hosting_http_server_request_duration_sum{http_request_method="GET",http_response_status_code="200",http_route="/currencies/liveness",network_protocol_version="1.1",url_scheme="http"} 0.026692399999999998
microsoft_aspnetcore_hosting_http_server_request_duration_count{http_request_method="GET",http_response_status_code="200",http_route="/currencies/liveness",network_protocol_version="1.1",url_scheme="http"} 2
microsoft_aspnetcore_hosting_http_server_request_duration_bucket{http_request_method="GET",http_response_status_code="200",http_route="/currencies/liveness",network_protocol_version="1.1",url_scheme="http",le="0.01"} 1
microsoft_aspnetcore_hosting_http_server_request_duration_bucket{http_request_method="GET",http_response_status_code="200",http_route="/currencies/liveness",network_protocol_version="1.1",url_scheme="http",le="0.02"} 1
microsoft_aspnetcore_hosting_http_server_request_duration_bucket{http_request_method="GET",http_response_status_code="200",http_route="/currencies/liveness",network_protocol_version="1.1",url_scheme="http",le="0.04"} 2
microsoft_aspnetcore_hosting_http_server_request_duration_bucket{http_request_method="GET",http_response_status_code="200",http_route="/currencies/liveness",network_protocol_version="1.1",url_scheme="http",le="0.08"} 2
microsoft_aspnetcore_hosting_http_server_request_duration_bucket{http_request_method="GET",http_response_status_code="200",http_route="/currencies/liveness",network_protocol_version="1.1",url_scheme="http",le="0.16"} 2
microsoft_aspnetcore_hosting_http_server_request_duration_bucket{http_request_method="GET",http_response_status_code="200",http_route="/currencies/liveness",network_protocol_version="1.1",url_scheme="http",le="0.32"} 2
microsoft_aspnetcore_hosting_http_server_request_duration_bucket{http_request_method="GET",http_response_status_code="200",http_route="/currencies/liveness",network_protocol_version="1.1",url_scheme="http",le="0.64"} 2
microsoft_aspnetcore_hosting_http_server_request_duration_bucket{http_request_method="GET",http_response_status_code="200",http_route="/currencies/liveness",network_protocol_version="1.1",url_scheme="http",le="1.28"} 2
microsoft_aspnetcore_hosting_http_server_request_duration_bucket{http_request_method="GET",http_response_status_code="200",http_route="/currencies/liveness",network_protocol_version="1.1",url_scheme="http",le="2.56"} 2
microsoft_aspnetcore_hosting_http_server_request_duration_bucket{http_request_method="GET",http_response_status_code="200",http_route="/currencies/liveness",network_protocol_version="1.1",url_scheme="http",le="5.12"} 2
microsoft_aspnetcore_hosting_http_server_request_duration_bucket{http_request_method="GET",http_response_status_code="200",http_route="/currencies/liveness",network_protocol_version="1.1",url_scheme="http",le="10.24"} 2
microsoft_aspnetcore_hosting_http_server_request_duration_bucket{http_request_method="GET",http_response_status_code="200",http_route="/currencies/liveness",network_protocol_version="1.1",url_scheme="http",le="20.48"} 2
microsoft_aspnetcore_hosting_http_server_request_duration_bucket{http_request_method="GET",http_response_status_code="200",http_route="/currencies/liveness",network_protocol_version="1.1",url_scheme="http",le="40.96"} 2
microsoft_aspnetcore_hosting_http_server_request_duration_bucket{http_request_method="GET",http_response_status_code="200",http_route="/currencies/liveness",network_protocol_version="1.1",url_scheme="http",le="81.92"} 2
microsoft_aspnetcore_hosting_http_server_request_duration_bucket{http_request_method="GET",http_response_status_code="200",http_route="/currencies/liveness",network_protocol_version="1.1",url_scheme="http",le="163.84"} 2
microsoft_aspnetcore_hosting_http_server_request_duration_bucket{http_request_method="GET",http_response_status_code="200",http_route="/currencies/liveness",network_protocol_version="1.1",url_scheme="http",le="327.68"} 2
microsoft_aspnetcore_hosting_http_server_request_duration_bucket{http_request_method="GET",http_response_status_code="200",http_route="/currencies/liveness",network_protocol_version="1.1",url_scheme="http",le="655.36"} 2
microsoft_aspnetcore_hosting_http_server_request_duration_bucket{http_request_method="GET",http_response_status_code="200",http_route="/currencies/liveness",network_protocol_version="1.1",url_scheme="http",le="1310.72"} 2
microsoft_aspnetcore_hosting_http_server_request_duration_bucket{http_request_method="GET",http_response_status_code="200",http_route="/currencies/liveness",network_protocol_version="1.1",url_scheme="http",le="2621.44"} 2
microsoft_aspnetcore_hosting_http_server_request_duration_bucket{http_request_method="GET",http_response_status_code="200",http_route="/currencies/liveness",network_protocol_version="1.1",url_scheme="http",le="5242.88"} 2
microsoft_aspnetcore_hosting_http_server_request_duration_bucket{http_request_method="GET",http_response_status_code="200",http_route="/currencies/liveness",network_protocol_version="1.1",url_scheme="http",le="10485.76"} 2
microsoft_aspnetcore_hosting_http_server_request_duration_bucket{http_request_method="GET",http_response_status_code="200",http_route="/currencies/liveness",network_protocol_version="1.1",url_scheme="http",le="20971.52"} 2
microsoft_aspnetcore_hosting_http_server_request_duration_bucket{http_request_method="GET",http_response_status_code="200",http_route="/currencies/liveness",network_protocol_version="1.1",url_scheme="http",le="41943.04"} 2
microsoft_aspnetcore_hosting_http_server_request_duration_bucket{http_request_method="GET",http_response_status_code="200",http_route="/currencies/liveness",network_protocol_version="1.1",url_scheme="http",le="83886.08"} 2
microsoft_aspnetcore_hosting_http_server_request_duration_bucket{http_request_method="GET",http_response_status_code="200",http_route="/currencies/liveness",network_protocol_version="1.1",url_scheme="http",le="167772.16"} 2
microsoft_aspnetcore_hosting_http_server_request_duration_bucket{http_request_method="GET",http_response_status_code="200",http_route="/currencies/liveness",network_protocol_version="1.1",url_scheme="http",le="+Inf"} 2
microsoft_aspnetcore_hosting_http_server_request_duration_sum{http_request_method="GET",http_response_status_code="200",http_route="/currencies/readiness",network_protocol_version="1.1",url_scheme="http"} 0.18039750000000002
microsoft_aspnetcore_hosting_http_server_request_duration_count{http_request_method="GET",http_response_status_code="200",http_route="/currencies/readiness",network_protocol_version="1.1",url_scheme="http"} 4
microsoft_aspnetcore_hosting_http_server_request_duration_bucket{http_request_method="GET",http_response_status_code="200",http_route="/currencies/readiness",network_protocol_version="1.1",url_scheme="http",le="0.01"} 3
microsoft_aspnetcore_hosting_http_server_request_duration_bucket{http_request_method="GET",http_response_status_code="200",http_route="/currencies/readiness",network_protocol_version="1.1",url_scheme="http",le="0.02"} 3
microsoft_aspnetcore_hosting_http_server_request_duration_bucket{http_request_method="GET",http_response_status_code="200",http_route="/currencies/readiness",network_protocol_version="1.1",url_scheme="http",le="0.04"} 3
microsoft_aspnetcore_hosting_http_server_request_duration_bucket{http_request_method="GET",http_response_status_code="200",http_route="/currencies/readiness",network_protocol_version="1.1",url_scheme="http",le="0.08"} 3
microsoft_aspnetcore_hosting_http_server_request_duration_bucket{http_request_method="GET",http_response_status_code="200",http_route="/currencies/readiness",network_protocol_version="1.1",url_scheme="http",le="0.16"} 3
microsoft_aspnetcore_hosting_http_server_request_duration_bucket{http_request_method="GET",http_response_status_code="200",http_route="/currencies/readiness",network_protocol_version="1.1",url_scheme="http",le="0.32"} 4
microsoft_aspnetcore_hosting_http_server_request_duration_bucket{http_request_method="GET",http_response_status_code="200",http_route="/currencies/readiness",network_protocol_version="1.1",url_scheme="http",le="0.64"} 4
microsoft_aspnetcore_hosting_http_server_request_duration_bucket{http_request_method="GET",http_response_status_code="200",http_route="/currencies/readiness",network_protocol_version="1.1",url_scheme="http",le="1.28"} 4
microsoft_aspnetcore_hosting_http_server_request_duration_bucket{http_request_method="GET",http_response_status_code="200",http_route="/currencies/readiness",network_protocol_version="1.1",url_scheme="http",le="2.56"} 4
microsoft_aspnetcore_hosting_http_server_request_duration_bucket{http_request_method="GET",http_response_status_code="200",http_route="/currencies/readiness",network_protocol_version="1.1",url_scheme="http",le="5.12"} 4
microsoft_aspnetcore_hosting_http_server_request_duration_bucket{http_request_method="GET",http_response_status_code="200",http_route="/currencies/readiness",network_protocol_version="1.1",url_scheme="http",le="10.24"} 4
microsoft_aspnetcore_hosting_http_server_request_duration_bucket{http_request_method="GET",http_response_status_code="200",http_route="/currencies/readiness",network_protocol_version="1.1",url_scheme="http",le="20.48"} 4
microsoft_aspnetcore_hosting_http_server_request_duration_bucket{http_request_method="GET",http_response_status_code="200",http_route="/currencies/readiness",network_protocol_version="1.1",url_scheme="http",le="40.96"} 4
microsoft_aspnetcore_hosting_http_server_request_duration_bucket{http_request_method="GET",http_response_status_code="200",http_route="/currencies/readiness",network_protocol_version="1.1",url_scheme="http",le="81.92"} 4
microsoft_aspnetcore_hosting_http_server_request_duration_bucket{http_request_method="GET",http_response_status_code="200",http_route="/currencies/readiness",network_protocol_version="1.1",url_scheme="http",le="163.84"} 4
microsoft_aspnetcore_hosting_http_server_request_duration_bucket{http_request_method="GET",http_response_status_code="200",http_route="/currencies/readiness",network_protocol_version="1.1",url_scheme="http",le="327.68"} 4
microsoft_aspnetcore_hosting_http_server_request_duration_bucket{http_request_method="GET",http_response_status_code="200",http_route="/currencies/readiness",network_protocol_version="1.1",url_scheme="http",le="655.36"} 4
microsoft_aspnetcore_hosting_http_server_request_duration_bucket{http_request_method="GET",http_response_status_code="200",http_route="/currencies/readiness",network_protocol_version="1.1",url_scheme="http",le="1310.72"} 4
microsoft_aspnetcore_hosting_http_server_request_duration_bucket{http_request_method="GET",http_response_status_code="200",http_route="/currencies/readiness",network_protocol_version="1.1",url_scheme="http",le="2621.44"} 4
microsoft_aspnetcore_hosting_http_server_request_duration_bucket{http_request_method="GET",http_response_status_code="200",http_route="/currencies/readiness",network_protocol_version="1.1",url_scheme="http",le="5242.88"} 4
microsoft_aspnetcore_hosting_http_server_request_duration_bucket{http_request_method="GET",http_response_status_code="200",http_route="/currencies/readiness",network_protocol_version="1.1",url_scheme="http",le="10485.76"} 4
microsoft_aspnetcore_hosting_http_server_request_duration_bucket{http_request_method="GET",http_response_status_code="200",http_route="/currencies/readiness",network_protocol_version="1.1",url_scheme="http",le="20971.52"} 4
microsoft_aspnetcore_hosting_http_server_request_duration_bucket{http_request_method="GET",http_response_status_code="200",http_route="/currencies/readiness",network_protocol_version="1.1",url_scheme="http",le="41943.04"} 4
microsoft_aspnetcore_hosting_http_server_request_duration_bucket{http_request_method="GET",http_response_status_code="200",http_route="/currencies/readiness",network_protocol_version="1.1",url_scheme="http",le="83886.08"} 4
microsoft_aspnetcore_hosting_http_server_request_duration_bucket{http_request_method="GET",http_response_status_code="200",http_route="/currencies/readiness",network_protocol_version="1.1",url_scheme="http",le="167772.16"} 4
microsoft_aspnetcore_hosting_http_server_request_duration_bucket{http_request_method="GET",http_response_status_code="200",http_route="/currencies/readiness",network_protocol_version="1.1",url_scheme="http",le="+Inf"} 4
microsoft_aspnetcore_hosting_http_server_request_duration_sum{http_request_method="POST",http_response_status_code="201",http_route="currencies/v{version:apiVersion}/admin/currencies",network_protocol_version="1.1",url_scheme="http"} 0.0069209
microsoft_aspnetcore_hosting_http_server_request_duration_count{http_request_method="POST",http_response_status_code="201",http_route="currencies/v{version:apiVersion}/admin/currencies",network_protocol_version="1.1",url_scheme="http"} 1
microsoft_aspnetcore_hosting_http_server_request_duration_bucket{http_request_method="POST",http_response_status_code="201",http_route="currencies/v{version:apiVersion}/admin/currencies",network_protocol_version="1.1",url_scheme="http",le="0.01"} 1
microsoft_aspnetcore_hosting_http_server_request_duration_bucket{http_request_method="POST",http_response_status_code="201",http_route="currencies/v{version:apiVersion}/admin/currencies",network_protocol_version="1.1",url_scheme="http",le="0.02"} 1
microsoft_aspnetcore_hosting_http_server_request_duration_bucket{http_request_method="POST",http_response_status_code="201",http_route="currencies/v{version:apiVersion}/admin/currencies",network_protocol_version="1.1",url_scheme="http",le="0.04"} 1
microsoft_aspnetcore_hosting_http_server_request_duration_bucket{http_request_method="POST",http_response_status_code="201",http_route="currencies/v{version:apiVersion}/admin/currencies",network_protocol_version="1.1",url_scheme="http",le="0.08"} 1
microsoft_aspnetcore_hosting_http_server_request_duration_bucket{http_request_method="POST",http_response_status_code="201",http_route="currencies/v{version:apiVersion}/admin/currencies",network_protocol_version="1.1",url_scheme="http",le="0.16"} 1
microsoft_aspnetcore_hosting_http_server_request_duration_bucket{http_request_method="POST",http_response_status_code="201",http_route="currencies/v{version:apiVersion}/admin/currencies",network_protocol_version="1.1",url_scheme="http",le="0.32"} 1
microsoft_aspnetcore_hosting_http_server_request_duration_bucket{http_request_method="POST",http_response_status_code="201",http_route="currencies/v{version:apiVersion}/admin/currencies",network_protocol_version="1.1",url_scheme="http",le="0.64"} 1
microsoft_aspnetcore_hosting_http_server_request_duration_bucket{http_request_method="POST",http_response_status_code="201",http_route="currencies/v{version:apiVersion}/admin/currencies",network_protocol_version="1.1",url_scheme="http",le="1.28"} 1
microsoft_aspnetcore_hosting_http_server_request_duration_bucket{http_request_method="POST",http_response_status_code="201",http_route="currencies/v{version:apiVersion}/admin/currencies",network_protocol_version="1.1",url_scheme="http",le="2.56"} 1
microsoft_aspnetcore_hosting_http_server_request_duration_bucket{http_request_method="POST",http_response_status_code="201",http_route="currencies/v{version:apiVersion}/admin/currencies",network_protocol_version="1.1",url_scheme="http",le="5.12"} 1
microsoft_aspnetcore_hosting_http_server_request_duration_bucket{http_request_method="POST",http_response_status_code="201",http_route="currencies/v{version:apiVersion}/admin/currencies",network_protocol_version="1.1",url_scheme="http",le="10.24"} 1
microsoft_aspnetcore_hosting_http_server_request_duration_bucket{http_request_method="POST",http_response_status_code="201",http_route="currencies/v{version:apiVersion}/admin/currencies",network_protocol_version="1.1",url_scheme="http",le="20.48"} 1
microsoft_aspnetcore_hosting_http_server_request_duration_bucket{http_request_method="POST",http_response_status_code="201",http_route="currencies/v{version:apiVersion}/admin/currencies",network_protocol_version="1.1",url_scheme="http",le="40.96"} 1
microsoft_aspnetcore_hosting_http_server_request_duration_bucket{http_request_method="POST",http_response_status_code="201",http_route="currencies/v{version:apiVersion}/admin/currencies",network_protocol_version="1.1",url_scheme="http",le="81.92"} 1
microsoft_aspnetcore_hosting_http_server_request_duration_bucket{http_request_method="POST",http_response_status_code="201",http_route="currencies/v{version:apiVersion}/admin/currencies",network_protocol_version="1.1",url_scheme="http",le="163.84"} 1
microsoft_aspnetcore_hosting_http_server_request_duration_bucket{http_request_method="POST",http_response_status_code="201",http_route="currencies/v{version:apiVersion}/admin/currencies",network_protocol_version="1.1",url_scheme="http",le="327.68"} 1
microsoft_aspnetcore_hosting_http_server_request_duration_bucket{http_request_method="POST",http_response_status_code="201",http_route="currencies/v{version:apiVersion}/admin/currencies",network_protocol_version="1.1",url_scheme="http",le="655.36"} 1
microsoft_aspnetcore_hosting_http_server_request_duration_bucket{http_request_method="POST",http_response_status_code="201",http_route="currencies/v{version:apiVersion}/admin/currencies",network_protocol_version="1.1",url_scheme="http",le="1310.72"} 1
microsoft_aspnetcore_hosting_http_server_request_duration_bucket{http_request_method="POST",http_response_status_code="201",http_route="currencies/v{version:apiVersion}/admin/currencies",network_protocol_version="1.1",url_scheme="http",le="2621.44"} 1
microsoft_aspnetcore_hosting_http_server_request_duration_bucket{http_request_method="POST",http_response_status_code="201",http_route="currencies/v{version:apiVersion}/admin/currencies",network_protocol_version="1.1",url_scheme="http",le="5242.88"} 1
microsoft_aspnetcore_hosting_http_server_request_duration_bucket{http_request_method="POST",http_response_status_code="201",http_route="currencies/v{version:apiVersion}/admin/currencies",network_protocol_version="1.1",url_scheme="http",le="10485.76"} 1
microsoft_aspnetcore_hosting_http_server_request_duration_bucket{http_request_method="POST",http_response_status_code="201",http_route="currencies/v{version:apiVersion}/admin/currencies",network_protocol_version="1.1",url_scheme="http",le="20971.52"} 1
microsoft_aspnetcore_hosting_http_server_request_duration_bucket{http_request_method="POST",http_response_status_code="201",http_route="currencies/v{version:apiVersion}/admin/currencies",network_protocol_version="1.1",url_scheme="http",le="41943.04"} 1
microsoft_aspnetcore_hosting_http_server_request_duration_bucket{http_request_method="POST",http_response_status_code="201",http_route="currencies/v{version:apiVersion}/admin/currencies",network_protocol_version="1.1",url_scheme="http",le="83886.08"} 1
microsoft_aspnetcore_hosting_http_server_request_duration_bucket{http_request_method="POST",http_response_status_code="201",http_route="currencies/v{version:apiVersion}/admin/currencies",network_protocol_version="1.1",url_scheme="http",le="167772.16"} 1
microsoft_aspnetcore_hosting_http_server_request_duration_bucket{http_request_method="POST",http_response_status_code="201",http_route="currencies/v{version:apiVersion}/admin/currencies",network_protocol_version="1.1",url_scheme="http",le="+Inf"} 1
microsoft_aspnetcore_hosting_http_server_request_duration_sum{http_request_method="GET",http_response_status_code="200",http_route="currencies/v{version:apiVersion}/rates",network_protocol_version="1.1",url_scheme="http"} 0.0031984
microsoft_aspnetcore_hosting_http_server_request_duration_count{http_request_method="GET",http_response_status_code="200",http_route="currencies/v{version:apiVersion}/rates",network_protocol_version="1.1",url_scheme="http"} 2
microsoft_aspnetcore_hosting_http_server_request_duration_bucket{http_request_method="GET",http_response_status_code="200",http_route="currencies/v{version:apiVersion}/rates",network_protocol_version="1.1",url_scheme="http",le="0.01"} 2
microsoft_aspnetcore_hosting_http_server_request_duration_bucket{http_request_method="GET",http_response_status_code="200",http_route="currencies/v{version:apiVersion}/rates",network_protocol_version="1.1",url_scheme="http",le="0.02"} 2
microsoft_aspnetcore_hosting_http_server_request_duration_bucket{http_request_method="GET",http_response_status_code="200",http_route="currencies/v{version:apiVersion}/rates",network_protocol_version="1.1",url_scheme="http",le="0.04"} 2
microsoft_aspnetcore_hosting_http_server_request_duration_bucket{http_request_method="GET",http_response_status_code="200",http_route="currencies/v{version:apiVersion}/rates",network_protocol_version="1.1",url_scheme="http",le="0.08"} 2
microsoft_aspnetcore_hosting_http_server_request_duration_bucket{http_request_method="GET",http_response_status_code="200",http_route="currencies/v{version:apiVersion}/rates",network_protocol_version="1.1",url_scheme="http",le="0.16"} 2
microsoft_aspnetcore_hosting_http_server_request_duration_bucket{http_request_method="GET",http_response_status_code="200",http_route="currencies/v{version:apiVersion}/rates",network_protocol_version="1.1",url_scheme="http",le="0.32"} 2
microsoft_aspnetcore_hosting_http_server_request_duration_bucket{http_request_method="GET",http_response_status_code="200",http_route="currencies/v{version:apiVersion}/rates",network_protocol_version="1.1",url_scheme="http",le="0.64"} 2
microsoft_aspnetcore_hosting_http_server_request_duration_bucket{http_request_method="GET",http_response_status_code="200",http_route="currencies/v{version:apiVersion}/rates",network_protocol_version="1.1",url_scheme="http",le="1.28"} 2
microsoft_aspnetcore_hosting_http_server_request_duration_bucket{http_request_method="GET",http_response_status_code="200",http_route="currencies/v{version:apiVersion}/rates",network_protocol_version="1.1",url_scheme="http",le="2.56"} 2
microsoft_aspnetcore_hosting_http_server_request_duration_bucket{http_request_method="GET",http_response_status_code="200",http_route="currencies/v{version:apiVersion}/rates",network_protocol_version="1.1",url_scheme="http",le="5.12"} 2
microsoft_aspnetcore_hosting_http_server_request_duration_bucket{http_request_method="GET",http_response_status_code="200",http_route="currencies/v{version:apiVersion}/rates",network_protocol_version="1.1",url_scheme="http",le="10.24"} 2
microsoft_aspnetcore_hosting_http_server_request_duration_bucket{http_request_method="GET",http_response_status_code="200",http_route="currencies/v{version:apiVersion}/rates",network_protocol_version="1.1",url_scheme="http",le="20.48"} 2
microsoft_aspnetcore_hosting_http_server_request_duration_bucket{http_request_method="GET",http_response_status_code="200",http_route="currencies/v{version:apiVersion}/rates",network_protocol_version="1.1",url_scheme="http",le="40.96"} 2
microsoft_aspnetcore_hosting_http_server_request_duration_bucket{http_request_method="GET",http_response_status_code="200",http_route="currencies/v{version:apiVersion}/rates",network_protocol_version="1.1",url_scheme="http",le="81.92"} 2
microsoft_aspnetcore_hosting_http_server_request_duration_bucket{http_request_method="GET",http_response_status_code="200",http_route="currencies/v{version:apiVersion}/rates",network_protocol_version="1.1",url_scheme="http",le="163.84"} 2
microsoft_aspnetcore_hosting_http_server_request_duration_bucket{http_request_method="GET",http_response_status_code="200",http_route="currencies/v{version:apiVersion}/rates",network_protocol_version="1.1",url_scheme="http",le="327.68"} 2
microsoft_aspnetcore_hosting_http_server_request_duration_bucket{http_request_method="GET",http_response_status_code="200",http_route="currencies/v{version:apiVersion}/rates",network_protocol_version="1.1",url_scheme="http",le="655.36"} 2
microsoft_aspnetcore_hosting_http_server_request_duration_bucket{http_request_method="GET",http_response_status_code="200",http_route="currencies/v{version:apiVersion}/rates",network_protocol_version="1.1",url_scheme="http",le="1310.72"} 2
microsoft_aspnetcore_hosting_http_server_request_duration_bucket{http_request_method="GET",http_response_status_code="200",http_route="currencies/v{version:apiVersion}/rates",network_protocol_version="1.1",url_scheme="http",le="2621.44"} 2
microsoft_aspnetcore_hosting_http_server_request_duration_bucket{http_request_method="GET",http_response_status_code="200",http_route="currencies/v{version:apiVersion}/rates",network_protocol_version="1.1",url_scheme="http",le="5242.88"} 2
microsoft_aspnetcore_hosting_http_server_request_duration_bucket{http_request_method="GET",http_response_status_code="200",http_route="currencies/v{version:apiVersion}/rates",network_protocol_version="1.1",url_scheme="http",le="10485.76"} 2
microsoft_aspnetcore_hosting_http_server_request_duration_bucket{http_request_method="GET",http_response_status_code="200",http_route="currencies/v{version:apiVersion}/rates",network_protocol_version="1.1",url_scheme="http",le="20971.52"} 2
microsoft_aspnetcore_hosting_http_server_request_duration_bucket{http_request_method="GET",http_response_status_code="200",http_route="currencies/v{version:apiVersion}/rates",network_protocol_version="1.1",url_scheme="http",le="41943.04"} 2
microsoft_aspnetcore_hosting_http_server_request_duration_bucket{http_request_method="GET",http_response_status_code="200",http_route="currencies/v{version:apiVersion}/rates",network_protocol_version="1.1",url_scheme="http",le="83886.08"} 2
microsoft_aspnetcore_hosting_http_server_request_duration_bucket{http_request_method="GET",http_response_status_code="200",http_route="currencies/v{version:apiVersion}/rates",network_protocol_version="1.1",url_scheme="http",le="167772.16"} 2
microsoft_aspnetcore_hosting_http_server_request_duration_bucket{http_request_method="GET",http_response_status_code="200",http_route="currencies/v{version:apiVersion}/rates",network_protocol_version="1.1",url_scheme="http",le="+Inf"} 2
# HELP npgsql_db_client_operation_npgsql_prepared_ratio The ratio of prepared command executions. (ObservableGauge`1)
# TYPE npgsql_db_client_operation_npgsql_prepared_ratio gauge
npgsql_db_client_operation_npgsql_prepared_ratio{db_client_connection_pool_name="Host=127.0.0.1;Port=59462;Database=currency_app_db;Username=postgres"} 0
# HELP system_runtime_dotnet_exceptions ({exception}) The number of exceptions that have been thrown in managed code. (Counter`1)
# TYPE system_runtime_dotnet_exceptions gauge
system_runtime_dotnet_exceptions{error_type="EndOfStreamException"} 42
system_runtime_dotnet_exceptions{error_type="NpgsqlException"} 84
system_runtime_dotnet_exceptions{error_type="XunitException"} 4
# HELP npgsql_db_client_connection_npgsql_create_time (s) The time it took to create a new connection. (Histogram`1)
# TYPE npgsql_db_client_connection_npgsql_create_time histogram
npgsql_db_client_connection_npgsql_create_time_sum{db_client_connection_pool_name="Host=127.0.0.1;Port=59462;Database=currency_app_db;Username=postgres"} 1.8506885
npgsql_db_client_connection_npgsql_create_time_count{db_client_connection_pool_name="Host=127.0.0.1;Port=59462;Database=currency_app_db;Username=postgres"} 21
npgsql_db_client_connection_npgsql_create_time_bucket{db_client_connection_pool_name="Host=127.0.0.1;Port=59462;Database=currency_app_db;Username=postgres",le="0.01"} 0
npgsql_db_client_connection_npgsql_create_time_bucket{db_client_connection_pool_name="Host=127.0.0.1;Port=59462;Database=currency_app_db;Username=postgres",le="0.02"} 0
npgsql_db_client_connection_npgsql_create_time_bucket{db_client_connection_pool_name="Host=127.0.0.1;Port=59462;Database=currency_app_db;Username=postgres",le="0.04"} 0
npgsql_db_client_connection_npgsql_create_time_bucket{db_client_connection_pool_name="Host=127.0.0.1;Port=59462;Database=currency_app_db;Username=postgres",le="0.08"} 5
npgsql_db_client_connection_npgsql_create_time_bucket{db_client_connection_pool_name="Host=127.0.0.1;Port=59462;Database=currency_app_db;Username=postgres",le="0.16"} 21
npgsql_db_client_connection_npgsql_create_time_bucket{db_client_connection_pool_name="Host=127.0.0.1;Port=59462;Database=currency_app_db;Username=postgres",le="0.32"} 21
npgsql_db_client_connection_npgsql_create_time_bucket{db_client_connection_pool_name="Host=127.0.0.1;Port=59462;Database=currency_app_db;Username=postgres",le="0.64"} 21
npgsql_db_client_connection_npgsql_create_time_bucket{db_client_connection_pool_name="Host=127.0.0.1;Port=59462;Database=currency_app_db;Username=postgres",le="1.28"} 21
npgsql_db_client_connection_npgsql_create_time_bucket{db_client_connection_pool_name="Host=127.0.0.1;Port=59462;Database=currency_app_db;Username=postgres",le="2.56"} 21
npgsql_db_client_connection_npgsql_create_time_bucket{db_client_connection_pool_name="Host=127.0.0.1;Port=59462;Database=currency_app_db;Username=postgres",le="5.12"} 21
npgsql_db_client_connection_npgsql_create_time_bucket{db_client_connection_pool_name="Host=127.0.0.1;Port=59462;Database=currency_app_db;Username=postgres",le="10.24"} 21
npgsql_db_client_connection_npgsql_create_time_bucket{db_client_connection_pool_name="Host=127.0.0.1;Port=59462;Database=currency_app_db;Username=postgres",le="20.48"} 21
npgsql_db_client_connection_npgsql_create_time_bucket{db_client_connection_pool_name="Host=127.0.0.1;Port=59462;Database=currency_app_db;Username=postgres",le="40.96"} 21
npgsql_db_client_connection_npgsql_create_time_bucket{db_client_connection_pool_name="Host=127.0.0.1;Port=59462;Database=currency_app_db;Username=postgres",le="81.92"} 21
npgsql_db_client_connection_npgsql_create_time_bucket{db_client_connection_pool_name="Host=127.0.0.1;Port=59462;Database=currency_app_db;Username=postgres",le="163.84"} 21
npgsql_db_client_connection_npgsql_create_time_bucket{db_client_connection_pool_name="Host=127.0.0.1;Port=59462;Database=currency_app_db;Username=postgres",le="327.68"} 21
npgsql_db_client_connection_npgsql_create_time_bucket{db_client_connection_pool_name="Host=127.0.0.1;Port=59462;Database=currency_app_db;Username=postgres",le="655.36"} 21
npgsql_db_client_connection_npgsql_create_time_bucket{db_client_connection_pool_name="Host=127.0.0.1;Port=59462;Database=currency_app_db;Username=postgres",le="1310.72"} 21
npgsql_db_client_connection_npgsql_create_time_bucket{db_client_connection_pool_name="Host=127.0.0.1;Port=59462;Database=currency_app_db;Username=postgres",le="2621.44"} 21
npgsql_db_client_connection_npgsql_create_time_bucket{db_client_connection_pool_name="Host=127.0.0.1;Port=59462;Database=currency_app_db;Username=postgres",le="5242.88"} 21
npgsql_db_client_connection_npgsql_create_time_bucket{db_client_connection_pool_name="Host=127.0.0.1;Port=59462;Database=currency_app_db;Username=postgres",le="10485.76"} 21
npgsql_db_client_connection_npgsql_create_time_bucket{db_client_connection_pool_name="Host=127.0.0.1;Port=59462;Database=currency_app_db;Username=postgres",le="20971.52"} 21
npgsql_db_client_connection_npgsql_create_time_bucket{db_client_connection_pool_name="Host=127.0.0.1;Port=59462;Database=currency_app_db;Username=postgres",le="41943.04"} 21
npgsql_db_client_connection_npgsql_create_time_bucket{db_client_connection_pool_name="Host=127.0.0.1;Port=59462;Database=currency_app_db;Username=postgres",le="83886.08"} 21
npgsql_db_client_connection_npgsql_create_time_bucket{db_client_connection_pool_name="Host=127.0.0.1;Port=59462;Database=currency_app_db;Username=postgres",le="167772.16"} 21
npgsql_db_client_connection_npgsql_create_time_bucket{db_client_connection_pool_name="Host=127.0.0.1;Port=59462;Database=currency_app_db;Username=postgres",le="+Inf"} 21
# HELP microsoft_aspnetcore_authorization_aspnetcore_authorization_attempts ({attempt}) The total number of authorization attempts. (Counter`1)
# TYPE microsoft_aspnetcore_authorization_aspnetcore_authorization_attempts gauge
microsoft_aspnetcore_authorization_aspnetcore_authorization_attempts{aspnetcore_authorization_result="success",aspnetcore_user_is_authenticated="True"} 1
" does not match.
[xUnit.net 00:00:14.48]       Stack Trace:
[xUnit.net 00:00:14.48]            at FluentAssertions.Execution.XUnit2TestFramework.Throw(String message)
[xUnit.net 00:00:14.48]            at FluentAssertions.Execution.TestFrameworkProvider.Throw(String message)
[xUnit.net 00:00:14.48]            at FluentAssertions.Execution.DefaultAssertionStrategy.HandleFailure(String message)
[xUnit.net 00:00:14.48]            at FluentAssertions.Execution.AssertionScope.FailWith(Func`1 failReasonFunc)
[xUnit.net 00:00:14.48]            at FluentAssertions.Execution.AssertionScope.FailWith(Func`1 failReasonFunc)
[xUnit.net 00:00:14.48]            at FluentAssertions.Execution.AssertionScope.FailWith(String message, Object[] args)
[xUnit.net 00:00:14.48]            at FluentAssertions.Primitives.StringAssertions`1.MatchRegex(Regex regularExpression, String because, Object[] becauseArgs)
[xUnit.net 00:00:14.48]            at FluentAssertions.Primitives.StringAssertions`1.MatchRegex(String regularExpression, String because, Object[] becauseArgs)
[xUnit.net 00:00:14.48]         R:\maliev\Maliev.CurrencyService\Maliev.CurrencyService.Tests\HealthAndObservabilityTests.cs(185,0): at Maliev.CurrencyService.Tests.HealthAndObservabilityTests.FR052_Given_RequestsProcessed_When_MetricsQueried_Then_IncludesRequestMetrics()
[xUnit.net 00:00:14.48]         --- End of stack trace from previous location ---
2025-11-23 20:26:36.634 +07:00 [ERR]  Maliev.CurrencyService.Api.Services.External.FawazahmedProvider Fawazahmed API JSON parsing failed for USD:GBP
System.Text.Json.JsonException: The JSON value could not be converted to System.Collections.Generic.Dictionary`2[System.String,System.Decimal]. Path: $.date | LineNumber: 1 | BytePositionInLine: 21.
   at System.Text.Json.ThrowHelper.ThrowJsonException_DeserializeUnableToConvertValue(Type propertyType)
   at System.Text.Json.Serialization.JsonDictionaryConverter`3.OnTryRead(Utf8JsonReader& reader, Type typeToConvert, JsonSerializerOptions options, ReadStack& state, TDictionary& value)
   at System.Text.Json.Serialization.JsonConverter`1.TryRead(Utf8JsonReader& reader, Type typeToConvert, JsonSerializerOptions options, ReadStack& state, T& value, Boolean& isPopulatedValue)
   at System.Text.Json.Serialization.JsonDictionaryConverter`3.OnTryRead(Utf8JsonReader& reader, Type typeToConvert, JsonSerializerOptions options, ReadStack& state, TDictionary& value)
   at System.Text.Json.Serialization.JsonConverter`1.TryRead(Utf8JsonReader& reader, Type typeToConvert, JsonSerializerOptions options, ReadStack& state, T& value, Boolean& isPopulatedValue)
   at System.Text.Json.Serialization.JsonConverter`1.ReadCore(Utf8JsonReader& reader, T& value, JsonSerializerOptions options, ReadStack& state)
   at System.Text.Json.Serialization.Metadata.JsonTypeInfo`1.Deserialize(Utf8JsonReader& reader, ReadStack& state)
   at System.Text.Json.JsonSerializer.ReadFromSpan[TValue](ReadOnlySpan`1 utf8Json, JsonTypeInfo`1 jsonTypeInfo, Nullable`1 actualByteCount)
   at System.Text.Json.JsonSerializer.ReadFromSpan[TValue](ReadOnlySpan`1 json, JsonTypeInfo`1 jsonTypeInfo)
   at System.Text.Json.JsonSerializer.Deserialize[TValue](String json, JsonSerializerOptions options)
   at Maliev.CurrencyService.Api.Services.External.FawazahmedProvider.GetRateAsync(String fromCurrency, String toCurrency, CancellationToken cancellationToken) in R:\maliev\Maliev.CurrencyService\Maliev.CurrencyService.Api\Services\External\FawazahmedProvider.cs:line 59
2025-11-23 20:26:36.648 +07:00 [WRN]  Maliev.CurrencyService.Api.Services.External.ProviderChain Provider fallback: Fawazahmed  Frankfurter (USD failed, using GBP)
2025-11-23 20:26:36.810 +07:00 [ERR]  Maliev.CurrencyService.Api.Services.External.FawazahmedProvider Fawazahmed API JSON parsing failed for THB:JPY
System.Text.Json.JsonException: The JSON value could not be converted to System.Collections.Generic.Dictionary`2[System.String,System.Decimal]. Path: $.date | LineNumber: 1 | BytePositionInLine: 21.
   at System.Text.Json.ThrowHelper.ThrowJsonException_DeserializeUnableToConvertValue(Type propertyType)
   at System.Text.Json.Serialization.JsonDictionaryConverter`3.OnTryRead(Utf8JsonReader& reader, Type typeToConvert, JsonSerializerOptions options, ReadStack& state, TDictionary& value)
   at System.Text.Json.Serialization.JsonConverter`1.TryRead(Utf8JsonReader& reader, Type typeToConvert, JsonSerializerOptions options, ReadStack& state, T& value, Boolean& isPopulatedValue)
   at System.Text.Json.Serialization.JsonDictionaryConverter`3.OnTryRead(Utf8JsonReader& reader, Type typeToConvert, JsonSerializerOptions options, ReadStack& state, TDictionary& value)
   at System.Text.Json.Serialization.JsonConverter`1.TryRead(Utf8JsonReader& reader, Type typeToConvert, JsonSerializerOptions options, ReadStack& state, T& value, Boolean& isPopulatedValue)
   at System.Text.Json.Serialization.JsonConverter`1.ReadCore(Utf8JsonReader& reader, T& value, JsonSerializerOptions options, ReadStack& state)
   at System.Text.Json.Serialization.Metadata.JsonTypeInfo`1.Deserialize(Utf8JsonReader& reader, ReadStack& state)
   at System.Text.Json.JsonSerializer.ReadFromSpan[TValue](ReadOnlySpan`1 utf8Json, JsonTypeInfo`1 jsonTypeInfo, Nullable`1 actualByteCount)
   at System.Text.Json.JsonSerializer.ReadFromSpan[TValue](ReadOnlySpan`1 json, JsonTypeInfo`1 jsonTypeInfo)
   at System.Text.Json.JsonSerializer.Deserialize[TValue](String json, JsonSerializerOptions options)
   at Maliev.CurrencyService.Api.Services.External.FawazahmedProvider.GetRateAsync(String fromCurrency, String toCurrency, CancellationToken cancellationToken) in R:\maliev\Maliev.CurrencyService\Maliev.CurrencyService.Api\Services\External\FawazahmedProvider.cs:line 59
2025-11-23 20:26:36.827 +07:00 [WRN]  Maliev.CurrencyService.Api.Services.External.ProviderChain Provider fallback: Fawazahmed  Frankfurter (THB failed, using JPY)
2025-11-23 20:26:36.947 +07:00 [ERR]  Serilog.AspNetCore.RequestLoggingMiddleware HTTP GET /currencies/liveness responded 503 in 0.0225 ms
2025-11-23 20:26:36.947 +07:00 [ERR]  Serilog.AspNetCore.RequestLoggingMiddleware HTTP GET /currencies/liveness responded 503 in 0.4666 ms
2025-11-23 20:26:36.947 +07:00 [ERR]  Serilog.AspNetCore.RequestLoggingMiddleware HTTP GET /currencies/liveness responded 503 in 0.5003 ms
2025-11-23 20:26:36.947 +07:00 [ERR]  Serilog.AspNetCore.RequestLoggingMiddleware HTTP GET /currencies/liveness responded 503 in 0.0124 ms
2025-11-23 20:26:36.947 +07:00 [ERR]  Serilog.AspNetCore.RequestLoggingMiddleware HTTP GET /currencies/liveness responded 503 in 0.0127 ms
2025-11-23 20:26:36.947 +07:00 [ERR]  Serilog.AspNetCore.RequestLoggingMiddleware HTTP GET /currencies/liveness responded 503 in 0.0199 ms
2025-11-23 20:26:36.947 +07:00 [ERR]  Serilog.AspNetCore.RequestLoggingMiddleware HTTP GET /currencies/liveness responded 503 in 0.5304 ms
2025-11-23 20:26:36.947 +07:00 [ERR]  Serilog.AspNetCore.RequestLoggingMiddleware HTTP GET /currencies/liveness responded 503 in 0.4296 ms
2025-11-23 20:26:36.947 +07:00 [ERR]  Serilog.AspNetCore.RequestLoggingMiddleware HTTP GET /currencies/liveness responded 503 in 0.3749 ms
2025-11-23 20:26:36.947 +07:00 [ERR]  Serilog.AspNetCore.RequestLoggingMiddleware HTTP GET /currencies/liveness responded 503 in 0.0154 ms
2025-11-23 20:26:36.947 +07:00 [ERR]  Serilog.AspNetCore.RequestLoggingMiddleware HTTP GET /currencies/liveness responded 503 in 0.0320 ms
2025-11-23 20:26:36.947 +07:00 [ERR]  Serilog.AspNetCore.RequestLoggingMiddleware HTTP GET /currencies/liveness responded 503 in 0.6157 ms
2025-11-23 20:26:36.947 +07:00 [ERR]  Serilog.AspNetCore.RequestLoggingMiddleware HTTP GET /currencies/liveness responded 503 in 0.0164 ms
2025-11-23 20:26:36.947 +07:00 [ERR]  Serilog.AspNetCore.RequestLoggingMiddleware HTTP GET /currencies/liveness responded 503 in 0.4656 ms
2025-11-23 20:26:36.947 +07:00 [ERR]  Serilog.AspNetCore.RequestLoggingMiddleware HTTP GET /currencies/liveness responded 503 in 0.5821 ms
2025-11-23 20:26:36.947 +07:00 [ERR]  Serilog.AspNetCore.RequestLoggingMiddleware HTTP GET /currencies/liveness responded 503 in 0.5822 ms
2025-11-23 20:26:36.949 +07:00 [ERR]  Serilog.AspNetCore.RequestLoggingMiddleware HTTP GET /currencies/liveness responded 503 in 0.0228 ms
2025-11-23 20:26:36.949 +07:00 [ERR]  Serilog.AspNetCore.RequestLoggingMiddleware HTTP GET /currencies/liveness responded 503 in 0.0135 ms
2025-11-23 20:26:36.949 +07:00 [ERR]  Serilog.AspNetCore.RequestLoggingMiddleware HTTP GET /currencies/liveness responded 503 in 0.0678 ms
2025-11-23 20:26:36.949 +07:00 [ERR]  Serilog.AspNetCore.RequestLoggingMiddleware HTTP GET /currencies/liveness responded 503 in 0.0161 ms
2025-11-23 20:26:36.949 +07:00 [ERR]  Serilog.AspNetCore.RequestLoggingMiddleware HTTP GET /currencies/liveness responded 503 in 0.0174 ms
2025-11-23 20:26:36.949 +07:00 [ERR]  Serilog.AspNetCore.RequestLoggingMiddleware HTTP GET /currencies/liveness responded 503 in 0.0163 ms
2025-11-23 20:26:36.949 +07:00 [ERR]  Serilog.AspNetCore.RequestLoggingMiddleware HTTP GET /currencies/liveness responded 503 in 0.0329 ms
2025-11-23 20:26:36.949 +07:00 [ERR]  Serilog.AspNetCore.RequestLoggingMiddleware HTTP GET /currencies/liveness responded 503 in 0.0150 ms
2025-11-23 20:26:36.949 +07:00 [ERR]  Serilog.AspNetCore.RequestLoggingMiddleware HTTP GET /currencies/liveness responded 503 in 0.0153 ms
2025-11-23 20:26:36.949 +07:00 [ERR]  Serilog.AspNetCore.RequestLoggingMiddleware HTTP GET /currencies/liveness responded 503 in 0.0160 ms
2025-11-23 20:26:36.949 +07:00 [ERR]  Serilog.AspNetCore.RequestLoggingMiddleware HTTP GET /currencies/liveness responded 503 in 0.0135 ms
2025-11-23 20:26:36.949 +07:00 [ERR]  Serilog.AspNetCore.RequestLoggingMiddleware HTTP GET /currencies/liveness responded 503 in 0.0171 ms
2025-11-23 20:26:36.949 +07:00 [ERR]  Serilog.AspNetCore.RequestLoggingMiddleware HTTP GET /currencies/liveness responded 503 in 0.0151 ms
2025-11-23 20:26:36.949 +07:00 [ERR]  Serilog.AspNetCore.RequestLoggingMiddleware HTTP GET /currencies/liveness responded 503 in 0.0140 ms
2025-11-23 20:26:36.949 +07:00 [ERR]  Serilog.AspNetCore.RequestLoggingMiddleware HTTP GET /currencies/liveness responded 503 in 0.0162 ms
2025-11-23 20:26:36.949 +07:00 [ERR]  Serilog.AspNetCore.RequestLoggingMiddleware HTTP GET /currencies/liveness responded 503 in 0.0223 ms
2025-11-23 20:26:36.949 +07:00 [ERR]  Serilog.AspNetCore.RequestLoggingMiddleware HTTP GET /currencies/liveness responded 503 in 0.0142 ms
2025-11-23 20:26:36.950 +07:00 [ERR]  Serilog.AspNetCore.RequestLoggingMiddleware HTTP GET /currencies/liveness responded 503 in 0.0164 ms
2025-11-23 20:26:36.950 +07:00 [ERR]  Serilog.AspNetCore.RequestLoggingMiddleware HTTP GET /currencies/liveness responded 503 in 0.0277 ms
2025-11-23 20:26:36.950 +07:00 [ERR]  Serilog.AspNetCore.RequestLoggingMiddleware HTTP GET /currencies/liveness responded 503 in 0.0141 ms
2025-11-23 20:26:36.950 +07:00 [ERR]  Serilog.AspNetCore.RequestLoggingMiddleware HTTP GET /currencies/liveness responded 503 in 0.0154 ms
2025-11-23 20:26:36.950 +07:00 [ERR]  Serilog.AspNetCore.RequestLoggingMiddleware HTTP GET /currencies/liveness responded 503 in 0.0146 ms
2025-11-23 20:26:36.950 +07:00 [ERR]  Serilog.AspNetCore.RequestLoggingMiddleware HTTP GET /currencies/liveness responded 503 in 0.0159 ms
2025-11-23 20:26:36.950 +07:00 [ERR]  Serilog.AspNetCore.RequestLoggingMiddleware HTTP GET /currencies/liveness responded 503 in 0.0137 ms
2025-11-23 20:26:36.950 +07:00 [ERR]  Serilog.AspNetCore.RequestLoggingMiddleware HTTP GET /currencies/liveness responded 503 in 0.0148 ms
2025-11-23 20:26:36.950 +07:00 [ERR]  Serilog.AspNetCore.RequestLoggingMiddleware HTTP GET /currencies/liveness responded 503 in 0.0141 ms
2025-11-23 20:26:36.951 +07:00 [ERR]  Serilog.AspNetCore.RequestLoggingMiddleware HTTP GET /currencies/liveness responded 503 in 0.0138 ms
2025-11-23 20:26:36.951 +07:00 [ERR]  Serilog.AspNetCore.RequestLoggingMiddleware HTTP GET /currencies/liveness responded 503 in 0.0165 ms
2025-11-23 20:26:36.951 +07:00 [ERR]  Serilog.AspNetCore.RequestLoggingMiddleware HTTP GET /currencies/liveness responded 503 in 0.0145 ms
2025-11-23 20:26:36.951 +07:00 [ERR]  Serilog.AspNetCore.RequestLoggingMiddleware HTTP GET /currencies/liveness responded 503 in 0.0163 ms
2025-11-23 20:26:36.951 +07:00 [ERR]  Serilog.AspNetCore.RequestLoggingMiddleware HTTP GET /currencies/liveness responded 503 in 0.0141 ms
2025-11-23 20:26:36.951 +07:00 [ERR]  Serilog.AspNetCore.RequestLoggingMiddleware HTTP GET /currencies/liveness responded 503 in 0.0143 ms
2025-11-23 20:26:36.952 +07:00 [ERR]  Serilog.AspNetCore.RequestLoggingMiddleware HTTP GET /currencies/liveness responded 503 in 0.0287 ms
2025-11-23 20:26:36.952 +07:00 [ERR]  Serilog.AspNetCore.RequestLoggingMiddleware HTTP GET /currencies/liveness responded 503 in 0.0870 ms
2025-11-23 20:26:36.952 +07:00 [ERR]  Serilog.AspNetCore.RequestLoggingMiddleware HTTP GET /currencies/liveness responded 503 in 0.0151 ms
2025-11-23 20:26:36.952 +07:00 [ERR]  Serilog.AspNetCore.RequestLoggingMiddleware HTTP GET /currencies/liveness responded 503 in 0.0180 ms
2025-11-23 20:26:36.952 +07:00 [ERR]  Serilog.AspNetCore.RequestLoggingMiddleware HTTP GET /currencies/liveness responded 503 in 0.0156 ms
2025-11-23 20:26:36.953 +07:00 [ERR]  Serilog.AspNetCore.RequestLoggingMiddleware HTTP GET /currencies/liveness responded 503 in 0.0185 ms
2025-11-23 20:26:36.953 +07:00 [ERR]  Serilog.AspNetCore.RequestLoggingMiddleware HTTP GET /currencies/liveness responded 503 in 0.0144 ms
2025-11-23 20:26:36.953 +07:00 [ERR]  Serilog.AspNetCore.RequestLoggingMiddleware HTTP GET /currencies/liveness responded 503 in 0.0164 ms
2025-11-23 20:26:36.953 +07:00 [ERR]  Serilog.AspNetCore.RequestLoggingMiddleware HTTP GET /currencies/liveness responded 503 in 0.0193 ms
2025-11-23 20:26:36.953 +07:00 [ERR]  Serilog.AspNetCore.RequestLoggingMiddleware HTTP GET /currencies/liveness responded 503 in 0.0153 ms
2025-11-23 20:26:36.954 +07:00 [ERR]  Serilog.AspNetCore.RequestLoggingMiddleware HTTP GET /currencies/liveness responded 503 in 0.0181 ms
2025-11-23 20:26:36.954 +07:00 [ERR]  Serilog.AspNetCore.RequestLoggingMiddleware HTTP GET /currencies/liveness responded 503 in 0.0197 ms
2025-11-23 20:26:36.954 +07:00 [ERR]  Serilog.AspNetCore.RequestLoggingMiddleware HTTP GET /currencies/liveness responded 503 in 0.0148 ms
2025-11-23 20:26:36.955 +07:00 [ERR]  Serilog.AspNetCore.RequestLoggingMiddleware HTTP GET /currencies/liveness responded 503 in 0.0256 ms
2025-11-23 20:26:36.955 +07:00 [ERR]  Serilog.AspNetCore.RequestLoggingMiddleware HTTP GET /currencies/liveness responded 503 in 0.0273 ms
2025-11-23 20:26:36.955 +07:00 [ERR]  Serilog.AspNetCore.RequestLoggingMiddleware HTTP GET /currencies/liveness responded 503 in 0.0390 ms
2025-11-23 20:26:36.956 +07:00 [ERR]  Serilog.AspNetCore.RequestLoggingMiddleware HTTP GET /currencies/liveness responded 503 in 0.0312 ms
2025-11-23 20:26:36.956 +07:00 [ERR]  Serilog.AspNetCore.RequestLoggingMiddleware HTTP GET /currencies/liveness responded 503 in 0.0184 ms
2025-11-23 20:26:36.956 +07:00 [ERR]  Serilog.AspNetCore.RequestLoggingMiddleware HTTP GET /currencies/liveness responded 503 in 0.0182 ms
2025-11-23 20:26:36.957 +07:00 [ERR]  Serilog.AspNetCore.RequestLoggingMiddleware HTTP GET /currencies/liveness responded 503 in 0.0149 ms
2025-11-23 20:26:36.957 +07:00 [ERR]  Serilog.AspNetCore.RequestLoggingMiddleware HTTP GET /currencies/liveness responded 503 in 0.0357 ms
2025-11-23 20:26:36.957 +07:00 [ERR]  Serilog.AspNetCore.RequestLoggingMiddleware HTTP GET /currencies/liveness responded 503 in 0.0174 ms
2025-11-23 20:26:36.958 +07:00 [ERR]  Serilog.AspNetCore.RequestLoggingMiddleware HTTP GET /currencies/liveness responded 503 in 0.0153 ms
2025-11-23 20:26:36.958 +07:00 [ERR]  Serilog.AspNetCore.RequestLoggingMiddleware HTTP GET /currencies/liveness responded 503 in 0.0189 ms
2025-11-23 20:26:36.958 +07:00 [ERR]  Serilog.AspNetCore.RequestLoggingMiddleware HTTP GET /currencies/liveness responded 503 in 0.0149 ms
2025-11-23 20:26:36.958 +07:00 [ERR]  Serilog.AspNetCore.RequestLoggingMiddleware HTTP GET /currencies/liveness responded 503 in 0.0195 ms
2025-11-23 20:26:36.959 +07:00 [ERR]  Serilog.AspNetCore.RequestLoggingMiddleware HTTP GET /currencies/liveness responded 503 in 0.0132 ms
2025-11-23 20:26:36.959 +07:00 [ERR]  Serilog.AspNetCore.RequestLoggingMiddleware HTTP GET /currencies/liveness responded 503 in 0.0169 ms
2025-11-23 20:26:36.959 +07:00 [ERR]  Serilog.AspNetCore.RequestLoggingMiddleware HTTP GET /currencies/liveness responded 503 in 0.0166 ms
2025-11-23 20:26:36.959 +07:00 [ERR]  Serilog.AspNetCore.RequestLoggingMiddleware HTTP GET /currencies/liveness responded 503 in 0.0137 ms
2025-11-23 20:26:36.959 +07:00 [ERR]  Serilog.AspNetCore.RequestLoggingMiddleware HTTP GET /currencies/liveness responded 503 in 0.0132 ms
2025-11-23 20:26:36.959 +07:00 [ERR]  Serilog.AspNetCore.RequestLoggingMiddleware HTTP GET /currencies/liveness responded 503 in 0.0136 ms
2025-11-23 20:26:36.959 +07:00 [ERR]  Serilog.AspNetCore.RequestLoggingMiddleware HTTP GET /currencies/liveness responded 503 in 0.0337 ms
2025-11-23 20:26:36.960 +07:00 [ERR]  Serilog.AspNetCore.RequestLoggingMiddleware HTTP GET /currencies/liveness responded 503 in 0.0159 ms
2025-11-23 20:26:36.960 +07:00 [ERR]  Serilog.AspNetCore.RequestLoggingMiddleware HTTP GET /currencies/liveness responded 503 in 0.0133 ms
2025-11-23 20:26:36.960 +07:00 [ERR]  Serilog.AspNetCore.RequestLoggingMiddleware HTTP GET /currencies/liveness responded 503 in 0.0150 ms
2025-11-23 20:26:36.960 +07:00 [ERR]  Serilog.AspNetCore.RequestLoggingMiddleware HTTP GET /currencies/liveness responded 503 in 0.0232 ms
2025-11-23 20:26:36.960 +07:00 [ERR]  Serilog.AspNetCore.RequestLoggingMiddleware HTTP GET /currencies/liveness responded 503 in 0.0154 ms
2025-11-23 20:26:36.960 +07:00 [ERR]  Serilog.AspNetCore.RequestLoggingMiddleware HTTP GET /currencies/liveness responded 503 in 0.0137 ms
2025-11-23 20:26:36.961 +07:00 [ERR]  Serilog.AspNetCore.RequestLoggingMiddleware HTTP GET /currencies/liveness responded 503 in 0.0133 ms
2025-11-23 20:26:36.961 +07:00 [ERR]  Serilog.AspNetCore.RequestLoggingMiddleware HTTP GET /currencies/liveness responded 503 in 0.0171 ms
2025-11-23 20:26:36.961 +07:00 [ERR]  Serilog.AspNetCore.RequestLoggingMiddleware HTTP GET /currencies/liveness responded 503 in 0.0149 ms
2025-11-23 20:26:36.964 +07:00 [ERR]  Serilog.AspNetCore.RequestLoggingMiddleware HTTP GET /currencies/liveness responded 503 in 0.0199 ms
2025-11-23 20:26:36.964 +07:00 [ERR]  Serilog.AspNetCore.RequestLoggingMiddleware HTTP GET /currencies/liveness responded 503 in 0.0202 ms
2025-11-23 20:26:36.971 +07:00 [ERR]  Serilog.AspNetCore.RequestLoggingMiddleware HTTP GET /currencies/liveness responded 503 in 0.0390 ms
[xUnit.net 00:00:14.87]       Expected responses to contain only items matching (Convert(r.StatusCode, Int32) == 200) because liveness endpoint must always respond 200, but {StatusCode: 503, ReasonPhrase: 'Service Unavailable', Version: 1.1, Content: System.Net.Http.StreamContent, Headers:
[xUnit.net 00:00:14.87]       {
[xUnit.net 00:00:14.87]       }, StatusCode: 503, ReasonPhrase: 'Service Unavailable', Version: 1.1, Content: System.Net.Http.StreamContent, Headers:
[xUnit.net 00:00:14.87]       {
[xUnit.net 00:00:14.87]       }, StatusCode: 503, ReasonPhrase: 'Service Unavailable', Version: 1.1, Content: System.Net.Http.StreamContent, Headers:
[xUnit.net 00:00:14.87]       {
[xUnit.net 00:00:14.87]       }, StatusCode: 503, ReasonPhrase: 'Service Unavailable', Version: 1.1, Content: System.Net.Http.StreamContent, Headers:
[xUnit.net 00:00:14.87]       {
[xUnit.net 00:00:14.87]       }, StatusCode: 503, ReasonPhrase: 'Service Unavailable', Version: 1.1, Content: System.Net.Http.StreamContent, Headers:
[xUnit.net 00:00:14.87]       {
[xUnit.net 00:00:14.87]       }, StatusCode: 503, ReasonPhrase: 'Service Unavailable', Version: 1.1, Content: System.Net.Http.StreamContent, Headers:
[xUnit.net 00:00:14.87]       {
[xUnit.net 00:00:14.87]       }, StatusCode: 503, ReasonPhrase: 'Service Unavailable', Version: 1.1, Content: System.Net.Http.StreamContent, Headers:
[xUnit.net 00:00:14.87]       {
[xUnit.net 00:00:14.87]       }, StatusCode: 503, ReasonPhrase: 'Service Unavailable', Version: 1.1, Content: System.Net.Http.StreamContent, Headers:
[xUnit.net 00:00:14.87]       {
[xUnit.net 00:00:14.87]       }, StatusCode: 503, ReasonPhrase: 'Service Unavailable', Version: 1.1, Content: System.Net.Http.StreamContent, Headers:
[xUnit.net 00:00:14.87]       {
[xUnit.net 00:00:14.87]       }, StatusCode: 503, ReasonPhrase: 'Service Unavailable', Version: 1.1, Content: System.Net.Http.StreamContent, Headers:
[xUnit.net 00:00:14.87]       {
[xUnit.net 00:00:14.87]       }, StatusCode: 503, ReasonPhrase: 'Service Unavailable', Version: 1.1, Content: System.Net.Http.StreamContent, Headers:
[xUnit.net 00:00:14.87]       {
[xUnit.net 00:00:14.87]       }, StatusCode: 503, ReasonPhrase: 'Service Unavailable', Version: 1.1, Content: System.Net.Http.StreamContent, Headers:
[xUnit.net 00:00:14.87]       {
[xUnit.net 00:00:14.87]       }, StatusCode: 503, ReasonPhrase: 'Service Unavailable', Version: 1.1, Content: System.Net.Http.StreamContent, Headers:
[xUnit.net 00:00:14.87]       {
[xUnit.net 00:00:14.87]       }, StatusCode: 503, ReasonPhrase: 'Service Unavailable', Version: 1.1, Content: System.Net.Http.StreamContent, Headers:
[xUnit.net 00:00:14.87]       {
[xUnit.net 00:00:14.87]       }, StatusCode: 503, ReasonPhrase: 'Service Unavailable', Version: 1.1, Content: System.Net.Http.StreamContent, Headers:
[xUnit.net 00:00:14.87]       {
[xUnit.net 00:00:14.87]       }, StatusCode: 503, ReasonPhrase: 'Service Unavailable', Version: 1.1, Content: System.Net.Http.StreamContent, Headers:
[xUnit.net 00:00:14.87]       {
[xUnit.net 00:00:14.87]       }, StatusCode: 503, ReasonPhrase: 'Service Unavailable', Version: 1.1, Content: System.Net.Http.StreamContent, Headers:
[xUnit.net 00:00:14.87]       {
2025-11-23 20:26:36.987 +07:00 [ERR]  Serilog.AspNetCore.RequestLoggingMiddleware HTTP GET /currencies/v1/rates responded 503 in 0.0376 ms
[xUnit.net 00:00:14.87]       }, StatusCode: 503, ReasonPhrase: 'Service Unavailable', Version: 1.1, Content: System.Net.Http.StreamContent, Headers:
[xUnit.net 00:00:14.87]       {
[xUnit.net 00:00:14.87]       }, StatusCode: 503, ReasonPhrase: 'Service Unavailable', Version: 1.1, Content: System.Net.Http.StreamContent, Headers:
[xUnit.net 00:00:14.87]       {
[xUnit.net 00:00:14.87]       }, StatusCode: 503, ReasonPhrase: 'Service Unavailable', Version: 1.1, Content: System.Net.Http.StreamContent, Headers:
[xUnit.net 00:00:14.87]       {
[xUnit.net 00:00:14.87]       }, StatusCode: 503, ReasonPhrase: 'Service Unavailable', Version: 1.1, Content: System.Net.Http.StreamContent, Headers:
[xUnit.net 00:00:14.87]       {
[xUnit.net 00:00:14.87]       }, StatusCode: 503, ReasonPhrase: 'Service Unavailable', Version: 1.1, Content: System.Net.Http.StreamContent, Headers:
[xUnit.net 00:00:14.87]       {
[xUnit.net 00:00:14.87]       }, StatusCode: 503, ReasonPhrase: 'Service Unavailable', Version: 1.1, Content: System.Net.Http.StreamContent, Headers:
[xUnit.net 00:00:14.87]       {
[xUnit.net 00:00:14.87]       }, StatusCode: 503, ReasonPhrase: 'Service Unavailable', Version: 1.1, Content: System.Net.Http.StreamContent, Headers:
[xUnit.net 00:00:14.87]       {
[xUnit.net 00:00:14.87]       }, StatusCode: 503, ReasonPhrase: 'Service Unavailable', Version: 1.1, Content: System.Net.Http.StreamContent, Headers:
[xUnit.net 00:00:14.87]       {
[xUnit.net 00:00:14.87]       }, StatusCode: 503, ReasonPhrase: 'Service Unavailable', Version: 1.1, Content: System.Net.Http.StreamContent, Headers:
[xUnit.net 00:00:14.87]       {
[xUnit.net 00:00:14.87]       }, StatusCode: 503, ReasonPhrase: 'Service Unavailable', Version: 1.1, Content: System.Net.Http.StreamContent, Headers:
[xUnit.net 00:00:14.87]       {
[xUnit.net 00:00:14.87]       }, StatusCode: 503, ReasonPhrase: 'Service Unavailable', Version: 1.1, Content: System.Net.Http.StreamContent, Headers:
[xUnit.net 00:00:14.87]       {
[xUnit.net 00:00:14.87]       }, StatusCode: 503, ReasonPhrase: 'Service Unavailable', Version: 1.1, Content: System.Net.Http.StreamContent, Headers:
[xUnit.net 00:00:14.87]       {
[xUnit.net 00:00:14.87]       }, StatusCode: 503, ReasonPhrase: 'Service Unavailable', Version: 1.1, Content: System.Net.Http.StreamContent, Headers:
[xUnit.net 00:00:14.87]       {
[xUnit.net 00:00:14.87]       }, StatusCode: 503, ReasonPhrase: 'Service Unavailable', Version: 1.1, Content: System.Net.Http.StreamContent, Headers:
[xUnit.net 00:00:14.87]       {
[xUnit.net 00:00:14.87]       }, StatusCode: 503, ReasonPhrase: 'Service Unavailable', Version: 1.1, Content: System.Net.Http.StreamContent, Headers:
[xUnit.net 00:00:14.87]       {
[xUnit.net 00:00:14.87]       }, …more…} do(es) not match.
[xUnit.net 00:00:14.87]       Stack Trace:
[xUnit.net 00:00:14.87]            at FluentAssertions.Execution.XUnit2TestFramework.Throw(String message)
[xUnit.net 00:00:14.87]            at FluentAssertions.Execution.TestFrameworkProvider.Throw(String message)
[xUnit.net 00:00:14.87]            at FluentAssertions.Execution.DefaultAssertionStrategy.HandleFailure(String message)
[xUnit.net 00:00:14.87]            at FluentAssertions.Execution.AssertionScope.FailWith(Func`1 failReasonFunc)
[xUnit.net 00:00:14.87]            at FluentAssertions.Execution.AssertionScope.FailWith(Func`1 failReasonFunc)
[xUnit.net 00:00:14.87]            at FluentAssertions.Execution.AssertionScope.FailWith(String message, Object[] args)
[xUnit.net 00:00:14.87]            at FluentAssertions.Execution.GivenSelector`1.FailWith(String message, Object[] args)
[xUnit.net 00:00:14.87]            at FluentAssertions.Execution.GivenSelector`1.FailWith(String message, Func`2[] args)
[xUnit.net 00:00:14.87]            at FluentAssertions.Collections.GenericCollectionAssertions`3.OnlyContain(Expression`1 predicate, String because, Object[] becauseArgs)
[xUnit.net 00:00:14.87]         R:\maliev\Maliev.CurrencyService\Maliev.CurrencyService.Tests\HealthAndObservabilityTests.cs(52,0): at Maliev.CurrencyService.Tests.HealthAndObservabilityTests.FR050_Given_LivenessEndpoint_When_CalledMultipleTimes_Then_AlwaysResponds()
[xUnit.net 00:00:14.87]         --- End of stack trace from previous location ---
[xUnit.net 00:00:14.88]   Finished:    Maliev.CurrencyService.Tests
  Failed Maliev.CurrencyService.Tests.HealthAndObservabilityTests.FR052_Given_RequestsProcessed_When_MetricsQueried_Then_IncludesRequestMetrics [23 ms]
  Error Message:
   Expected metricsContent to match regex "http_requests_total\{.*endpoint=".*"\}\s+\d+" because should include request count metrics by endpoint, but "# HELP cache_requests_total Total number of cache requests
# TYPE cache_requests_total counter
cache_requests_total{result="miss"} 35
cache_requests_total{result="hit"} 31
# HELP currency_cache_hits_total Total number of cache hits
# TYPE currency_cache_hits_total counter
currency_cache_hits_total 31
# HELP currency_cache_misses_total Total number of cache misses
# TYPE currency_cache_misses_total counter
currency_cache_misses_total 35
# HELP currency_cache_invalidation_failures_total Total number of cache invalidation failures
# TYPE currency_cache_invalidation_failures_total counter
currency_cache_invalidation_failures_total 0
# HELP currency_cache_size_bytes Current size of cache in bytes
# TYPE currency_cache_size_bytes gauge
currency_cache_size_bytes 0
# HELP provider_calls_total Total number of calls to external providers
# TYPE provider_calls_total counter
provider_calls_total{provider="Fawazahmed",status="error"} 7
provider_calls_total{provider="Frankfurter",status="success"} 7
# HELP provider_call_duration_seconds Duration of provider API calls in seconds
# TYPE provider_call_duration_seconds histogram
provider_call_duration_seconds_sum{provider="Frankfurter"} 0.12097669999999999
provider_call_duration_seconds_count{provider="Frankfurter"} 7
provider_call_duration_seconds_bucket{provider="Frankfurter",le="0.01"} 0
provider_call_duration_seconds_bucket{provider="Frankfurter",le="0.05"} 7
provider_call_duration_seconds_bucket{provider="Frankfurter",le="0.1"} 7
provider_call_duration_seconds_bucket{provider="Frankfurter",le="0.25"} 7
provider_call_duration_seconds_bucket{provider="Frankfurter",le="0.5"} 7
provider_call_duration_seconds_bucket{provider="Frankfurter",le="1"} 7
provider_call_duration_seconds_bucket{provider="Frankfurter",le="2.5"} 7
provider_call_duration_seconds_bucket{provider="Frankfurter",le="5"} 7
provider_call_duration_seconds_bucket{provider="Frankfurter",le="+Inf"} 7
# HELP currency_provider_requests_total Total number of requests to external providers
# TYPE currency_provider_requests_total counter
currency_provider_requests_total{provider="Fawazahmed",currency_pair="THB:USD"} 1
currency_provider_requests_total{provider="Frankfurter",currency_pair="THB:USD"} 1
currency_provider_requests_total{provider="Fawazahmed",currency_pair="USD:EUR"} 1
currency_provider_requests_total{provider="Frankfurter",currency_pair="USD:EUR"} 1
currency_provider_requests_total{provider="Fawazahmed",currency_pair="GBP:JPY"} 1
currency_provider_requests_total{provider="Frankfurter",currency_pair="GBP:JPY"} 1
currency_provider_requests_total{provider="Fawazahmed",currency_pair="EUR:THB"} 1
currency_provider_requests_total{provider="Frankfurter",currency_pair="EUR:THB"} 1
currency_provider_requests_total{provider="Fawazahmed",currency_pair="USD:THB"} 1
currency_provider_requests_total{provider="Frankfurter",currency_pair="USD:THB"} 1
currency_provider_requests_total{provider="Fawazahmed",currency_pair="GBP:USD"} 1
currency_provider_requests_total{provider="Frankfurter",currency_pair="GBP:USD"} 1
currency_provider_requests_total{provider="Fawazahmed",currency_pair="JPY:THB"} 1
currency_provider_requests_total{provider="Frankfurter",currency_pair="JPY:THB"} 1
# HELP currency_provider_errors_total Total number of provider errors
# TYPE currency_provider_errors_total counter
currency_provider_errors_total{provider="Fawazahmed",error_type="parse_error"} 7
# HELP currency_provider_latency_seconds Latency of provider API calls in seconds
# TYPE currency_provider_latency_seconds histogram
currency_provider_latency_seconds_sum{provider="Frankfurter"} 0.12097669999999999
currency_provider_latency_seconds_count{provider="Frankfurter"} 7
currency_provider_latency_seconds_bucket{provider="Frankfurter",le="0.01"} 0
currency_provider_latency_seconds_bucket{provider="Frankfurter",le="0.05"} 7
currency_provider_latency_seconds_bucket{provider="Frankfurter",le="0.1"} 7
currency_provider_latency_seconds_bucket{provider="Frankfurter",le="0.25"} 7
currency_provider_latency_seconds_bucket{provider="Frankfurter",le="0.5"} 7
currency_provider_latency_seconds_bucket{provider="Frankfurter",le="1"} 7
currency_provider_latency_seconds_bucket{provider="Frankfurter",le="2.5"} 7
currency_provider_latency_seconds_bucket{provider="Frankfurter",le="5"} 7
currency_provider_latency_seconds_bucket{provider="Frankfurter",le="+Inf"} 7
# HELP currency_provider_fallbacks_total Total number of provider fallback occurrences
# TYPE currency_provider_fallbacks_total counter
currency_provider_fallbacks_total{from_provider="Fawazahmed",to_provider="Frankfurter"} 7
# HELP http_requests_total Total number of HTTP requests
# TYPE http_requests_total counter
# HELP http_request_duration_seconds Duration of HTTP requests in seconds
# TYPE http_request_duration_seconds histogram
# HELP currency_requests_total Total number of requests
# TYPE currency_requests_total counter
# HELP currency_requests_failed_total Total number of failed requests
# TYPE currency_requests_failed_total counter
# HELP currency_request_duration_seconds Duration of HTTP requests in seconds
# TYPE currency_request_duration_seconds histogram
# HELP currency_background_job_executions_total Total number of background job executions
# TYPE currency_background_job_executions_total counter
# HELP currency_background_job_failures_total Total number of background job failures
# TYPE currency_background_job_failures_total counter
# HELP currency_background_job_duration_seconds Duration of background job executions in seconds
# TYPE currency_background_job_duration_seconds histogram
# HELP currency_background_job_last_run_timestamp Unix timestamp of last background job execution
# TYPE currency_background_job_last_run_timestamp gauge
# HELP currency_snapshot_batches_processed_total Total number of snapshot batches processed
# TYPE currency_snapshot_batches_processed_total counter
currency_snapshot_batches_processed_total 0
# HELP currency_snapshot_batch_size Size of snapshot batches
# TYPE currency_snapshot_batch_size histogram
currency_snapshot_batch_size_sum 0
currency_snapshot_batch_size_count 0
currency_snapshot_batch_size_bucket{le="10"} 0
currency_snapshot_batch_size_bucket{le="50"} 0
currency_snapshot_batch_size_bucket{le="100"} 0
currency_snapshot_batch_size_bucket{le="500"} 0
currency_snapshot_batch_size_bucket{le="1000"} 0
currency_snapshot_batch_size_bucket{le="5000"} 0
currency_snapshot_batch_size_bucket{le="10000"} 0
currency_snapshot_batch_size_bucket{le="+Inf"} 0
# HELP currency_snapshot_validation_errors_total Total number of snapshot validation errors
# TYPE currency_snapshot_validation_errors_total counter
# HELP currency_snapshot_records_ingested_total Total number of snapshot records successfully ingested
# TYPE currency_snapshot_records_ingested_total counter
currency_snapshot_records_ingested_total 0
# HELP currency_database_query_duration_seconds Duration of database queries in seconds
# TYPE currency_database_query_duration_seconds histogram
# HELP currency_database_errors_total Total number of database errors
# TYPE currency_database_errors_total counter
# HELP dotnet_collection_count_total GC collection count
# TYPE dotnet_collection_count_total counter
dotnet_collection_count_total{generation="0"} 7
dotnet_collection_count_total{generation="1"} 3
dotnet_collection_count_total{generation="2"} 2
# HELP process_start_time_seconds Start time of the process since unix epoch in seconds.
# TYPE process_start_time_seconds gauge
process_start_time_seconds 1763904379.967933
# HELP process_cpu_seconds_total Total user and system CPU time spent in seconds.
# TYPE process_cpu_seconds_total counter
process_cpu_seconds_total 6.59375
# HELP process_virtual_memory_bytes Virtual memory size in bytes.
# TYPE process_virtual_memory_bytes gauge
process_virtual_memory_bytes 2272762699776
# HELP process_working_set_bytes Process working set
# TYPE process_working_set_bytes gauge
process_working_set_bytes 187580416
# HELP process_private_memory_bytes Process private memory size
# TYPE process_private_memory_bytes gauge
process_private_memory_bytes 69328896
# HELP process_open_handles Number of open handles
# TYPE process_open_handles gauge
process_open_handles 1251
# HELP process_num_threads Total number of threads
# TYPE process_num_threads gauge
process_num_threads 61
# HELP dotnet_total_memory_bytes Total known allocated memory
# TYPE dotnet_total_memory_bytes gauge
dotnet_total_memory_bytes 19175064
# HELP prometheus_net_metric_families Number of metric families currently registered.
# TYPE prometheus_net_metric_families gauge
prometheus_net_metric_families{metric_type="counter"} 20
prometheus_net_metric_families{metric_type="gauge"} 83
prometheus_net_metric_families{metric_type="summary"} 0
prometheus_net_metric_families{metric_type="histogram"} 12
# HELP prometheus_net_metric_instances Number of metric instances currently registered across all metric families.
# TYPE prometheus_net_metric_instances gauge
prometheus_net_metric_instances{metric_type="counter"} 30
prometheus_net_metric_instances{metric_type="gauge"} 111
prometheus_net_metric_instances{metric_type="summary"} 0
prometheus_net_metric_instances{metric_type="histogram"} 13
# HELP prometheus_net_metric_timeseries Number of metric timeseries currently generated from all metric instances.
# TYPE prometheus_net_metric_timeseries gauge
prometheus_net_metric_timeseries{metric_type="counter"} 30
prometheus_net_metric_timeseries{metric_type="gauge"} 111
prometheus_net_metric_timeseries{metric_type="summary"} 0
prometheus_net_metric_timeseries{metric_type="histogram"} 312
# HELP prometheus_net_exemplars_recorded_total Number of exemplars that were accepted into in-memory storage in the prometheus-net SDK.
# TYPE prometheus_net_exemplars_recorded_total counter
prometheus_net_exemplars_recorded_total 371
# HELP prometheus_net_eventcounteradapter_sources_connected_total Number of event sources that are currently connected to the adapter.
# TYPE prometheus_net_eventcounteradapter_sources_connected_total gauge
prometheus_net_eventcounteradapter_sources_connected_total 6
# HELP prometheus_net_meteradapter_instruments_connected Number of instruments that are currently connected to the adapter.
# TYPE prometheus_net_meteradapter_instruments_connected gauge
prometheus_net_meteradapter_instruments_connected 92
# HELP private_internaldiagnostics_system_net_quic_msquic_msquic_connection_created ({connection}) New connections allocated (ObservableCounter`1)
# TYPE private_internaldiagnostics_system_net_quic_msquic_msquic_connection_created gauge
private_internaldiagnostics_system_net_quic_msquic_msquic_connection_created 0
# HELP private_internaldiagnostics_system_net_quic_msquic_msquic_connection_handshake_failures ({connection}) Connections that failed during handshake (ObservableCounter`1)
# TYPE private_internaldiagnostics_system_net_quic_msquic_msquic_connection_handshake_failures gauge
private_internaldiagnostics_system_net_quic_msquic_msquic_connection_handshake_failures 0
# HELP private_internaldiagnostics_system_net_quic_msquic_msquic_connection_app_rejected ({connection}) Connections rejected by the application (ObservableCounter`1)
# TYPE private_internaldiagnostics_system_net_quic_msquic_msquic_connection_app_rejected gauge
private_internaldiagnostics_system_net_quic_msquic_msquic_connection_app_rejected 0
# HELP private_internaldiagnostics_system_net_quic_msquic_msquic_connection_load_rejected ({connection}) Connections rejected due to worker load. (ObservableCounter`1)
# TYPE private_internaldiagnostics_system_net_quic_msquic_msquic_connection_load_rejected gauge
private_internaldiagnostics_system_net_quic_msquic_msquic_connection_load_rejected 0
# HELP private_internaldiagnostics_system_net_quic_msquic_msquic_connection_resumed ({connection}) Connections resumed (ObservableCounter`1)
# TYPE private_internaldiagnostics_system_net_quic_msquic_msquic_connection_resumed gauge
private_internaldiagnostics_system_net_quic_msquic_msquic_connection_resumed 0
# HELP private_internaldiagnostics_system_net_quic_msquic_msquic_connection_allocated ({connection}) Connections currently allocated (ObservableGauge`1)
# TYPE private_internaldiagnostics_system_net_quic_msquic_msquic_connection_allocated gauge
private_internaldiagnostics_system_net_quic_msquic_msquic_connection_allocated 0
# HELP private_internaldiagnostics_system_net_quic_msquic_msquic_connection_connected ({connection}) Connections currently in the connected state (ObservableGauge`1)
# TYPE private_internaldiagnostics_system_net_quic_msquic_msquic_connection_connected gauge
private_internaldiagnostics_system_net_quic_msquic_msquic_connection_connected 0
# HELP private_internaldiagnostics_system_net_quic_msquic_msquic_connection_protocol_errors ({connection}) Connections shutdown with a protocol error (ObservableCounter`1)
# TYPE private_internaldiagnostics_system_net_quic_msquic_msquic_connection_protocol_errors gauge
private_internaldiagnostics_system_net_quic_msquic_msquic_connection_protocol_errors 0
# HELP private_internaldiagnostics_system_net_quic_msquic_msquic_connection_no_alpn ({connection}) Connection attempts with no matching ALPN (ObservableCounter`1)
# TYPE private_internaldiagnostics_system_net_quic_msquic_msquic_connection_no_alpn gauge
private_internaldiagnostics_system_net_quic_msquic_msquic_connection_no_alpn 0
# HELP private_internaldiagnostics_system_net_quic_msquic_msquic_stream_allocated ({stream}) Current streams allocated (ObservableGauge`1)
# TYPE private_internaldiagnostics_system_net_quic_msquic_msquic_stream_allocated gauge
private_internaldiagnostics_system_net_quic_msquic_msquic_stream_allocated 0
# HELP private_internaldiagnostics_system_net_quic_msquic_msquic_packet_suspected_lost ({packet}) Packets suspected lost (ObservableCounter`1)
# TYPE private_internaldiagnostics_system_net_quic_msquic_msquic_packet_suspected_lost gauge
private_internaldiagnostics_system_net_quic_msquic_msquic_packet_suspected_lost 0
# HELP private_internaldiagnostics_system_net_quic_msquic_msquic_packet_dropped ({packet}) Packets dropped for any reason (ObservableCounter`1)
# TYPE private_internaldiagnostics_system_net_quic_msquic_msquic_packet_dropped gauge
private_internaldiagnostics_system_net_quic_msquic_msquic_packet_dropped 0
# HELP private_internaldiagnostics_system_net_quic_msquic_msquic_packet_decryption_failures ({packet}) Packets with decryption failures (ObservableCounter`1)
# TYPE private_internaldiagnostics_system_net_quic_msquic_msquic_packet_decryption_failures gauge
private_internaldiagnostics_system_net_quic_msquic_msquic_packet_decryption_failures 0
# HELP private_internaldiagnostics_system_net_quic_msquic_msquic_udp_recv_datagrams ({datagram}) UDP datagrams received (ObservableCounter`1)
# TYPE private_internaldiagnostics_system_net_quic_msquic_msquic_udp_recv_datagrams gauge
private_internaldiagnostics_system_net_quic_msquic_msquic_udp_recv_datagrams 0
# HELP private_internaldiagnostics_system_net_quic_msquic_msquic_udp_send_datagrams ({datagram}) UDP datagrams sent (ObservableCounter`1)
# TYPE private_internaldiagnostics_system_net_quic_msquic_msquic_udp_send_datagrams gauge
private_internaldiagnostics_system_net_quic_msquic_msquic_udp_send_datagrams 0
# HELP private_internaldiagnostics_system_net_quic_msquic_msquic_udp_recv_bytes (By) UDP payload bytes received (ObservableCounter`1)
# TYPE private_internaldiagnostics_system_net_quic_msquic_msquic_udp_recv_bytes gauge
private_internaldiagnostics_system_net_quic_msquic_msquic_udp_recv_bytes 0
# HELP private_internaldiagnostics_system_net_quic_msquic_msquic_udp_send_bytes (By) UDP payload bytes sent (ObservableCounter`1)
# TYPE private_internaldiagnostics_system_net_quic_msquic_msquic_udp_send_bytes gauge
private_internaldiagnostics_system_net_quic_msquic_msquic_udp_send_bytes 0
# HELP private_internaldiagnostics_system_net_quic_msquic_msquic_udp_recv_events ({event}) UDP receive events (ObservableCounter`1)
# TYPE private_internaldiagnostics_system_net_quic_msquic_msquic_udp_recv_events gauge
private_internaldiagnostics_system_net_quic_msquic_msquic_udp_recv_events 0
# HELP private_internaldiagnostics_system_net_quic_msquic_msquic_udp_send_calls ({call}) UDP send API calls (ObservableCounter`1)
# TYPE private_internaldiagnostics_system_net_quic_msquic_msquic_udp_send_calls gauge
private_internaldiagnostics_system_net_quic_msquic_msquic_udp_send_calls 0
# HELP private_internaldiagnostics_system_net_quic_msquic_msquic_app_send_bytes (By) Bytes sent by applications (ObservableCounter`1)
# TYPE private_internaldiagnostics_system_net_quic_msquic_msquic_app_send_bytes gauge
private_internaldiagnostics_system_net_quic_msquic_msquic_app_send_bytes 0
# HELP private_internaldiagnostics_system_net_quic_msquic_msquic_app_recv_bytes (By) Bytes received by applications (ObservableCounter`1)
# TYPE private_internaldiagnostics_system_net_quic_msquic_msquic_app_recv_bytes gauge
private_internaldiagnostics_system_net_quic_msquic_msquic_app_recv_bytes 0
# HELP private_internaldiagnostics_system_net_quic_msquic_msquic_threadpool_conn_queue_depth ({connection}) Current connections queued for processing (ObservableGauge`1)
# TYPE private_internaldiagnostics_system_net_quic_msquic_msquic_threadpool_conn_queue_depth gauge
private_internaldiagnostics_system_net_quic_msquic_msquic_threadpool_conn_queue_depth 0
# HELP private_internaldiagnostics_system_net_quic_msquic_msquic_threadpool_conn_oper_queue_depth ({operation}) Current connection operations queued (ObservableGauge`1)
# TYPE private_internaldiagnostics_system_net_quic_msquic_msquic_threadpool_conn_oper_queue_depth gauge
private_internaldiagnostics_system_net_quic_msquic_msquic_threadpool_conn_oper_queue_depth 0
# HELP private_internaldiagnostics_system_net_quic_msquic_msquic_threadpool_conn_oper_queued ({operation}) New connection operations queued (ObservableCounter`1)
# TYPE private_internaldiagnostics_system_net_quic_msquic_msquic_threadpool_conn_oper_queued gauge
private_internaldiagnostics_system_net_quic_msquic_msquic_threadpool_conn_oper_queued 0
# HELP private_internaldiagnostics_system_net_quic_msquic_msquic_threadpool_conn_oper_completed ({operation}) Connection operations processed (ObservableCounter`1)
# TYPE private_internaldiagnostics_system_net_quic_msquic_msquic_threadpool_conn_oper_completed gauge
private_internaldiagnostics_system_net_quic_msquic_msquic_threadpool_conn_oper_completed 0
# HELP private_internaldiagnostics_system_net_quic_msquic_msquic_threadpool_work_oper_queue_depth ({operation}) Current worker operations queued (ObservableGauge`1)
# TYPE private_internaldiagnostics_system_net_quic_msquic_msquic_threadpool_work_oper_queue_depth gauge
private_internaldiagnostics_system_net_quic_msquic_msquic_threadpool_work_oper_queue_depth 0
# HELP private_internaldiagnostics_system_net_quic_msquic_msquic_threadpool_work_oper_queued ({operation}) New worker operations queued (ObservableCounter`1)
# TYPE private_internaldiagnostics_system_net_quic_msquic_msquic_threadpool_work_oper_queued gauge
private_internaldiagnostics_system_net_quic_msquic_msquic_threadpool_work_oper_queued 0
# HELP private_internaldiagnostics_system_net_quic_msquic_msquic_threadpool_work_oper_completed ({operation}) Worker operations processed (ObservableCounter`1)
# TYPE private_internaldiagnostics_system_net_quic_msquic_msquic_threadpool_work_oper_completed gauge
private_internaldiagnostics_system_net_quic_msquic_msquic_threadpool_work_oper_completed 0
# HELP private_internaldiagnostics_system_net_quic_msquic_msquic_datapath_path_validated ({challenge}) Successful path challenges (ObservableCounter`1)
# TYPE private_internaldiagnostics_system_net_quic_msquic_msquic_datapath_path_validated gauge
private_internaldiagnostics_system_net_quic_msquic_msquic_datapath_path_validated 0
# HELP private_internaldiagnostics_system_net_quic_msquic_msquic_datapath_path_failure ({challenge}) Unsuccessful path challenges (ObservableCounter`1)
# TYPE private_internaldiagnostics_system_net_quic_msquic_msquic_datapath_path_failure gauge
private_internaldiagnostics_system_net_quic_msquic_msquic_datapath_path_failure 0
# HELP private_internaldiagnostics_system_net_quic_msquic_msquic_datapath_send_stateless_reset ({packet}) Stateless reset packets sent ever (ObservableCounter`1)
# TYPE private_internaldiagnostics_system_net_quic_msquic_msquic_datapath_send_stateless_reset gauge
private_internaldiagnostics_system_net_quic_msquic_msquic_datapath_send_stateless_reset 0
# HELP private_internaldiagnostics_system_net_quic_msquic_msquic_datapath_send_stateless_retry ({packet}) Stateless retry packets sent (ObservableCounter`1)
# TYPE private_internaldiagnostics_system_net_quic_msquic_msquic_datapath_send_stateless_retry gauge
private_internaldiagnostics_system_net_quic_msquic_msquic_datapath_send_stateless_retry 0
# HELP microsoft_entityframeworkcore_microsoft_entityframeworkcore_active_dbcontexts ({dbcontext})  (ObservableUpDownCounter`1)
# TYPE microsoft_entityframeworkcore_microsoft_entityframeworkcore_active_dbcontexts gauge
microsoft_entityframeworkcore_microsoft_entityframeworkcore_active_dbcontexts 0
# HELP microsoft_entityframeworkcore_microsoft_entityframeworkcore_queries ({query})  (ObservableCounter`1)
# TYPE microsoft_entityframeworkcore_microsoft_entityframeworkcore_queries gauge
microsoft_entityframeworkcore_microsoft_entityframeworkcore_queries 73
# HELP microsoft_entityframeworkcore_microsoft_entityframeworkcore_savechanges ({savechanges})  (ObservableCounter`1)
# TYPE microsoft_entityframeworkcore_microsoft_entityframeworkcore_savechanges gauge
microsoft_entityframeworkcore_microsoft_entityframeworkcore_savechanges 11
# HELP microsoft_entityframeworkcore_microsoft_entityframeworkcore_compiled_query_cache_hits ({hits})  (ObservableCounter`1)
# TYPE microsoft_entityframeworkcore_microsoft_entityframeworkcore_compiled_query_cache_hits gauge
microsoft_entityframeworkcore_microsoft_entityframeworkcore_compiled_query_cache_hits 62
# HELP microsoft_entityframeworkcore_microsoft_entityframeworkcore_compiled_query_cache_misses ({misses})  (ObservableCounter`1)
# TYPE microsoft_entityframeworkcore_microsoft_entityframeworkcore_compiled_query_cache_misses gauge
microsoft_entityframeworkcore_microsoft_entityframeworkcore_compiled_query_cache_misses 11
# HELP microsoft_entityframeworkcore_microsoft_entityframeworkcore_execution_strategy_operation_failures ({failure})  (ObservableCounter`1)
# TYPE microsoft_entityframeworkcore_microsoft_entityframeworkcore_execution_strategy_operation_failures gauge
microsoft_entityframeworkcore_microsoft_entityframeworkcore_execution_strategy_operation_failures 0
# HELP microsoft_entityframeworkcore_microsoft_entityframeworkcore_optimistic_concurrency_failures ({failure})  (ObservableCounter`1)
# TYPE microsoft_entityframeworkcore_microsoft_entityframeworkcore_optimistic_concurrency_failures gauge
microsoft_entityframeworkcore_microsoft_entityframeworkcore_optimistic_concurrency_failures 0
# HELP npgsql_db_client_connection_count ({connection}) The number of connections that are currently in state described by the state attribute. (ObservableUpDownCounter`1)
# TYPE npgsql_db_client_connection_count gauge
npgsql_db_client_connection_count{db_client_connection_pool_name="Host=127.0.0.1;Port=59462;Database=currency_app_db;Username=postgres",db_client_connection_state="idle"} 22
npgsql_db_client_connection_count{db_client_connection_pool_name="Host=127.0.0.1;Port=59462;Database=currency_app_db;Username=postgres",db_client_connection_state="used"} 0
# HELP npgsql_db_client_connection_max ({connection}) The maximum number of open connections allowed. (ObservableUpDownCounter`1)
# TYPE npgsql_db_client_connection_max gauge
npgsql_db_client_connection_max{db_client_connection_pool_name="Host=127.0.0.1;Port=59462;Database=currency_app_db;Username=postgres"} 100
# HELP system_runtime_dotnet_gc_collections ({collection}) The number of garbage collections that have occurred since the process has started. (ObservableCounter`1)
# TYPE system_runtime_dotnet_gc_collections gauge
system_runtime_dotnet_gc_collections{gc_heap_generation="gen2"} 2
system_runtime_dotnet_gc_collections{gc_heap_generation="gen1"} 1
system_runtime_dotnet_gc_collections{gc_heap_generation="gen0"} 4
# HELP system_runtime_dotnet_process_memory_working_set (By) The number of bytes of physical memory mapped to the process context. (ObservableUpDownCounter`1)
# TYPE system_runtime_dotnet_process_memory_working_set gauge
system_runtime_dotnet_process_memory_working_set 187568128
# HELP system_runtime_dotnet_gc_heap_total_allocated (By) The approximate number of bytes allocated on the managed GC heap since the process has started. The returned value does not include any native allocations. (ObservableCounter`1)
# TYPE system_runtime_dotnet_gc_heap_total_allocated gauge
system_runtime_dotnet_gc_heap_total_allocated 66333280
# HELP system_runtime_dotnet_gc_last_collection_memory_committed_size (By) The amount of committed virtual memory in use by the .NET GC, as observed during the latest garbage collection. (ObservableUpDownCounter`1)
# TYPE system_runtime_dotnet_gc_last_collection_memory_committed_size gauge
system_runtime_dotnet_gc_last_collection_memory_committed_size 29827072
# HELP system_runtime_dotnet_gc_last_collection_heap_size (By) The managed GC heap size (including fragmentation), as observed during the latest garbage collection. (ObservableUpDownCounter`1)
# TYPE system_runtime_dotnet_gc_last_collection_heap_size gauge
system_runtime_dotnet_gc_last_collection_heap_size{gc_heap_generation="gen0"} 4780128
system_runtime_dotnet_gc_last_collection_heap_size{gc_heap_generation="gen1"} 7726152
system_runtime_dotnet_gc_last_collection_heap_size{gc_heap_generation="gen2"} 8062272
system_runtime_dotnet_gc_last_collection_heap_size{gc_heap_generation="loh"} 7858288
system_runtime_dotnet_gc_last_collection_heap_size{gc_heap_generation="poh"} 126832
# HELP system_runtime_dotnet_gc_last_collection_heap_fragmentation_size (By) The heap fragmentation, as observed during the latest garbage collection. (ObservableUpDownCounter`1)
# TYPE system_runtime_dotnet_gc_last_collection_heap_fragmentation_size gauge
system_runtime_dotnet_gc_last_collection_heap_fragmentation_size{gc_heap_generation="gen0"} 3635056
system_runtime_dotnet_gc_last_collection_heap_fragmentation_size{gc_heap_generation="gen1"} 4048128
system_runtime_dotnet_gc_last_collection_heap_fragmentation_size{gc_heap_generation="gen2"} 132144
system_runtime_dotnet_gc_last_collection_heap_fragmentation_size{gc_heap_generation="loh"} 6711168
system_runtime_dotnet_gc_last_collection_heap_fragmentation_size{gc_heap_generation="poh"} 2112
# HELP system_runtime_dotnet_gc_pause_time (s) The total amount of time paused in GC since the process has started. (ObservableCounter`1)
# TYPE system_runtime_dotnet_gc_pause_time gauge
system_runtime_dotnet_gc_pause_time 0.064382
# HELP system_runtime_dotnet_jit_compiled_il_size (By) Count of bytes of intermediate language that have been compiled since the process has started. (ObservableCounter`1)
# TYPE system_runtime_dotnet_jit_compiled_il_size gauge
system_runtime_dotnet_jit_compiled_il_size 2103627
# HELP system_runtime_dotnet_jit_compiled_methods ({method}) The number of times the JIT compiler (re)compiled methods since the process has started. (ObservableCounter`1)
# TYPE system_runtime_dotnet_jit_compiled_methods gauge
system_runtime_dotnet_jit_compiled_methods 29151
# HELP system_runtime_dotnet_jit_compilation_time (s) The number of times the JIT compiler (re)compiled methods since the process has started. (ObservableCounter`1)
# TYPE system_runtime_dotnet_jit_compilation_time gauge
system_runtime_dotnet_jit_compilation_time 11.3997638
# HELP system_runtime_dotnet_monitor_lock_contentions ({contention}) The number of times there was contention when trying to acquire a monitor lock since the process has started. (ObservableCounter`1)
# TYPE system_runtime_dotnet_monitor_lock_contentions gauge
system_runtime_dotnet_monitor_lock_contentions 26
# HELP system_runtime_dotnet_thread_pool_thread_count ({thread}) The number of thread pool threads that currently exist. (ObservableCounter`1)
# TYPE system_runtime_dotnet_thread_pool_thread_count gauge
system_runtime_dotnet_thread_pool_thread_count 18
# HELP system_runtime_dotnet_thread_pool_work_item_count ({work_item}) The number of work items that the thread pool has completed since the process has started. (ObservableCounter`1)
# TYPE system_runtime_dotnet_thread_pool_work_item_count gauge
system_runtime_dotnet_thread_pool_work_item_count 983
# HELP system_runtime_dotnet_thread_pool_queue_length ({work_item}) The number of work items that are currently queued to be processed by the thread pool. (ObservableCounter`1)
# TYPE system_runtime_dotnet_thread_pool_queue_length gauge
system_runtime_dotnet_thread_pool_queue_length 0
# HELP system_runtime_dotnet_timer_count ({timer}) The number of timer instances that are currently active. An active timer is registered to tick at some point in the future and has not yet been canceled. (ObservableUpDownCounter`1)
# TYPE system_runtime_dotnet_timer_count gauge
system_runtime_dotnet_timer_count 91
# HELP system_runtime_dotnet_assembly_count ({assembly}) The number of .NET assemblies that are currently loaded. (ObservableUpDownCounter`1)
# TYPE system_runtime_dotnet_assembly_count gauge
system_runtime_dotnet_assembly_count 231
# HELP system_runtime_dotnet_process_cpu_count ({cpu}) The number of processors available to the process. (ObservableUpDownCounter`1)
# TYPE system_runtime_dotnet_process_cpu_count gauge
system_runtime_dotnet_process_cpu_count 16
# HELP system_runtime_dotnet_process_cpu_time (s) CPU time used by the process. (ObservableCounter`1)
# TYPE system_runtime_dotnet_process_cpu_time gauge
system_runtime_dotnet_process_cpu_time{cpu_mode="user"} 4.96875
system_runtime_dotnet_process_cpu_time{cpu_mode="system"} 1.609375
# HELP microsoft_aspnetcore_ratelimiting_aspnetcore_rate_limiting_request_lease_duration (s) The duration of rate limiting leases held by HTTP requests on the server. (Histogram`1)
# TYPE microsoft_aspnetcore_ratelimiting_aspnetcore_rate_limiting_request_lease_duration histogram
microsoft_aspnetcore_ratelimiting_aspnetcore_rate_limiting_request_lease_duration_sum 2.6653816000000004
microsoft_aspnetcore_ratelimiting_aspnetcore_rate_limiting_request_lease_duration_count 63
microsoft_aspnetcore_ratelimiting_aspnetcore_rate_limiting_request_lease_duration_bucket{le="0.01"} 22
microsoft_aspnetcore_ratelimiting_aspnetcore_rate_limiting_request_lease_duration_bucket{le="0.02"} 39
microsoft_aspnetcore_ratelimiting_aspnetcore_rate_limiting_request_lease_duration_bucket{le="0.04"} 40
microsoft_aspnetcore_ratelimiting_aspnetcore_rate_limiting_request_lease_duration_bucket{le="0.08"} 41
microsoft_aspnetcore_ratelimiting_aspnetcore_rate_limiting_request_lease_duration_bucket{le="0.16"} 62
microsoft_aspnetcore_ratelimiting_aspnetcore_rate_limiting_request_lease_duration_bucket{le="0.32"} 63
microsoft_aspnetcore_ratelimiting_aspnetcore_rate_limiting_request_lease_duration_bucket{le="0.64"} 63
microsoft_aspnetcore_ratelimiting_aspnetcore_rate_limiting_request_lease_duration_bucket{le="1.28"} 63
microsoft_aspnetcore_ratelimiting_aspnetcore_rate_limiting_request_lease_duration_bucket{le="2.56"} 63
microsoft_aspnetcore_ratelimiting_aspnetcore_rate_limiting_request_lease_duration_bucket{le="5.12"} 63
microsoft_aspnetcore_ratelimiting_aspnetcore_rate_limiting_request_lease_duration_bucket{le="10.24"} 63
microsoft_aspnetcore_ratelimiting_aspnetcore_rate_limiting_request_lease_duration_bucket{le="20.48"} 63
microsoft_aspnetcore_ratelimiting_aspnetcore_rate_limiting_request_lease_duration_bucket{le="40.96"} 63
microsoft_aspnetcore_ratelimiting_aspnetcore_rate_limiting_request_lease_duration_bucket{le="81.92"} 63
microsoft_aspnetcore_ratelimiting_aspnetcore_rate_limiting_request_lease_duration_bucket{le="163.84"} 63
microsoft_aspnetcore_ratelimiting_aspnetcore_rate_limiting_request_lease_duration_bucket{le="327.68"} 63
microsoft_aspnetcore_ratelimiting_aspnetcore_rate_limiting_request_lease_duration_bucket{le="655.36"} 63
microsoft_aspnetcore_ratelimiting_aspnetcore_rate_limiting_request_lease_duration_bucket{le="1310.72"} 63
microsoft_aspnetcore_ratelimiting_aspnetcore_rate_limiting_request_lease_duration_bucket{le="2621.44"} 63
microsoft_aspnetcore_ratelimiting_aspnetcore_rate_limiting_request_lease_duration_bucket{le="5242.88"} 63
microsoft_aspnetcore_ratelimiting_aspnetcore_rate_limiting_request_lease_duration_bucket{le="10485.76"} 63
microsoft_aspnetcore_ratelimiting_aspnetcore_rate_limiting_request_lease_duration_bucket{le="20971.52"} 63
microsoft_aspnetcore_ratelimiting_aspnetcore_rate_limiting_request_lease_duration_bucket{le="41943.04"} 63
microsoft_aspnetcore_ratelimiting_aspnetcore_rate_limiting_request_lease_duration_bucket{le="83886.08"} 63
microsoft_aspnetcore_ratelimiting_aspnetcore_rate_limiting_request_lease_duration_bucket{le="167772.16"} 63
microsoft_aspnetcore_ratelimiting_aspnetcore_rate_limiting_request_lease_duration_bucket{le="+Inf"} 63
# HELP microsoft_aspnetcore_ratelimiting_aspnetcore_rate_limiting_requests ({request}) Number of requests that tried to acquire a rate limiting lease. Requests could be rejected by global or endpoint rate limiting policies. Or the request could be canceled while waiting for the lease. (Counter`1)
# TYPE microsoft_aspnetcore_ratelimiting_aspnetcore_rate_limiting_requests gauge
microsoft_aspnetcore_ratelimiting_aspnetcore_rate_limiting_requests{aspnetcore_rate_limiting_result="acquired"} 63
# HELP microsoft_aspnetcore_hosting_http_server_active_requests ({request}) Number of active HTTP server requests. (UpDownCounter`1)
# TYPE microsoft_aspnetcore_hosting_http_server_active_requests gauge
microsoft_aspnetcore_hosting_http_server_active_requests{http_request_method="GET",url_scheme="http"} 1
microsoft_aspnetcore_hosting_http_server_active_requests{http_request_method="POST",url_scheme="http"} 0
# HELP microsoft_aspnetcore_routing_aspnetcore_routing_match_attempts ({match_attempt}) Number of requests that were attempted to be matched to an endpoint. (Counter`1)
# TYPE microsoft_aspnetcore_routing_aspnetcore_routing_match_attempts gauge
microsoft_aspnetcore_routing_aspnetcore_routing_match_attempts{aspnetcore_routing_is_fallback="False",aspnetcore_routing_match_status="success",http_route="currencies/v{version:apiVersion}/currencies"} 51
microsoft_aspnetcore_routing_aspnetcore_routing_match_attempts{aspnetcore_routing_is_fallback="False",aspnetcore_routing_match_status="success",http_route="/metrics"} 3
microsoft_aspnetcore_routing_aspnetcore_routing_match_attempts{aspnetcore_routing_is_fallback="False",aspnetcore_routing_match_status="success",http_route="/currencies/liveness"} 2
microsoft_aspnetcore_routing_aspnetcore_routing_match_attempts{aspnetcore_routing_is_fallback="False",aspnetcore_routing_match_status="success",http_route="/currencies/readiness"} 4
microsoft_aspnetcore_routing_aspnetcore_routing_match_attempts{aspnetcore_routing_is_fallback="False",aspnetcore_routing_match_status="success",http_route="currencies/v{version:apiVersion}/admin/currencies"} 1
microsoft_aspnetcore_routing_aspnetcore_routing_match_attempts{aspnetcore_routing_is_fallback="False",aspnetcore_routing_match_status="success",http_route="currencies/v{version:apiVersion}/rates"} 2
# HELP microsoft_aspnetcore_authentication_aspnetcore_authentication_authenticate_duration (s) The authentication duration for a request. (Histogram`1)
# TYPE microsoft_aspnetcore_authentication_aspnetcore_authentication_authenticate_duration histogram
microsoft_aspnetcore_authentication_aspnetcore_authentication_authenticate_duration_sum{aspnetcore_authentication_result="success",aspnetcore_authentication_scheme="TestScheme"} 0.0016718999999999996
microsoft_aspnetcore_authentication_aspnetcore_authentication_authenticate_duration_count{aspnetcore_authentication_result="success",aspnetcore_authentication_scheme="TestScheme"} 63
microsoft_aspnetcore_authentication_aspnetcore_authentication_authenticate_duration_bucket{aspnetcore_authentication_result="success",aspnetcore_authentication_scheme="TestScheme",le="0.01"} 63
microsoft_aspnetcore_authentication_aspnetcore_authentication_authenticate_duration_bucket{aspnetcore_authentication_result="success",aspnetcore_authentication_scheme="TestScheme",le="0.02"} 63
microsoft_aspnetcore_authentication_aspnetcore_authentication_authenticate_duration_bucket{aspnetcore_authentication_result="success",aspnetcore_authentication_scheme="TestScheme",le="0.04"} 63
microsoft_aspnetcore_authentication_aspnetcore_authentication_authenticate_duration_bucket{aspnetcore_authentication_result="success",aspnetcore_authentication_scheme="TestScheme",le="0.08"} 63
microsoft_aspnetcore_authentication_aspnetcore_authentication_authenticate_duration_bucket{aspnetcore_authentication_result="success",aspnetcore_authentication_scheme="TestScheme",le="0.16"} 63
microsoft_aspnetcore_authentication_aspnetcore_authentication_authenticate_duration_bucket{aspnetcore_authentication_result="success",aspnetcore_authentication_scheme="TestScheme",le="0.32"} 63
microsoft_aspnetcore_authentication_aspnetcore_authentication_authenticate_duration_bucket{aspnetcore_authentication_result="success",aspnetcore_authentication_scheme="TestScheme",le="0.64"} 63
microsoft_aspnetcore_authentication_aspnetcore_authentication_authenticate_duration_bucket{aspnetcore_authentication_result="success",aspnetcore_authentication_scheme="TestScheme",le="1.28"} 63
microsoft_aspnetcore_authentication_aspnetcore_authentication_authenticate_duration_bucket{aspnetcore_authentication_result="success",aspnetcore_authentication_scheme="TestScheme",le="2.56"} 63
microsoft_aspnetcore_authentication_aspnetcore_authentication_authenticate_duration_bucket{aspnetcore_authentication_result="success",aspnetcore_authentication_scheme="TestScheme",le="5.12"} 63
microsoft_aspnetcore_authentication_aspnetcore_authentication_authenticate_duration_bucket{aspnetcore_authentication_result="success",aspnetcore_authentication_scheme="TestScheme",le="10.24"} 63
microsoft_aspnetcore_authentication_aspnetcore_authentication_authenticate_duration_bucket{aspnetcore_authentication_result="success",aspnetcore_authentication_scheme="TestScheme",le="20.48"} 63
microsoft_aspnetcore_authentication_aspnetcore_authentication_authenticate_duration_bucket{aspnetcore_authentication_result="success",aspnetcore_authentication_scheme="TestScheme",le="40.96"} 63
microsoft_aspnetcore_authentication_aspnetcore_authentication_authenticate_duration_bucket{aspnetcore_authentication_result="success",aspnetcore_authentication_scheme="TestScheme",le="81.92"} 63
microsoft_aspnetcore_authentication_aspnetcore_authentication_authenticate_duration_bucket{aspnetcore_authentication_result="success",aspnetcore_authentication_scheme="TestScheme",le="163.84"} 63
microsoft_aspnetcore_authentication_aspnetcore_authentication_authenticate_duration_bucket{aspnetcore_authentication_result="success",aspnetcore_authentication_scheme="TestScheme",le="327.68"} 63
microsoft_aspnetcore_authentication_aspnetcore_authentication_authenticate_duration_bucket{aspnetcore_authentication_result="success",aspnetcore_authentication_scheme="TestScheme",le="655.36"} 63
microsoft_aspnetcore_authentication_aspnetcore_authentication_authenticate_duration_bucket{aspnetcore_authentication_result="success",aspnetcore_authentication_scheme="TestScheme",le="1310.72"} 63
microsoft_aspnetcore_authentication_aspnetcore_authentication_authenticate_duration_bucket{aspnetcore_authentication_result="success",aspnetcore_authentication_scheme="TestScheme",le="2621.44"} 63
microsoft_aspnetcore_authentication_aspnetcore_authentication_authenticate_duration_bucket{aspnetcore_authentication_result="success",aspnetcore_authentication_scheme="TestScheme",le="5242.88"} 63
microsoft_aspnetcore_authentication_aspnetcore_authentication_authenticate_duration_bucket{aspnetcore_authentication_result="success",aspnetcore_authentication_scheme="TestScheme",le="10485.76"} 63
microsoft_aspnetcore_authentication_aspnetcore_authentication_authenticate_duration_bucket{aspnetcore_authentication_result="success",aspnetcore_authentication_scheme="TestScheme",le="20971.52"} 63
microsoft_aspnetcore_authentication_aspnetcore_authentication_authenticate_duration_bucket{aspnetcore_authentication_result="success",aspnetcore_authentication_scheme="TestScheme",le="41943.04"} 63
microsoft_aspnetcore_authentication_aspnetcore_authentication_authenticate_duration_bucket{aspnetcore_authentication_result="success",aspnetcore_authentication_scheme="TestScheme",le="83886.08"} 63
microsoft_aspnetcore_authentication_aspnetcore_authentication_authenticate_duration_bucket{aspnetcore_authentication_result="success",aspnetcore_authentication_scheme="TestScheme",le="167772.16"} 63
microsoft_aspnetcore_authentication_aspnetcore_authentication_authenticate_duration_bucket{aspnetcore_authentication_result="success",aspnetcore_authentication_scheme="TestScheme",le="+Inf"} 63
# HELP microsoft_aspnetcore_ratelimiting_aspnetcore_rate_limiting_active_request_leases ({request}) Number of HTTP requests that are currently active on the server that hold a rate limiting lease. (UpDownCounter`1)
# TYPE microsoft_aspnetcore_ratelimiting_aspnetcore_rate_limiting_active_request_leases gauge
microsoft_aspnetcore_ratelimiting_aspnetcore_rate_limiting_active_request_leases 1
# HELP npgsql_db_client_operation_npgsql_executing ({command}) The number of currently executing database commands. (UpDownCounter`1)
# TYPE npgsql_db_client_operation_npgsql_executing gauge
npgsql_db_client_operation_npgsql_executing{db_client_connection_pool_name="Host=127.0.0.1;Port=59462;Database=currency_app_db;Username=postgres"} 0
# HELP npgsql_db_client_operation_npgsql_bytes_written (By) The number of bytes written. (Counter`1)
# TYPE npgsql_db_client_operation_npgsql_bytes_written gauge
npgsql_db_client_operation_npgsql_bytes_written{db_client_connection_pool_name="Host=127.0.0.1;Port=59462;Database=currency_app_db;Username=postgres"} 17192
# HELP npgsql_db_client_operation_npgsql_bytes_read (By) The number of bytes read. (Counter`1)
# TYPE npgsql_db_client_operation_npgsql_bytes_read gauge
npgsql_db_client_operation_npgsql_bytes_read{db_client_connection_pool_name="Host=127.0.0.1;Port=59462;Database=currency_app_db;Username=postgres"} 35810
# HELP npgsql_db_client_operation_duration (s) Duration of database client operations. (Histogram`1)
# TYPE npgsql_db_client_operation_duration histogram
npgsql_db_client_operation_duration_sum{db_client_connection_pool_name="Host=127.0.0.1;Port=59462;Database=currency_app_db;Username=postgres",db_system_name="postgresql",server_address="127.0.0.1",server_port="59462"} 0.1566787
npgsql_db_client_operation_duration_count{db_client_connection_pool_name="Host=127.0.0.1;Port=59462;Database=currency_app_db;Username=postgres",db_system_name="postgresql",server_address="127.0.0.1",server_port="59462"} 56
npgsql_db_client_operation_duration_bucket{db_client_connection_pool_name="Host=127.0.0.1;Port=59462;Database=currency_app_db;Username=postgres",db_system_name="postgresql",server_address="127.0.0.1",server_port="59462",le="0.01"} 55
npgsql_db_client_operation_duration_bucket{db_client_connection_pool_name="Host=127.0.0.1;Port=59462;Database=currency_app_db;Username=postgres",db_system_name="postgresql",server_address="127.0.0.1",server_port="59462",le="0.02"} 56
npgsql_db_client_operation_duration_bucket{db_client_connection_pool_name="Host=127.0.0.1;Port=59462;Database=currency_app_db;Username=postgres",db_system_name="postgresql",server_address="127.0.0.1",server_port="59462",le="0.04"} 56
npgsql_db_client_operation_duration_bucket{db_client_connection_pool_name="Host=127.0.0.1;Port=59462;Database=currency_app_db;Username=postgres",db_system_name="postgresql",server_address="127.0.0.1",server_port="59462",le="0.08"} 56
npgsql_db_client_operation_duration_bucket{db_client_connection_pool_name="Host=127.0.0.1;Port=59462;Database=currency_app_db;Username=postgres",db_system_name="postgresql",server_address="127.0.0.1",server_port="59462",le="0.16"} 56
npgsql_db_client_operation_duration_bucket{db_client_connection_pool_name="Host=127.0.0.1;Port=59462;Database=currency_app_db;Username=postgres",db_system_name="postgresql",server_address="127.0.0.1",server_port="59462",le="0.32"} 56
npgsql_db_client_operation_duration_bucket{db_client_connection_pool_name="Host=127.0.0.1;Port=59462;Database=currency_app_db;Username=postgres",db_system_name="postgresql",server_address="127.0.0.1",server_port="59462",le="0.64"} 56
npgsql_db_client_operation_duration_bucket{db_client_connection_pool_name="Host=127.0.0.1;Port=59462;Database=currency_app_db;Username=postgres",db_system_name="postgresql",server_address="127.0.0.1",server_port="59462",le="1.28"} 56
npgsql_db_client_operation_duration_bucket{db_client_connection_pool_name="Host=127.0.0.1;Port=59462;Database=currency_app_db;Username=postgres",db_system_name="postgresql",server_address="127.0.0.1",server_port="59462",le="2.56"} 56
npgsql_db_client_operation_duration_bucket{db_client_connection_pool_name="Host=127.0.0.1;Port=59462;Database=currency_app_db;Username=postgres",db_system_name="postgresql",server_address="127.0.0.1",server_port="59462",le="5.12"} 56
npgsql_db_client_operation_duration_bucket{db_client_connection_pool_name="Host=127.0.0.1;Port=59462;Database=currency_app_db;Username=postgres",db_system_name="postgresql",server_address="127.0.0.1",server_port="59462",le="10.24"} 56
npgsql_db_client_operation_duration_bucket{db_client_connection_pool_name="Host=127.0.0.1;Port=59462;Database=currency_app_db;Username=postgres",db_system_name="postgresql",server_address="127.0.0.1",server_port="59462",le="20.48"} 56
npgsql_db_client_operation_duration_bucket{db_client_connection_pool_name="Host=127.0.0.1;Port=59462;Database=currency_app_db;Username=postgres",db_system_name="postgresql",server_address="127.0.0.1",server_port="59462",le="40.96"} 56
npgsql_db_client_operation_duration_bucket{db_client_connection_pool_name="Host=127.0.0.1;Port=59462;Database=currency_app_db;Username=postgres",db_system_name="postgresql",server_address="127.0.0.1",server_port="59462",le="81.92"} 56
npgsql_db_client_operation_duration_bucket{db_client_connection_pool_name="Host=127.0.0.1;Port=59462;Database=currency_app_db;Username=postgres",db_system_name="postgresql",server_address="127.0.0.1",server_port="59462",le="163.84"} 56
npgsql_db_client_operation_duration_bucket{db_client_connection_pool_name="Host=127.0.0.1;Port=59462;Database=currency_app_db;Username=postgres",db_system_name="postgresql",server_address="127.0.0.1",server_port="59462",le="327.68"} 56
npgsql_db_client_operation_duration_bucket{db_client_connection_pool_name="Host=127.0.0.1;Port=59462;Database=currency_app_db;Username=postgres",db_system_name="postgresql",server_address="127.0.0.1",server_port="59462",le="655.36"} 56
npgsql_db_client_operation_duration_bucket{db_client_connection_pool_name="Host=127.0.0.1;Port=59462;Database=currency_app_db;Username=postgres",db_system_name="postgresql",server_address="127.0.0.1",server_port="59462",le="1310.72"} 56
npgsql_db_client_operation_duration_bucket{db_client_connection_pool_name="Host=127.0.0.1;Port=59462;Database=currency_app_db;Username=postgres",db_system_name="postgresql",server_address="127.0.0.1",server_port="59462",le="2621.44"} 56
npgsql_db_client_operation_duration_bucket{db_client_connection_pool_name="Host=127.0.0.1;Port=59462;Database=currency_app_db;Username=postgres",db_system_name="postgresql",server_address="127.0.0.1",server_port="59462",le="5242.88"} 56
npgsql_db_client_operation_duration_bucket{db_client_connection_pool_name="Host=127.0.0.1;Port=59462;Database=currency_app_db;Username=postgres",db_system_name="postgresql",server_address="127.0.0.1",server_port="59462",le="10485.76"} 56
npgsql_db_client_operation_duration_bucket{db_client_connection_pool_name="Host=127.0.0.1;Port=59462;Database=currency_app_db;Username=postgres",db_system_name="postgresql",server_address="127.0.0.1",server_port="59462",le="20971.52"} 56
npgsql_db_client_operation_duration_bucket{db_client_connection_pool_name="Host=127.0.0.1;Port=59462;Database=currency_app_db;Username=postgres",db_system_name="postgresql",server_address="127.0.0.1",server_port="59462",le="41943.04"} 56
npgsql_db_client_operation_duration_bucket{db_client_connection_pool_name="Host=127.0.0.1;Port=59462;Database=currency_app_db;Username=postgres",db_system_name="postgresql",server_address="127.0.0.1",server_port="59462",le="83886.08"} 56
npgsql_db_client_operation_duration_bucket{db_client_connection_pool_name="Host=127.0.0.1;Port=59462;Database=currency_app_db;Username=postgres",db_system_name="postgresql",server_address="127.0.0.1",server_port="59462",le="167772.16"} 56
npgsql_db_client_operation_duration_bucket{db_client_connection_pool_name="Host=127.0.0.1;Port=59462;Database=currency_app_db;Username=postgres",db_system_name="postgresql",server_address="127.0.0.1",server_port="59462",le="+Inf"} 56
# HELP microsoft_aspnetcore_hosting_http_server_request_duration (s) Duration of HTTP server requests. (Histogram`1)
# TYPE microsoft_aspnetcore_hosting_http_server_request_duration histogram
microsoft_aspnetcore_hosting_http_server_request_duration_sum{http_request_method="GET",http_response_status_code="200",http_route="currencies/v{version:apiVersion}/currencies",network_protocol_version="1.1",url_scheme="http"} 2.4340777
microsoft_aspnetcore_hosting_http_server_request_duration_count{http_request_method="GET",http_response_status_code="200",http_route="currencies/v{version:apiVersion}/currencies",network_protocol_version="1.1",url_scheme="http"} 51
microsoft_aspnetcore_hosting_http_server_request_duration_bucket{http_request_method="GET",http_response_status_code="200",http_route="currencies/v{version:apiVersion}/currencies",network_protocol_version="1.1",url_scheme="http",le="0.01"} 13
microsoft_aspnetcore_hosting_http_server_request_duration_bucket{http_request_method="GET",http_response_status_code="200",http_route="currencies/v{version:apiVersion}/currencies",network_protocol_version="1.1",url_scheme="http",le="0.02"} 30
microsoft_aspnetcore_hosting_http_server_request_duration_bucket{http_request_method="GET",http_response_status_code="200",http_route="currencies/v{version:apiVersion}/currencies",network_protocol_version="1.1",url_scheme="http",le="0.04"} 30
microsoft_aspnetcore_hosting_http_server_request_duration_bucket{http_request_method="GET",http_response_status_code="200",http_route="currencies/v{version:apiVersion}/currencies",network_protocol_version="1.1",url_scheme="http",le="0.08"} 30
microsoft_aspnetcore_hosting_http_server_request_duration_bucket{http_request_method="GET",http_response_status_code="200",http_route="currencies/v{version:apiVersion}/currencies",network_protocol_version="1.1",url_scheme="http",le="0.16"} 51
microsoft_aspnetcore_hosting_http_server_request_duration_bucket{http_request_method="GET",http_response_status_code="200",http_route="currencies/v{version:apiVersion}/currencies",network_protocol_version="1.1",url_scheme="http",le="0.32"} 51
microsoft_aspnetcore_hosting_http_server_request_duration_bucket{http_request_method="GET",http_response_status_code="200",http_route="currencies/v{version:apiVersion}/currencies",network_protocol_version="1.1",url_scheme="http",le="0.64"} 51
microsoft_aspnetcore_hosting_http_server_request_duration_bucket{http_request_method="GET",http_response_status_code="200",http_route="currencies/v{version:apiVersion}/currencies",network_protocol_version="1.1",url_scheme="http",le="1.28"} 51
microsoft_aspnetcore_hosting_http_server_request_duration_bucket{http_request_method="GET",http_response_status_code="200",http_route="currencies/v{version:apiVersion}/currencies",network_protocol_version="1.1",url_scheme="http",le="2.56"} 51
microsoft_aspnetcore_hosting_http_server_request_duration_bucket{http_request_method="GET",http_response_status_code="200",http_route="currencies/v{version:apiVersion}/currencies",network_protocol_version="1.1",url_scheme="http",le="5.12"} 51
microsoft_aspnetcore_hosting_http_server_request_duration_bucket{http_request_method="GET",http_response_status_code="200",http_route="currencies/v{version:apiVersion}/currencies",network_protocol_version="1.1",url_scheme="http",le="10.24"} 51
microsoft_aspnetcore_hosting_http_server_request_duration_bucket{http_request_method="GET",http_response_status_code="200",http_route="currencies/v{version:apiVersion}/currencies",network_protocol_version="1.1",url_scheme="http",le="20.48"} 51
microsoft_aspnetcore_hosting_http_server_request_duration_bucket{http_request_method="GET",http_response_status_code="200",http_route="currencies/v{version:apiVersion}/currencies",network_protocol_version="1.1",url_scheme="http",le="40.96"} 51
microsoft_aspnetcore_hosting_http_server_request_duration_bucket{http_request_method="GET",http_response_status_code="200",http_route="currencies/v{version:apiVersion}/currencies",network_protocol_version="1.1",url_scheme="http",le="81.92"} 51
microsoft_aspnetcore_hosting_http_server_request_duration_bucket{http_request_method="GET",http_response_status_code="200",http_route="currencies/v{version:apiVersion}/currencies",network_protocol_version="1.1",url_scheme="http",le="163.84"} 51
microsoft_aspnetcore_hosting_http_server_request_duration_bucket{http_request_method="GET",http_response_status_code="200",http_route="currencies/v{version:apiVersion}/currencies",network_protocol_version="1.1",url_scheme="http",le="327.68"} 51
microsoft_aspnetcore_hosting_http_server_request_duration_bucket{http_request_method="GET",http_response_status_code="200",http_route="currencies/v{version:apiVersion}/currencies",network_protocol_version="1.1",url_scheme="http",le="655.36"} 51
microsoft_aspnetcore_hosting_http_server_request_duration_bucket{http_request_method="GET",http_response_status_code="200",http_route="currencies/v{version:apiVersion}/currencies",network_protocol_version="1.1",url_scheme="http",le="1310.72"} 51
microsoft_aspnetcore_hosting_http_server_request_duration_bucket{http_request_method="GET",http_response_status_code="200",http_route="currencies/v{version:apiVersion}/currencies",network_protocol_version="1.1",url_scheme="http",le="2621.44"} 51
microsoft_aspnetcore_hosting_http_server_request_duration_bucket{http_request_method="GET",http_response_status_code="200",http_route="currencies/v{version:apiVersion}/currencies",network_protocol_version="1.1",url_scheme="http",le="5242.88"} 51
microsoft_aspnetcore_hosting_http_server_request_duration_bucket{http_request_method="GET",http_response_status_code="200",http_route="currencies/v{version:apiVersion}/currencies",network_protocol_version="1.1",url_scheme="http",le="10485.76"} 51
microsoft_aspnetcore_hosting_http_server_request_duration_bucket{http_request_method="GET",http_response_status_code="200",http_route="currencies/v{version:apiVersion}/currencies",network_protocol_version="1.1",url_scheme="http",le="20971.52"} 51
microsoft_aspnetcore_hosting_http_server_request_duration_bucket{http_request_method="GET",http_response_status_code="200",http_route="currencies/v{version:apiVersion}/currencies",network_protocol_version="1.1",url_scheme="http",le="41943.04"} 51
microsoft_aspnetcore_hosting_http_server_request_duration_bucket{http_request_method="GET",http_response_status_code="200",http_route="currencies/v{version:apiVersion}/currencies",network_protocol_version="1.1",url_scheme="http",le="83886.08"} 51
microsoft_aspnetcore_hosting_http_server_request_duration_bucket{http_request_method="GET",http_response_status_code="200",http_route="currencies/v{version:apiVersion}/currencies",network_protocol_version="1.1",url_scheme="http",le="167772.16"} 51
microsoft_aspnetcore_hosting_http_server_request_duration_bucket{http_request_method="GET",http_response_status_code="200",http_route="currencies/v{version:apiVersion}/currencies",network_protocol_version="1.1",url_scheme="http",le="+Inf"} 51
microsoft_aspnetcore_hosting_http_server_request_duration_sum{http_request_method="GET",http_response_status_code="200",http_route="/metrics",network_protocol_version="1.1",url_scheme="http"} 0.02013
microsoft_aspnetcore_hosting_http_server_request_duration_count{http_request_method="GET",http_response_status_code="200",http_route="/metrics",network_protocol_version="1.1",url_scheme="http"} 2
microsoft_aspnetcore_hosting_http_server_request_duration_bucket{http_request_method="GET",http_response_status_code="200",http_route="/metrics",network_protocol_version="1.1",url_scheme="http",le="0.01"} 1
microsoft_aspnetcore_hosting_http_server_request_duration_bucket{http_request_method="GET",http_response_status_code="200",http_route="/metrics",network_protocol_version="1.1",url_scheme="http",le="0.02"} 2
microsoft_aspnetcore_hosting_http_server_request_duration_bucket{http_request_method="GET",http_response_status_code="200",http_route="/metrics",network_protocol_version="1.1",url_scheme="http",le="0.04"} 2
microsoft_aspnetcore_hosting_http_server_request_duration_bucket{http_request_method="GET",http_response_status_code="200",http_route="/metrics",network_protocol_version="1.1",url_scheme="http",le="0.08"} 2
microsoft_aspnetcore_hosting_http_server_request_duration_bucket{http_request_method="GET",http_response_status_code="200",http_route="/metrics",network_protocol_version="1.1",url_scheme="http",le="0.16"} 2
microsoft_aspnetcore_hosting_http_server_request_duration_bucket{http_request_method="GET",http_response_status_code="200",http_route="/metrics",network_protocol_version="1.1",url_scheme="http",le="0.32"} 2
microsoft_aspnetcore_hosting_http_server_request_duration_bucket{http_request_method="GET",http_response_status_code="200",http_route="/metrics",network_protocol_version="1.1",url_scheme="http",le="0.64"} 2
microsoft_aspnetcore_hosting_http_server_request_duration_bucket{http_request_method="GET",http_response_status_code="200",http_route="/metrics",network_protocol_version="1.1",url_scheme="http",le="1.28"} 2
microsoft_aspnetcore_hosting_http_server_request_duration_bucket{http_request_method="GET",http_response_status_code="200",http_route="/metrics",network_protocol_version="1.1",url_scheme="http",le="2.56"} 2
microsoft_aspnetcore_hosting_http_server_request_duration_bucket{http_request_method="GET",http_response_status_code="200",http_route="/metrics",network_protocol_version="1.1",url_scheme="http",le="5.12"} 2
microsoft_aspnetcore_hosting_http_server_request_duration_bucket{http_request_method="GET",http_response_status_code="200",http_route="/metrics",network_protocol_version="1.1",url_scheme="http",le="10.24"} 2
microsoft_aspnetcore_hosting_http_server_request_duration_bucket{http_request_method="GET",http_response_status_code="200",http_route="/metrics",network_protocol_version="1.1",url_scheme="http",le="20.48"} 2
microsoft_aspnetcore_hosting_http_server_request_duration_bucket{http_request_method="GET",http_response_status_code="200",http_route="/metrics",network_protocol_version="1.1",url_scheme="http",le="40.96"} 2
microsoft_aspnetcore_hosting_http_server_request_duration_bucket{http_request_method="GET",http_response_status_code="200",http_route="/metrics",network_protocol_version="1.1",url_scheme="http",le="81.92"} 2
microsoft_aspnetcore_hosting_http_server_request_duration_bucket{http_request_method="GET",http_response_status_code="200",http_route="/metrics",network_protocol_version="1.1",url_scheme="http",le="163.84"} 2
microsoft_aspnetcore_hosting_http_server_request_duration_bucket{http_request_method="GET",http_response_status_code="200",http_route="/metrics",network_protocol_version="1.1",url_scheme="http",le="327.68"} 2
microsoft_aspnetcore_hosting_http_server_request_duration_bucket{http_request_method="GET",http_response_status_code="200",http_route="/metrics",network_protocol_version="1.1",url_scheme="http",le="655.36"} 2
microsoft_aspnetcore_hosting_http_server_request_duration_bucket{http_request_method="GET",http_response_status_code="200",http_route="/metrics",network_protocol_version="1.1",url_scheme="http",le="1310.72"} 2
microsoft_aspnetcore_hosting_http_server_request_duration_bucket{http_request_method="GET",http_response_status_code="200",http_route="/metrics",network_protocol_version="1.1",url_scheme="http",le="2621.44"} 2
microsoft_aspnetcore_hosting_http_server_request_duration_bucket{http_request_method="GET",http_response_status_code="200",http_route="/metrics",network_protocol_version="1.1",url_scheme="http",le="5242.88"} 2
microsoft_aspnetcore_hosting_http_server_request_duration_bucket{http_request_method="GET",http_response_status_code="200",http_route="/metrics",network_protocol_version="1.1",url_scheme="http",le="10485.76"} 2
microsoft_aspnetcore_hosting_http_server_request_duration_bucket{http_request_method="GET",http_response_status_code="200",http_route="/metrics",network_protocol_version="1.1",url_scheme="http",le="20971.52"} 2
microsoft_aspnetcore_hosting_http_server_request_duration_bucket{http_request_method="GET",http_response_status_code="200",http_route="/metrics",network_protocol_version="1.1",url_scheme="http",le="41943.04"} 2
microsoft_aspnetcore_hosting_http_server_request_duration_bucket{http_request_method="GET",http_response_status_code="200",http_route="/metrics",network_protocol_version="1.1",url_scheme="http",le="83886.08"} 2
microsoft_aspnetcore_hosting_http_server_request_duration_bucket{http_request_method="GET",http_response_status_code="200",http_route="/metrics",network_protocol_version="1.1",url_scheme="http",le="167772.16"} 2
microsoft_aspnetcore_hosting_http_server_request_duration_bucket{http_request_method="GET",http_response_status_code="200",http_route="/metrics",network_protocol_version="1.1",url_scheme="http",le="+Inf"} 2
microsoft_aspnetcore_hosting_http_server_request_duration_sum{http_request_method="GET",http_response_status_code="200",http_route="/currencies/liveness",network_protocol_version="1.1",url_scheme="http"} 0.026692399999999998
microsoft_aspnetcore_hosting_http_server_request_duration_count{http_request_method="GET",http_response_status_code="200",http_route="/currencies/liveness",network_protocol_version="1.1",url_scheme="http"} 2
microsoft_aspnetcore_hosting_http_server_request_duration_bucket{http_request_method="GET",http_response_status_code="200",http_route="/currencies/liveness",network_protocol_version="1.1",url_scheme="http",le="0.01"} 1
microsoft_aspnetcore_hosting_http_server_request_duration_bucket{http_request_method="GET",http_response_status_code="200",http_route="/currencies/liveness",network_protocol_version="1.1",url_scheme="http",le="0.02"} 1
microsoft_aspnetcore_hosting_http_server_request_duration_bucket{http_request_method="GET",http_response_status_code="200",http_route="/currencies/liveness",network_protocol_version="1.1",url_scheme="http",le="0.04"} 2
microsoft_aspnetcore_hosting_http_server_request_duration_bucket{http_request_method="GET",http_response_status_code="200",http_route="/currencies/liveness",network_protocol_version="1.1",url_scheme="http",le="0.08"} 2
microsoft_aspnetcore_hosting_http_server_request_duration_bucket{http_request_method="GET",http_response_status_code="200",http_route="/currencies/liveness",network_protocol_version="1.1",url_scheme="http",le="0.16"} 2
microsoft_aspnetcore_hosting_http_server_request_duration_bucket{http_request_method="GET",http_response_status_code="200",http_route="/currencies/liveness",network_protocol_version="1.1",url_scheme="http",le="0.32"} 2
microsoft_aspnetcore_hosting_http_server_request_duration_bucket{http_request_method="GET",http_response_status_code="200",http_route="/currencies/liveness",network_protocol_version="1.1",url_scheme="http",le="0.64"} 2
microsoft_aspnetcore_hosting_http_server_request_duration_bucket{http_request_method="GET",http_response_status_code="200",http_route="/currencies/liveness",network_protocol_version="1.1",url_scheme="http",le="1.28"} 2
microsoft_aspnetcore_hosting_http_server_request_duration_bucket{http_request_method="GET",http_response_status_code="200",http_route="/currencies/liveness",network_protocol_version="1.1",url_scheme="http",le="2.56"} 2
microsoft_aspnetcore_hosting_http_server_request_duration_bucket{http_request_method="GET",http_response_status_code="200",http_route="/currencies/liveness",network_protocol_version="1.1",url_scheme="http",le="5.12"} 2
microsoft_aspnetcore_hosting_http_server_request_duration_bucket{http_request_method="GET",http_response_status_code="200",http_route="/currencies/liveness",network_protocol_version="1.1",url_scheme="http",le="10.24"} 2
microsoft_aspnetcore_hosting_http_server_request_duration_bucket{http_request_method="GET",http_response_status_code="200",http_route="/currencies/liveness",network_protocol_version="1.1",url_scheme="http",le="20.48"} 2
microsoft_aspnetcore_hosting_http_server_request_duration_bucket{http_request_method="GET",http_response_status_code="200",http_route="/currencies/liveness",network_protocol_version="1.1",url_scheme="http",le="40.96"} 2
microsoft_aspnetcore_hosting_http_server_request_duration_bucket{http_request_method="GET",http_response_status_code="200",http_route="/currencies/liveness",network_protocol_version="1.1",url_scheme="http",le="81.92"} 2
microsoft_aspnetcore_hosting_http_server_request_duration_bucket{http_request_method="GET",http_response_status_code="200",http_route="/currencies/liveness",network_protocol_version="1.1",url_scheme="http",le="163.84"} 2
microsoft_aspnetcore_hosting_http_server_request_duration_bucket{http_request_method="GET",http_response_status_code="200",http_route="/currencies/liveness",network_protocol_version="1.1",url_scheme="http",le="327.68"} 2
microsoft_aspnetcore_hosting_http_server_request_duration_bucket{http_request_method="GET",http_response_status_code="200",http_route="/currencies/liveness",network_protocol_version="1.1",url_scheme="http",le="655.36"} 2
microsoft_aspnetcore_hosting_http_server_request_duration_bucket{http_request_method="GET",http_response_status_code="200",http_route="/currencies/liveness",network_protocol_version="1.1",url_scheme="http",le="1310.72"} 2
microsoft_aspnetcore_hosting_http_server_request_duration_bucket{http_request_method="GET",http_response_status_code="200",http_route="/currencies/liveness",network_protocol_version="1.1",url_scheme="http",le="2621.44"} 2
microsoft_aspnetcore_hosting_http_server_request_duration_bucket{http_request_method="GET",http_response_status_code="200",http_route="/currencies/liveness",network_protocol_version="1.1",url_scheme="http",le="5242.88"} 2
microsoft_aspnetcore_hosting_http_server_request_duration_bucket{http_request_method="GET",http_response_status_code="200",http_route="/currencies/liveness",network_protocol_version="1.1",url_scheme="http",le="10485.76"} 2
microsoft_aspnetcore_hosting_http_server_request_duration_bucket{http_request_method="GET",http_response_status_code="200",http_route="/currencies/liveness",network_protocol_version="1.1",url_scheme="http",le="20971.52"} 2
microsoft_aspnetcore_hosting_http_server_request_duration_bucket{http_request_method="GET",http_response_status_code="200",http_route="/currencies/liveness",network_protocol_version="1.1",url_scheme="http",le="41943.04"} 2
microsoft_aspnetcore_hosting_http_server_request_duration_bucket{http_request_method="GET",http_response_status_code="200",http_route="/currencies/liveness",network_protocol_version="1.1",url_scheme="http",le="83886.08"} 2
microsoft_aspnetcore_hosting_http_server_request_duration_bucket{http_request_method="GET",http_response_status_code="200",http_route="/currencies/liveness",network_protocol_version="1.1",url_scheme="http",le="167772.16"} 2
microsoft_aspnetcore_hosting_http_server_request_duration_bucket{http_request_method="GET",http_response_status_code="200",http_route="/currencies/liveness",network_protocol_version="1.1",url_scheme="http",le="+Inf"} 2
microsoft_aspnetcore_hosting_http_server_request_duration_sum{http_request_method="GET",http_response_status_code="200",http_route="/currencies/readiness",network_protocol_version="1.1",url_scheme="http"} 0.18039750000000002
microsoft_aspnetcore_hosting_http_server_request_duration_count{http_request_method="GET",http_response_status_code="200",http_route="/currencies/readiness",network_protocol_version="1.1",url_scheme="http"} 4
microsoft_aspnetcore_hosting_http_server_request_duration_bucket{http_request_method="GET",http_response_status_code="200",http_route="/currencies/readiness",network_protocol_version="1.1",url_scheme="http",le="0.01"} 3
microsoft_aspnetcore_hosting_http_server_request_duration_bucket{http_request_method="GET",http_response_status_code="200",http_route="/currencies/readiness",network_protocol_version="1.1",url_scheme="http",le="0.02"} 3
microsoft_aspnetcore_hosting_http_server_request_duration_bucket{http_request_method="GET",http_response_status_code="200",http_route="/currencies/readiness",network_protocol_version="1.1",url_scheme="http",le="0.04"} 3
microsoft_aspnetcore_hosting_http_server_request_duration_bucket{http_request_method="GET",http_response_status_code="200",http_route="/currencies/readiness",network_protocol_version="1.1",url_scheme="http",le="0.08"} 3
microsoft_aspnetcore_hosting_http_server_request_duration_bucket{http_request_method="GET",http_response_status_code="200",http_route="/currencies/readiness",network_protocol_version="1.1",url_scheme="http",le="0.16"} 3
microsoft_aspnetcore_hosting_http_server_request_duration_bucket{http_request_method="GET",http_response_status_code="200",http_route="/currencies/readiness",network_protocol_version="1.1",url_scheme="http",le="0.32"} 4
microsoft_aspnetcore_hosting_http_server_request_duration_bucket{http_request_method="GET",http_response_status_code="200",http_route="/currencies/readiness",network_protocol_version="1.1",url_scheme="http",le="0.64"} 4
microsoft_aspnetcore_hosting_http_server_request_duration_bucket{http_request_method="GET",http_response_status_code="200",http_route="/currencies/readiness",network_protocol_version="1.1",url_scheme="http",le="1.28"} 4
microsoft_aspnetcore_hosting_http_server_request_duration_bucket{http_request_method="GET",http_response_status_code="200",http_route="/currencies/readiness",network_protocol_version="1.1",url_scheme="http",le="2.56"} 4
microsoft_aspnetcore_hosting_http_server_request_duration_bucket{http_request_method="GET",http_response_status_code="200",http_route="/currencies/readiness",network_protocol_version="1.1",url_scheme="http",le="5.12"} 4
microsoft_aspnetcore_hosting_http_server_request_duration_bucket{http_request_method="GET",http_response_status_code="200",http_route="/currencies/readiness",network_protocol_version="1.1",url_scheme="http",le="10.24"} 4
microsoft_aspnetcore_hosting_http_server_request_duration_bucket{http_request_method="GET",http_response_status_code="200",http_route="/currencies/readiness",network_protocol_version="1.1",url_scheme="http",le="20.48"} 4
microsoft_aspnetcore_hosting_http_server_request_duration_bucket{http_request_method="GET",http_response_status_code="200",http_route="/currencies/readiness",network_protocol_version="1.1",url_scheme="http",le="40.96"} 4
microsoft_aspnetcore_hosting_http_server_request_duration_bucket{http_request_method="GET",http_response_status_code="200",http_route="/currencies/readiness",network_protocol_version="1.1",url_scheme="http",le="81.92"} 4
microsoft_aspnetcore_hosting_http_server_request_duration_bucket{http_request_method="GET",http_response_status_code="200",http_route="/currencies/readiness",network_protocol_version="1.1",url_scheme="http",le="163.84"} 4
microsoft_aspnetcore_hosting_http_server_request_duration_bucket{http_request_method="GET",http_response_status_code="200",http_route="/currencies/readiness",network_protocol_version="1.1",url_scheme="http",le="327.68"} 4
microsoft_aspnetcore_hosting_http_server_request_duration_bucket{http_request_method="GET",http_response_status_code="200",http_route="/currencies/readiness",network_protocol_version="1.1",url_scheme="http",le="655.36"} 4
microsoft_aspnetcore_hosting_http_server_request_duration_bucket{http_request_method="GET",http_response_status_code="200",http_route="/currencies/readiness",network_protocol_version="1.1",url_scheme="http",le="1310.72"} 4
microsoft_aspnetcore_hosting_http_server_request_duration_bucket{http_request_method="GET",http_response_status_code="200",http_route="/currencies/readiness",network_protocol_version="1.1",url_scheme="http",le="2621.44"} 4
microsoft_aspnetcore_hosting_http_server_request_duration_bucket{http_request_method="GET",http_response_status_code="200",http_route="/currencies/readiness",network_protocol_version="1.1",url_scheme="http",le="5242.88"} 4
microsoft_aspnetcore_hosting_http_server_request_duration_bucket{http_request_method="GET",http_response_status_code="200",http_route="/currencies/readiness",network_protocol_version="1.1",url_scheme="http",le="10485.76"} 4
microsoft_aspnetcore_hosting_http_server_request_duration_bucket{http_request_method="GET",http_response_status_code="200",http_route="/currencies/readiness",network_protocol_version="1.1",url_scheme="http",le="20971.52"} 4
microsoft_aspnetcore_hosting_http_server_request_duration_bucket{http_request_method="GET",http_response_status_code="200",http_route="/currencies/readiness",network_protocol_version="1.1",url_scheme="http",le="41943.04"} 4
microsoft_aspnetcore_hosting_http_server_request_duration_bucket{http_request_method="GET",http_response_status_code="200",http_route="/currencies/readiness",network_protocol_version="1.1",url_scheme="http",le="83886.08"} 4
microsoft_aspnetcore_hosting_http_server_request_duration_bucket{http_request_method="GET",http_response_status_code="200",http_route="/currencies/readiness",network_protocol_version="1.1",url_scheme="http",le="167772.16"} 4
microsoft_aspnetcore_hosting_http_server_request_duration_bucket{http_request_method="GET",http_response_status_code="200",http_route="/currencies/readiness",network_protocol_version="1.1",url_scheme="http",le="+Inf"} 4
microsoft_aspnetcore_hosting_http_server_request_duration_sum{http_request_method="POST",http_response_status_code="201",http_route="currencies/v{version:apiVersion}/admin/currencies",network_protocol_version="1.1",url_scheme="http"} 0.0069209
microsoft_aspnetcore_hosting_http_server_request_duration_count{http_request_method="POST",http_response_status_code="201",http_route="currencies/v{version:apiVersion}/admin/currencies",network_protocol_version="1.1",url_scheme="http"} 1
microsoft_aspnetcore_hosting_http_server_request_duration_bucket{http_request_method="POST",http_response_status_code="201",http_route="currencies/v{version:apiVersion}/admin/currencies",network_protocol_version="1.1",url_scheme="http",le="0.01"} 1
microsoft_aspnetcore_hosting_http_server_request_duration_bucket{http_request_method="POST",http_response_status_code="201",http_route="currencies/v{version:apiVersion}/admin/currencies",network_protocol_version="1.1",url_scheme="http",le="0.02"} 1
microsoft_aspnetcore_hosting_http_server_request_duration_bucket{http_request_method="POST",http_response_status_code="201",http_route="currencies/v{version:apiVersion}/admin/currencies",network_protocol_version="1.1",url_scheme="http",le="0.04"} 1
microsoft_aspnetcore_hosting_http_server_request_duration_bucket{http_request_method="POST",http_response_status_code="201",http_route="currencies/v{version:apiVersion}/admin/currencies",network_protocol_version="1.1",url_scheme="http",le="0.08"} 1
microsoft_aspnetcore_hosting_http_server_request_duration_bucket{http_request_method="POST",http_response_status_code="201",http_route="currencies/v{version:apiVersion}/admin/currencies",network_protocol_version="1.1",url_scheme="http",le="0.16"} 1
microsoft_aspnetcore_hosting_http_server_request_duration_bucket{http_request_method="POST",http_response_status_code="201",http_route="currencies/v{version:apiVersion}/admin/currencies",network_protocol_version="1.1",url_scheme="http",le="0.32"} 1
microsoft_aspnetcore_hosting_http_server_request_duration_bucket{http_request_method="POST",http_response_status_code="201",http_route="currencies/v{version:apiVersion}/admin/currencies",network_protocol_version="1.1",url_scheme="http",le="0.64"} 1
microsoft_aspnetcore_hosting_http_server_request_duration_bucket{http_request_method="POST",http_response_status_code="201",http_route="currencies/v{version:apiVersion}/admin/currencies",network_protocol_version="1.1",url_scheme="http",le="1.28"} 1
microsoft_aspnetcore_hosting_http_server_request_duration_bucket{http_request_method="POST",http_response_status_code="201",http_route="currencies/v{version:apiVersion}/admin/currencies",network_protocol_version="1.1",url_scheme="http",le="2.56"} 1
microsoft_aspnetcore_hosting_http_server_request_duration_bucket{http_request_method="POST",http_response_status_code="201",http_route="currencies/v{version:apiVersion}/admin/currencies",network_protocol_version="1.1",url_scheme="http",le="5.12"} 1
microsoft_aspnetcore_hosting_http_server_request_duration_bucket{http_request_method="POST",http_response_status_code="201",http_route="currencies/v{version:apiVersion}/admin/currencies",network_protocol_version="1.1",url_scheme="http",le="10.24"} 1
microsoft_aspnetcore_hosting_http_server_request_duration_bucket{http_request_method="POST",http_response_status_code="201",http_route="currencies/v{version:apiVersion}/admin/currencies",network_protocol_version="1.1",url_scheme="http",le="20.48"} 1
microsoft_aspnetcore_hosting_http_server_request_duration_bucket{http_request_method="POST",http_response_status_code="201",http_route="currencies/v{version:apiVersion}/admin/currencies",network_protocol_version="1.1",url_scheme="http",le="40.96"} 1
microsoft_aspnetcore_hosting_http_server_request_duration_bucket{http_request_method="POST",http_response_status_code="201",http_route="currencies/v{version:apiVersion}/admin/currencies",network_protocol_version="1.1",url_scheme="http",le="81.92"} 1
microsoft_aspnetcore_hosting_http_server_request_duration_bucket{http_request_method="POST",http_response_status_code="201",http_route="currencies/v{version:apiVersion}/admin/currencies",network_protocol_version="1.1",url_scheme="http",le="163.84"} 1
microsoft_aspnetcore_hosting_http_server_request_duration_bucket{http_request_method="POST",http_response_status_code="201",http_route="currencies/v{version:apiVersion}/admin/currencies",network_protocol_version="1.1",url_scheme="http",le="327.68"} 1
microsoft_aspnetcore_hosting_http_server_request_duration_bucket{http_request_method="POST",http_response_status_code="201",http_route="currencies/v{version:apiVersion}/admin/currencies",network_protocol_version="1.1",url_scheme="http",le="655.36"} 1
microsoft_aspnetcore_hosting_http_server_request_duration_bucket{http_request_method="POST",http_response_status_code="201",http_route="currencies/v{version:apiVersion}/admin/currencies",network_protocol_version="1.1",url_scheme="http",le="1310.72"} 1
microsoft_aspnetcore_hosting_http_server_request_duration_bucket{http_request_method="POST",http_response_status_code="201",http_route="currencies/v{version:apiVersion}/admin/currencies",network_protocol_version="1.1",url_scheme="http",le="2621.44"} 1
microsoft_aspnetcore_hosting_http_server_request_duration_bucket{http_request_method="POST",http_response_status_code="201",http_route="currencies/v{version:apiVersion}/admin/currencies",network_protocol_version="1.1",url_scheme="http",le="5242.88"} 1
microsoft_aspnetcore_hosting_http_server_request_duration_bucket{http_request_method="POST",http_response_status_code="201",http_route="currencies/v{version:apiVersion}/admin/currencies",network_protocol_version="1.1",url_scheme="http",le="10485.76"} 1
microsoft_aspnetcore_hosting_http_server_request_duration_bucket{http_request_method="POST",http_response_status_code="201",http_route="currencies/v{version:apiVersion}/admin/currencies",network_protocol_version="1.1",url_scheme="http",le="20971.52"} 1
microsoft_aspnetcore_hosting_http_server_request_duration_bucket{http_request_method="POST",http_response_status_code="201",http_route="currencies/v{version:apiVersion}/admin/currencies",network_protocol_version="1.1",url_scheme="http",le="41943.04"} 1
microsoft_aspnetcore_hosting_http_server_request_duration_bucket{http_request_method="POST",http_response_status_code="201",http_route="currencies/v{version:apiVersion}/admin/currencies",network_protocol_version="1.1",url_scheme="http",le="83886.08"} 1
microsoft_aspnetcore_hosting_http_server_request_duration_bucket{http_request_method="POST",http_response_status_code="201",http_route="currencies/v{version:apiVersion}/admin/currencies",network_protocol_version="1.1",url_scheme="http",le="167772.16"} 1
microsoft_aspnetcore_hosting_http_server_request_duration_bucket{http_request_method="POST",http_response_status_code="201",http_route="currencies/v{version:apiVersion}/admin/currencies",network_protocol_version="1.1",url_scheme="http",le="+Inf"} 1
microsoft_aspnetcore_hosting_http_server_request_duration_sum{http_request_method="GET",http_response_status_code="200",http_route="currencies/v{version:apiVersion}/rates",network_protocol_version="1.1",url_scheme="http"} 0.0031984
microsoft_aspnetcore_hosting_http_server_request_duration_count{http_request_method="GET",http_response_status_code="200",http_route="currencies/v{version:apiVersion}/rates",network_protocol_version="1.1",url_scheme="http"} 2
microsoft_aspnetcore_hosting_http_server_request_duration_bucket{http_request_method="GET",http_response_status_code="200",http_route="currencies/v{version:apiVersion}/rates",network_protocol_version="1.1",url_scheme="http",le="0.01"} 2
microsoft_aspnetcore_hosting_http_server_request_duration_bucket{http_request_method="GET",http_response_status_code="200",http_route="currencies/v{version:apiVersion}/rates",network_protocol_version="1.1",url_scheme="http",le="0.02"} 2
microsoft_aspnetcore_hosting_http_server_request_duration_bucket{http_request_method="GET",http_response_status_code="200",http_route="currencies/v{version:apiVersion}/rates",network_protocol_version="1.1",url_scheme="http",le="0.04"} 2
microsoft_aspnetcore_hosting_http_server_request_duration_bucket{http_request_method="GET",http_response_status_code="200",http_route="currencies/v{version:apiVersion}/rates",network_protocol_version="1.1",url_scheme="http",le="0.08"} 2
microsoft_aspnetcore_hosting_http_server_request_duration_bucket{http_request_method="GET",http_response_status_code="200",http_route="currencies/v{version:apiVersion}/rates",network_protocol_version="1.1",url_scheme="http",le="0.16"} 2
microsoft_aspnetcore_hosting_http_server_request_duration_bucket{http_request_method="GET",http_response_status_code="200",http_route="currencies/v{version:apiVersion}/rates",network_protocol_version="1.1",url_scheme="http",le="0.32"} 2
microsoft_aspnetcore_hosting_http_server_request_duration_bucket{http_request_method="GET",http_response_status_code="200",http_route="currencies/v{version:apiVersion}/rates",network_protocol_version="1.1",url_scheme="http",le="0.64"} 2
microsoft_aspnetcore_hosting_http_server_request_duration_bucket{http_request_method="GET",http_response_status_code="200",http_route="currencies/v{version:apiVersion}/rates",network_protocol_version="1.1",url_scheme="http",le="1.28"} 2
microsoft_aspnetcore_hosting_http_server_request_duration_bucket{http_request_method="GET",http_response_status_code="200",http_route="currencies/v{version:apiVersion}/rates",network_protocol_version="1.1",url_scheme="http",le="2.56"} 2
microsoft_aspnetcore_hosting_http_server_request_duration_bucket{http_request_method="GET",http_response_status_code="200",http_route="currencies/v{version:apiVersion}/rates",network_protocol_version="1.1",url_scheme="http",le="5.12"} 2
microsoft_aspnetcore_hosting_http_server_request_duration_bucket{http_request_method="GET",http_response_status_code="200",http_route="currencies/v{version:apiVersion}/rates",network_protocol_version="1.1",url_scheme="http",le="10.24"} 2
microsoft_aspnetcore_hosting_http_server_request_duration_bucket{http_request_method="GET",http_response_status_code="200",http_route="currencies/v{version:apiVersion}/rates",network_protocol_version="1.1",url_scheme="http",le="20.48"} 2
microsoft_aspnetcore_hosting_http_server_request_duration_bucket{http_request_method="GET",http_response_status_code="200",http_route="currencies/v{version:apiVersion}/rates",network_protocol_version="1.1",url_scheme="http",le="40.96"} 2
microsoft_aspnetcore_hosting_http_server_request_duration_bucket{http_request_method="GET",http_response_status_code="200",http_route="currencies/v{version:apiVersion}/rates",network_protocol_version="1.1",url_scheme="http",le="81.92"} 2
microsoft_aspnetcore_hosting_http_server_request_duration_bucket{http_request_method="GET",http_response_status_code="200",http_route="currencies/v{version:apiVersion}/rates",network_protocol_version="1.1",url_scheme="http",le="163.84"} 2
microsoft_aspnetcore_hosting_http_server_request_duration_bucket{http_request_method="GET",http_response_status_code="200",http_route="currencies/v{version:apiVersion}/rates",network_protocol_version="1.1",url_scheme="http",le="327.68"} 2
microsoft_aspnetcore_hosting_http_server_request_duration_bucket{http_request_method="GET",http_response_status_code="200",http_route="currencies/v{version:apiVersion}/rates",network_protocol_version="1.1",url_scheme="http",le="655.36"} 2
microsoft_aspnetcore_hosting_http_server_request_duration_bucket{http_request_method="GET",http_response_status_code="200",http_route="currencies/v{version:apiVersion}/rates",network_protocol_version="1.1",url_scheme="http",le="1310.72"} 2
microsoft_aspnetcore_hosting_http_server_request_duration_bucket{http_request_method="GET",http_response_status_code="200",http_route="currencies/v{version:apiVersion}/rates",network_protocol_version="1.1",url_scheme="http",le="2621.44"} 2
microsoft_aspnetcore_hosting_http_server_request_duration_bucket{http_request_method="GET",http_response_status_code="200",http_route="currencies/v{version:apiVersion}/rates",network_protocol_version="1.1",url_scheme="http",le="5242.88"} 2
microsoft_aspnetcore_hosting_http_server_request_duration_bucket{http_request_method="GET",http_response_status_code="200",http_route="currencies/v{version:apiVersion}/rates",network_protocol_version="1.1",url_scheme="http",le="10485.76"} 2
microsoft_aspnetcore_hosting_http_server_request_duration_bucket{http_request_method="GET",http_response_status_code="200",http_route="currencies/v{version:apiVersion}/rates",network_protocol_version="1.1",url_scheme="http",le="20971.52"} 2
microsoft_aspnetcore_hosting_http_server_request_duration_bucket{http_request_method="GET",http_response_status_code="200",http_route="currencies/v{version:apiVersion}/rates",network_protocol_version="1.1",url_scheme="http",le="41943.04"} 2
microsoft_aspnetcore_hosting_http_server_request_duration_bucket{http_request_method="GET",http_response_status_code="200",http_route="currencies/v{version:apiVersion}/rates",network_protocol_version="1.1",url_scheme="http",le="83886.08"} 2
microsoft_aspnetcore_hosting_http_server_request_duration_bucket{http_request_method="GET",http_response_status_code="200",http_route="currencies/v{version:apiVersion}/rates",network_protocol_version="1.1",url_scheme="http",le="167772.16"} 2
microsoft_aspnetcore_hosting_http_server_request_duration_bucket{http_request_method="GET",http_response_status_code="200",http_route="currencies/v{version:apiVersion}/rates",network_protocol_version="1.1",url_scheme="http",le="+Inf"} 2
# HELP npgsql_db_client_operation_npgsql_prepared_ratio The ratio of prepared command executions. (ObservableGauge`1)
# TYPE npgsql_db_client_operation_npgsql_prepared_ratio gauge
npgsql_db_client_operation_npgsql_prepared_ratio{db_client_connection_pool_name="Host=127.0.0.1;Port=59462;Database=currency_app_db;Username=postgres"} 0
# HELP system_runtime_dotnet_exceptions ({exception}) The number of exceptions that have been thrown in managed code. (Counter`1)
# TYPE system_runtime_dotnet_exceptions gauge
system_runtime_dotnet_exceptions{error_type="EndOfStreamException"} 42
system_runtime_dotnet_exceptions{error_type="NpgsqlException"} 84
system_runtime_dotnet_exceptions{error_type="XunitException"} 4
# HELP npgsql_db_client_connection_npgsql_create_time (s) The time it took to create a new connection. (Histogram`1)
# TYPE npgsql_db_client_connection_npgsql_create_time histogram
npgsql_db_client_connection_npgsql_create_time_sum{db_client_connection_pool_name="Host=127.0.0.1;Port=59462;Database=currency_app_db;Username=postgres"} 1.8506885
npgsql_db_client_connection_npgsql_create_time_count{db_client_connection_pool_name="Host=127.0.0.1;Port=59462;Database=currency_app_db;Username=postgres"} 21
npgsql_db_client_connection_npgsql_create_time_bucket{db_client_connection_pool_name="Host=127.0.0.1;Port=59462;Database=currency_app_db;Username=postgres",le="0.01"} 0
npgsql_db_client_connection_npgsql_create_time_bucket{db_client_connection_pool_name="Host=127.0.0.1;Port=59462;Database=currency_app_db;Username=postgres",le="0.02"} 0
npgsql_db_client_connection_npgsql_create_time_bucket{db_client_connection_pool_name="Host=127.0.0.1;Port=59462;Database=currency_app_db;Username=postgres",le="0.04"} 0
npgsql_db_client_connection_npgsql_create_time_bucket{db_client_connection_pool_name="Host=127.0.0.1;Port=59462;Database=currency_app_db;Username=postgres",le="0.08"} 5
npgsql_db_client_connection_npgsql_create_time_bucket{db_client_connection_pool_name="Host=127.0.0.1;Port=59462;Database=currency_app_db;Username=postgres",le="0.16"} 21
npgsql_db_client_connection_npgsql_create_time_bucket{db_client_connection_pool_name="Host=127.0.0.1;Port=59462;Database=currency_app_db;Username=postgres",le="0.32"} 21
npgsql_db_client_connection_npgsql_create_time_bucket{db_client_connection_pool_name="Host=127.0.0.1;Port=59462;Database=currency_app_db;Username=postgres",le="0.64"} 21
npgsql_db_client_connection_npgsql_create_time_bucket{db_client_connection_pool_name="Host=127.0.0.1;Port=59462;Database=currency_app_db;Username=postgres",le="1.28"} 21
npgsql_db_client_connection_npgsql_create_time_bucket{db_client_connection_pool_name="Host=127.0.0.1;Port=59462;Database=currency_app_db;Username=postgres",le="2.56"} 21
npgsql_db_client_connection_npgsql_create_time_bucket{db_client_connection_pool_name="Host=127.0.0.1;Port=59462;Database=currency_app_db;Username=postgres",le="5.12"} 21
npgsql_db_client_connection_npgsql_create_time_bucket{db_client_connection_pool_name="Host=127.0.0.1;Port=59462;Database=currency_app_db;Username=postgres",le="10.24"} 21
npgsql_db_client_connection_npgsql_create_time_bucket{db_client_connection_pool_name="Host=127.0.0.1;Port=59462;Database=currency_app_db;Username=postgres",le="20.48"} 21
npgsql_db_client_connection_npgsql_create_time_bucket{db_client_connection_pool_name="Host=127.0.0.1;Port=59462;Database=currency_app_db;Username=postgres",le="40.96"} 21
npgsql_db_client_connection_npgsql_create_time_bucket{db_client_connection_pool_name="Host=127.0.0.1;Port=59462;Database=currency_app_db;Username=postgres",le="81.92"} 21
npgsql_db_client_connection_npgsql_create_time_bucket{db_client_connection_pool_name="Host=127.0.0.1;Port=59462;Database=currency_app_db;Username=postgres",le="163.84"} 21
npgsql_db_client_connection_npgsql_create_time_bucket{db_client_connection_pool_name="Host=127.0.0.1;Port=59462;Database=currency_app_db;Username=postgres",le="327.68"} 21
npgsql_db_client_connection_npgsql_create_time_bucket{db_client_connection_pool_name="Host=127.0.0.1;Port=59462;Database=currency_app_db;Username=postgres",le="655.36"} 21
npgsql_db_client_connection_npgsql_create_time_bucket{db_client_connection_pool_name="Host=127.0.0.1;Port=59462;Database=currency_app_db;Username=postgres",le="1310.72"} 21
npgsql_db_client_connection_npgsql_create_time_bucket{db_client_connection_pool_name="Host=127.0.0.1;Port=59462;Database=currency_app_db;Username=postgres",le="2621.44"} 21
npgsql_db_client_connection_npgsql_create_time_bucket{db_client_connection_pool_name="Host=127.0.0.1;Port=59462;Database=currency_app_db;Username=postgres",le="5242.88"} 21
npgsql_db_client_connection_npgsql_create_time_bucket{db_client_connection_pool_name="Host=127.0.0.1;Port=59462;Database=currency_app_db;Username=postgres",le="10485.76"} 21
npgsql_db_client_connection_npgsql_create_time_bucket{db_client_connection_pool_name="Host=127.0.0.1;Port=59462;Database=currency_app_db;Username=postgres",le="20971.52"} 21
npgsql_db_client_connection_npgsql_create_time_bucket{db_client_connection_pool_name="Host=127.0.0.1;Port=59462;Database=currency_app_db;Username=postgres",le="41943.04"} 21
npgsql_db_client_connection_npgsql_create_time_bucket{db_client_connection_pool_name="Host=127.0.0.1;Port=59462;Database=currency_app_db;Username=postgres",le="83886.08"} 21
npgsql_db_client_connection_npgsql_create_time_bucket{db_client_connection_pool_name="Host=127.0.0.1;Port=59462;Database=currency_app_db;Username=postgres",le="167772.16"} 21
npgsql_db_client_connection_npgsql_create_time_bucket{db_client_connection_pool_name="Host=127.0.0.1;Port=59462;Database=currency_app_db;Username=postgres",le="+Inf"} 21
# HELP microsoft_aspnetcore_authorization_aspnetcore_authorization_attempts ({attempt}) The total number of authorization attempts. (Counter`1)
# TYPE microsoft_aspnetcore_authorization_aspnetcore_authorization_attempts gauge
microsoft_aspnetcore_authorization_aspnetcore_authorization_attempts{aspnetcore_authorization_result="success",aspnetcore_user_is_authenticated="True"} 1
" does not match.
  Stack Trace:
     at FluentAssertions.Execution.XUnit2TestFramework.Throw(String message)
   at FluentAssertions.Execution.TestFrameworkProvider.Throw(String message)
   at FluentAssertions.Execution.DefaultAssertionStrategy.HandleFailure(String message)
   at FluentAssertions.Execution.AssertionScope.FailWith(Func`1 failReasonFunc)
   at FluentAssertions.Execution.AssertionScope.FailWith(Func`1 failReasonFunc)
   at FluentAssertions.Execution.AssertionScope.FailWith(String message, Object[] args)
   at FluentAssertions.Primitives.StringAssertions`1.MatchRegex(Regex regularExpression, String because, Object[] becauseArgs)
   at FluentAssertions.Primitives.StringAssertions`1.MatchRegex(String regularExpression, String because, Object[] becauseArgs)
   at Maliev.CurrencyService.Tests.HealthAndObservabilityTests.FR052_Given_RequestsProcessed_When_MetricsQueried_Then_IncludesRequestMetrics() in R:\maliev\Maliev.CurrencyService\Maliev.CurrencyService.Tests\HealthAndObservabilityTests.cs:line 185
--- End of stack trace from previous location ---
  Passed Maliev.CurrencyService.Tests.HealthAndObservabilityTests.FR052_FR025_Given_CacheActivity_When_MetricsQueried_Then_IncludesCacheMetrics [186 ms]
  Passed Maliev.CurrencyService.Tests.HealthAndObservabilityTests.FR054_Given_ProviderFailure_When_Fallback_Then_LogsBothAttempts [57 ms]
  Passed Maliev.CurrencyService.Tests.HealthAndObservabilityTests.FR052_Given_MultipleMetricQueries_When_Executed_Then_ReturnsConsistentFormat [18 ms]
  Passed Maliev.CurrencyService.Tests.HealthAndObservabilityTests.Integration_Given_ServiceHealthy_When_BothEndpointsQueried_Then_BothSucceed [21 ms]
  Passed Maliev.CurrencyService.Tests.HealthAndObservabilityTests.FR052_Given_MetricsEndpoint_When_Accessed_Then_ReturnsPrometheusFormat [20 ms]
  Passed Maliev.CurrencyService.Tests.HealthAndObservabilityTests.FR053_Given_UpdateOperation_When_Executed_Then_LogsChangeDetails [46 ms]
  Failed Maliev.CurrencyService.Tests.HealthAndObservabilityTests.FR050_Given_LivenessEndpoint_When_CalledMultipleTimes_Then_AlwaysResponds [40 ms]
  Error Message:
   Expected responses to contain only items matching (Convert(r.StatusCode, Int32) == 200) because liveness endpoint must always respond 200, but {StatusCode: 503, ReasonPhrase: 'Service Unavailable', Version: 1.1, Content: System.Net.Http.StreamContent, Headers:
{
}, StatusCode: 503, ReasonPhrase: 'Service Unavailable', Version: 1.1, Content: System.Net.Http.StreamContent, Headers:
{
}, StatusCode: 503, ReasonPhrase: 'Service Unavailable', Version: 1.1, Content: System.Net.Http.StreamContent, Headers:
{
}, StatusCode: 503, ReasonPhrase: 'Service Unavailable', Version: 1.1, Content: System.Net.Http.StreamContent, Headers:
{
}, StatusCode: 503, ReasonPhrase: 'Service Unavailable', Version: 1.1, Content: System.Net.Http.StreamContent, Headers:
{
}, StatusCode: 503, ReasonPhrase: 'Service Unavailable', Version: 1.1, Content: System.Net.Http.StreamContent, Headers:
{
}, StatusCode: 503, ReasonPhrase: 'Service Unavailable', Version: 1.1, Content: System.Net.Http.StreamContent, Headers:
{
}, StatusCode: 503, ReasonPhrase: 'Service Unavailable', Version: 1.1, Content: System.Net.Http.StreamContent, Headers:
{
}, StatusCode: 503, ReasonPhrase: 'Service Unavailable', Version: 1.1, Content: System.Net.Http.StreamContent, Headers:
{
}, StatusCode: 503, ReasonPhrase: 'Service Unavailable', Version: 1.1, Content: System.Net.Http.StreamContent, Headers:
{
}, StatusCode: 503, ReasonPhrase: 'Service Unavailable', Version: 1.1, Content: System.Net.Http.StreamContent, Headers:
{
}, StatusCode: 503, ReasonPhrase: 'Service Unavailable', Version: 1.1, Content: System.Net.Http.StreamContent, Headers:
{
}, StatusCode: 503, ReasonPhrase: 'Service Unavailable', Version: 1.1, Content: System.Net.Http.StreamContent, Headers:
{
}, StatusCode: 503, ReasonPhrase: 'Service Unavailable', Version: 1.1, Content: System.Net.Http.StreamContent, Headers:
{
}, StatusCode: 503, ReasonPhrase: 'Service Unavailable', Version: 1.1, Content: System.Net.Http.StreamContent, Headers:
{
}, StatusCode: 503, ReasonPhrase: 'Service Unavailable', Version: 1.1, Content: System.Net.Http.StreamContent, Headers:
{
}, StatusCode: 503, ReasonPhrase: 'Service Unavailable', Version: 1.1, Content: System.Net.Http.StreamContent, Headers:
{
}, StatusCode: 503, ReasonPhrase: 'Service Unavailable', Version: 1.1, Content: System.Net.Http.StreamContent, Headers:
{
}, StatusCode: 503, ReasonPhrase: 'Service Unavailable', Version: 1.1, Content: System.Net.Http.StreamContent, Headers:
{
}, StatusCode: 503, ReasonPhrase: 'Service Unavailable', Version: 1.1, Content: System.Net.Http.StreamContent, Headers:
{
}, StatusCode: 503, ReasonPhrase: 'Service Unavailable', Version: 1.1, Content: System.Net.Http.StreamContent, Headers:
{
}, StatusCode: 503, ReasonPhrase: 'Service Unavailable', Version: 1.1, Content: System.Net.Http.StreamContent, Headers:
{
}, StatusCode: 503, ReasonPhrase: 'Service Unavailable', Version: 1.1, Content: System.Net.Http.StreamContent, Headers:
{
}, StatusCode: 503, ReasonPhrase: 'Service Unavailable', Version: 1.1, Content: System.Net.Http.StreamContent, Headers:
{
}, StatusCode: 503, ReasonPhrase: 'Service Unavailable', Version: 1.1, Content: System.Net.Http.StreamContent, Headers:
{
}, StatusCode: 503, ReasonPhrase: 'Service Unavailable', Version: 1.1, Content: System.Net.Http.StreamContent, Headers:
{
}, StatusCode: 503, ReasonPhrase: 'Service Unavailable', Version: 1.1, Content: System.Net.Http.StreamContent, Headers:
{
}, StatusCode: 503, ReasonPhrase: 'Service Unavailable', Version: 1.1, Content: System.Net.Http.StreamContent, Headers:
{
}, StatusCode: 503, ReasonPhrase: 'Service Unavailable', Version: 1.1, Content: System.Net.Http.StreamContent, Headers:
{
}, StatusCode: 503, ReasonPhrase: 'Service Unavailable', Version: 1.1, Content: System.Net.Http.StreamContent, Headers:
{
}, StatusCode: 503, ReasonPhrase: 'Service Unavailable', Version: 1.1, Content: System.Net.Http.StreamContent, Headers:
{
}, StatusCode: 503, ReasonPhrase: 'Service Unavailable', Version: 1.1, Content: System.Net.Http.StreamContent, Headers:
{
}, …more…} do(es) not match.
  Stack Trace:
     at FluentAssertions.Execution.XUnit2TestFramework.Throw(String message)
   at FluentAssertions.Execution.TestFrameworkProvider.Throw(String message)
   at FluentAssertions.Execution.DefaultAssertionStrategy.HandleFailure(String message)
   at FluentAssertions.Execution.AssertionScope.FailWith(Func`1 failReasonFunc)
   at FluentAssertions.Execution.AssertionScope.FailWith(Func`1 failReasonFunc)
   at FluentAssertions.Execution.AssertionScope.FailWith(String message, Object[] args)
   at FluentAssertions.Execution.GivenSelector`1.FailWith(String message, Object[] args)
   at FluentAssertions.Execution.GivenSelector`1.FailWith(String message, Func`2[] args)
   at FluentAssertions.Collections.GenericCollectionAssertions`3.OnlyContain(Expression`1 predicate, String because, Object[] becauseArgs)
   at Maliev.CurrencyService.Tests.HealthAndObservabilityTests.FR050_Given_LivenessEndpoint_When_CalledMultipleTimes_Then_AlwaysResponds() in R:\maliev\Maliev.CurrencyService\Maliev.CurrencyService.Tests\HealthAndObservabilityTests.cs:line 52
--- End of stack trace from previous location ---
  Passed Maliev.CurrencyService.Tests.HealthAndObservabilityTests.FR054_Given_ProviderCall_When_Executed_Then_LogsProviderAndOutcome [3 ms]

Total tests: 18
     Passed: 15
     Failed: 3
 Total time: 17.3629 Seconds
     1>Project "R:\maliev\Maliev.CurrencyService\Maliev.CurrencyService.sln" (1) is building "R:\maliev\Maliev.CurrencyService\Maliev.CurrencyService.Tests\Maliev.CurrencyService.Tests.csproj" (3) on node 3 (VSTest target(s)).
     3>_VSTestConsole:
         MSB4181: The "VSTestTask" task returned false but did not log an error.
     3>Done Building Project "R:\maliev\Maliev.CurrencyService\Maliev.CurrencyService.Tests\Maliev.CurrencyService.Tests.csproj" (VSTest target(s)) -- FAILED.
     1>Done Building Project "R:\maliev\Maliev.CurrencyService\Maliev.CurrencyService.sln" (VSTest target(s)) -- FAILED.

Build FAILED.
    0 Warning(s)
    0 Error(s)

Time Elapsed 00:00:18.64
